
AVRASM ver. 2.1.30  C:\Users\Hossein\Desktop\Micro Project Test\Slave_7\Debug\List\slave2.asm Fri Jul 05 16:29:22 2019

C:\Users\Hossein\Desktop\Micro Project Test\Slave_7\Debug\List\slave2.asm(1088): warning: Register r4 already defined by the .DEF directive
C:\Users\Hossein\Desktop\Micro Project Test\Slave_7\Debug\List\slave2.asm(1089): warning: Register r5 already defined by the .DEF directive
C:\Users\Hossein\Desktop\Micro Project Test\Slave_7\Debug\List\slave2.asm(1090): warning: Register r6 already defined by the .DEF directive
C:\Users\Hossein\Desktop\Micro Project Test\Slave_7\Debug\List\slave2.asm(1091): warning: Register r7 already defined by the .DEF directive
C:\Users\Hossein\Desktop\Micro Project Test\Slave_7\Debug\List\slave2.asm(1092): warning: Register r8 already defined by the .DEF directive
C:\Users\Hossein\Desktop\Micro Project Test\Slave_7\Debug\List\slave2.asm(1093): warning: Register r9 already defined by the .DEF directive
C:\Users\Hossein\Desktop\Micro Project Test\Slave_7\Debug\List\slave2.asm(1094): warning: Register r10 already defined by the .DEF directive
C:\Users\Hossein\Desktop\Micro Project Test\Slave_7\Debug\List\slave2.asm(1095): warning: Register r11 already defined by the .DEF directive
C:\Users\Hossein\Desktop\Micro Project Test\Slave_7\Debug\List\slave2.asm(1096): warning: Register r13 already defined by the .DEF directive
C:\Users\Hossein\Desktop\Micro Project Test\Slave_7\Debug\List\slave2.asm(1097): warning: Register r12 already defined by the .DEF directive
                 
                 
                 ;CodeVisionAVR C Compiler V3.12 Advanced
                 ;(C) Copyright 1998-2014 Pavel Haiduc, HP InfoTech s.r.l.
                 ;http://www.hpinfotech.com
                 
                 ;Build configuration    : Debug
                 ;Chip type              : ATmega32
                 ;Program type           : Application
                 ;Clock frequency        : 8.000000 MHz
                 ;Memory model           : Small
                 ;Optimize for           : Size
                 ;(s)printf features     : int, width
                 ;(s)scanf features      : int, width
                 ;External RAM size      : 0
                 ;Data Stack size        : 512 byte(s)
                 ;Heap size              : 0 byte(s)
                 ;Promote 'char' to 'int': Yes
                 ;'char' is unsigned     : Yes
                 ;8 bit enums            : Yes
                 ;Global 'const' stored in FLASH: Yes
                 ;Enhanced function parameter passing: Yes
                 ;Enhanced core instructions: On
                 ;Automatic register allocation for global variables: On
                 ;Smart register allocation: On
                 
                 	#define _MODEL_SMALL_
                 
                 	#pragma AVRPART ADMIN PART_NAME ATmega32
                 	#pragma AVRPART MEMORY PROG_FLASH 32768
                 	#pragma AVRPART MEMORY EEPROM 1024
                 	#pragma AVRPART MEMORY INT_SRAM SIZE 2048
                 	#pragma AVRPART MEMORY INT_SRAM START_ADDR 0x60
                 
                 	#define CALL_SUPPORTED 1
                 
                 	.LISTMAC
                 	.EQU UDRE=0x5
                 	.EQU RXC=0x7
                 	.EQU USR=0xB
                 	.EQU UDR=0xC
                 	.EQU SPSR=0xE
                 	.EQU SPDR=0xF
                 	.EQU EERE=0x0
                 	.EQU EEWE=0x1
                 	.EQU EEMWE=0x2
                 	.EQU EECR=0x1C
                 	.EQU EEDR=0x1D
                 	.EQU EEARL=0x1E
                 	.EQU EEARH=0x1F
                 	.EQU WDTCR=0x21
                 	.EQU MCUCR=0x35
                 	.EQU GICR=0x3B
                 	.EQU SPL=0x3D
                 	.EQU SPH=0x3E
                 	.EQU SREG=0x3F
                 
                 	.DEF R0X0=R0
                 	.DEF R0X1=R1
                 	.DEF R0X2=R2
                 	.DEF R0X3=R3
                 	.DEF R0X4=R4
                 	.DEF R0X5=R5
                 	.DEF R0X6=R6
                 	.DEF R0X7=R7
                 	.DEF R0X8=R8
                 	.DEF R0X9=R9
                 	.DEF R0XA=R10
                 	.DEF R0XB=R11
                 	.DEF R0XC=R12
                 	.DEF R0XD=R13
                 	.DEF R0XE=R14
                 	.DEF R0XF=R15
                 	.DEF R0X10=R16
                 	.DEF R0X11=R17
                 	.DEF R0X12=R18
                 	.DEF R0X13=R19
                 	.DEF R0X14=R20
                 	.DEF R0X15=R21
                 	.DEF R0X16=R22
                 	.DEF R0X17=R23
                 	.DEF R0X18=R24
                 	.DEF R0X19=R25
                 	.DEF R0X1A=R26
                 	.DEF R0X1B=R27
                 	.DEF R0X1C=R28
                 	.DEF R0X1D=R29
                 	.DEF R0X1E=R30
                 	.DEF R0X1F=R31
                 
                 	.EQU __SRAM_START=0x0060
                 	.EQU __SRAM_END=0x085F
                 	.EQU __DSTACK_SIZE=0x0200
                 	.EQU __HEAP_SIZE=0x0000
                 	.EQU __CLEAR_SRAM_SIZE=__SRAM_END-__SRAM_START+1
                 
                 	.MACRO __CPD1N
                 	CPI  R30,LOW(@0)
                 	LDI  R26,HIGH(@0)
                 	CPC  R31,R26
                 	LDI  R26,BYTE3(@0)
                 	CPC  R22,R26
                 	LDI  R26,BYTE4(@0)
                 	CPC  R23,R26
                 	.ENDM
                 
                 	.MACRO __CPD2N
                 	CPI  R26,LOW(@0)
                 	LDI  R30,HIGH(@0)
                 	CPC  R27,R30
                 	LDI  R30,BYTE3(@0)
                 	CPC  R24,R30
                 	LDI  R30,BYTE4(@0)
                 	CPC  R25,R30
                 	.ENDM
                 
                 	.MACRO __CPWRR
                 	CP   R@0,R@2
                 	CPC  R@1,R@3
                 	.ENDM
                 
                 	.MACRO __CPWRN
                 	CPI  R@0,LOW(@2)
                 	LDI  R30,HIGH(@2)
                 	CPC  R@1,R30
                 	.ENDM
                 
                 	.MACRO __ADDB1MN
                 	SUBI R30,LOW(-@0-(@1))
                 	.ENDM
                 
                 	.MACRO __ADDB2MN
                 	SUBI R26,LOW(-@0-(@1))
                 	.ENDM
                 
                 	.MACRO __ADDW1MN
                 	SUBI R30,LOW(-@0-(@1))
                 	SBCI R31,HIGH(-@0-(@1))
                 	.ENDM
                 
                 	.MACRO __ADDW2MN
                 	SUBI R26,LOW(-@0-(@1))
                 	SBCI R27,HIGH(-@0-(@1))
                 	.ENDM
                 
                 	.MACRO __ADDW1FN
                 	SUBI R30,LOW(-2*@0-(@1))
                 	SBCI R31,HIGH(-2*@0-(@1))
                 	.ENDM
                 
                 	.MACRO __ADDD1FN
                 	SUBI R30,LOW(-2*@0-(@1))
                 	SBCI R31,HIGH(-2*@0-(@1))
                 	SBCI R22,BYTE3(-2*@0-(@1))
                 	.ENDM
                 
                 	.MACRO __ADDD1N
                 	SUBI R30,LOW(-@0)
                 	SBCI R31,HIGH(-@0)
                 	SBCI R22,BYTE3(-@0)
                 	SBCI R23,BYTE4(-@0)
                 	.ENDM
                 
                 	.MACRO __ADDD2N
                 	SUBI R26,LOW(-@0)
                 	SBCI R27,HIGH(-@0)
                 	SBCI R24,BYTE3(-@0)
                 	SBCI R25,BYTE4(-@0)
                 	.ENDM
                 
                 	.MACRO __SUBD1N
                 	SUBI R30,LOW(@0)
                 	SBCI R31,HIGH(@0)
                 	SBCI R22,BYTE3(@0)
                 	SBCI R23,BYTE4(@0)
                 	.ENDM
                 
                 	.MACRO __SUBD2N
                 	SUBI R26,LOW(@0)
                 	SBCI R27,HIGH(@0)
                 	SBCI R24,BYTE3(@0)
                 	SBCI R25,BYTE4(@0)
                 	.ENDM
                 
                 	.MACRO __ANDBMNN
                 	LDS  R30,@0+(@1)
                 	ANDI R30,LOW(@2)
                 	STS  @0+(@1),R30
                 	.ENDM
                 
                 	.MACRO __ANDWMNN
                 	LDS  R30,@0+(@1)
                 	ANDI R30,LOW(@2)
                 	STS  @0+(@1),R30
                 	LDS  R30,@0+(@1)+1
                 	ANDI R30,HIGH(@2)
                 	STS  @0+(@1)+1,R30
                 	.ENDM
                 
                 	.MACRO __ANDD1N
                 	ANDI R30,LOW(@0)
                 	ANDI R31,HIGH(@0)
                 	ANDI R22,BYTE3(@0)
                 	ANDI R23,BYTE4(@0)
                 	.ENDM
                 
                 	.MACRO __ANDD2N
                 	ANDI R26,LOW(@0)
                 	ANDI R27,HIGH(@0)
                 	ANDI R24,BYTE3(@0)
                 	ANDI R25,BYTE4(@0)
                 	.ENDM
                 
                 	.MACRO __ORBMNN
                 	LDS  R30,@0+(@1)
                 	ORI  R30,LOW(@2)
                 	STS  @0+(@1),R30
                 	.ENDM
                 
                 	.MACRO __ORWMNN
                 	LDS  R30,@0+(@1)
                 	ORI  R30,LOW(@2)
                 	STS  @0+(@1),R30
                 	LDS  R30,@0+(@1)+1
                 	ORI  R30,HIGH(@2)
                 	STS  @0+(@1)+1,R30
                 	.ENDM
                 
                 	.MACRO __ORD1N
                 	ORI  R30,LOW(@0)
                 	ORI  R31,HIGH(@0)
                 	ORI  R22,BYTE3(@0)
                 	ORI  R23,BYTE4(@0)
                 	.ENDM
                 
                 	.MACRO __ORD2N
                 	ORI  R26,LOW(@0)
                 	ORI  R27,HIGH(@0)
                 	ORI  R24,BYTE3(@0)
                 	ORI  R25,BYTE4(@0)
                 	.ENDM
                 
                 	.MACRO __DELAY_USB
                 	LDI  R24,LOW(@0)
                 __DELAY_USB_LOOP:
                 	DEC  R24
                 	BRNE __DELAY_USB_LOOP
                 	.ENDM
                 
                 	.MACRO __DELAY_USW
                 	LDI  R24,LOW(@0)
                 	LDI  R25,HIGH(@0)
                 __DELAY_USW_LOOP:
                 	SBIW R24,1
                 	BRNE __DELAY_USW_LOOP
                 	.ENDM
                 
                 	.MACRO __GETD1S
                 	LDD  R30,Y+@0
                 	LDD  R31,Y+@0+1
                 	LDD  R22,Y+@0+2
                 	LDD  R23,Y+@0+3
                 	.ENDM
                 
                 	.MACRO __GETD2S
                 	LDD  R26,Y+@0
                 	LDD  R27,Y+@0+1
                 	LDD  R24,Y+@0+2
                 	LDD  R25,Y+@0+3
                 	.ENDM
                 
                 	.MACRO __PUTD1S
                 	STD  Y+@0,R30
                 	STD  Y+@0+1,R31
                 	STD  Y+@0+2,R22
                 	STD  Y+@0+3,R23
                 	.ENDM
                 
                 	.MACRO __PUTD2S
                 	STD  Y+@0,R26
                 	STD  Y+@0+1,R27
                 	STD  Y+@0+2,R24
                 	STD  Y+@0+3,R25
                 	.ENDM
                 
                 	.MACRO __PUTDZ2
                 	STD  Z+@0,R26
                 	STD  Z+@0+1,R27
                 	STD  Z+@0+2,R24
                 	STD  Z+@0+3,R25
                 	.ENDM
                 
                 	.MACRO __CLRD1S
                 	STD  Y+@0,R30
                 	STD  Y+@0+1,R30
                 	STD  Y+@0+2,R30
                 	STD  Y+@0+3,R30
                 	.ENDM
                 
                 	.MACRO __POINTB1MN
                 	LDI  R30,LOW(@0+(@1))
                 	.ENDM
                 
                 	.MACRO __POINTW1MN
                 	LDI  R30,LOW(@0+(@1))
                 	LDI  R31,HIGH(@0+(@1))
                 	.ENDM
                 
                 	.MACRO __POINTD1M
                 	LDI  R30,LOW(@0)
                 	LDI  R31,HIGH(@0)
                 	LDI  R22,BYTE3(@0)
                 	LDI  R23,BYTE4(@0)
                 	.ENDM
                 
                 	.MACRO __POINTW1FN
                 	LDI  R30,LOW(2*@0+(@1))
                 	LDI  R31,HIGH(2*@0+(@1))
                 	.ENDM
                 
                 	.MACRO __POINTD1FN
                 	LDI  R30,LOW(2*@0+(@1))
                 	LDI  R31,HIGH(2*@0+(@1))
                 	LDI  R22,BYTE3(2*@0+(@1))
                 	LDI  R23,BYTE4(2*@0+(@1))
                 	.ENDM
                 
                 	.MACRO __POINTB2MN
                 	LDI  R26,LOW(@0+(@1))
                 	.ENDM
                 
                 	.MACRO __POINTW2MN
                 	LDI  R26,LOW(@0+(@1))
                 	LDI  R27,HIGH(@0+(@1))
                 	.ENDM
                 
                 	.MACRO __POINTW2FN
                 	LDI  R26,LOW(2*@0+(@1))
                 	LDI  R27,HIGH(2*@0+(@1))
                 	.ENDM
                 
                 	.MACRO __POINTD2FN
                 	LDI  R26,LOW(2*@0+(@1))
                 	LDI  R27,HIGH(2*@0+(@1))
                 	LDI  R24,BYTE3(2*@0+(@1))
                 	LDI  R25,BYTE4(2*@0+(@1))
                 	.ENDM
                 
                 	.MACRO __POINTBRM
                 	LDI  R@0,LOW(@1)
                 	.ENDM
                 
                 	.MACRO __POINTWRM
                 	LDI  R@0,LOW(@2)
                 	LDI  R@1,HIGH(@2)
                 	.ENDM
                 
                 	.MACRO __POINTBRMN
                 	LDI  R@0,LOW(@1+(@2))
                 	.ENDM
                 
                 	.MACRO __POINTWRMN
                 	LDI  R@0,LOW(@2+(@3))
                 	LDI  R@1,HIGH(@2+(@3))
                 	.ENDM
                 
                 	.MACRO __POINTWRFN
                 	LDI  R@0,LOW(@2*2+(@3))
                 	LDI  R@1,HIGH(@2*2+(@3))
                 	.ENDM
                 
                 	.MACRO __GETD1N
                 	LDI  R30,LOW(@0)
                 	LDI  R31,HIGH(@0)
                 	LDI  R22,BYTE3(@0)
                 	LDI  R23,BYTE4(@0)
                 	.ENDM
                 
                 	.MACRO __GETD2N
                 	LDI  R26,LOW(@0)
                 	LDI  R27,HIGH(@0)
                 	LDI  R24,BYTE3(@0)
                 	LDI  R25,BYTE4(@0)
                 	.ENDM
                 
                 	.MACRO __GETB1MN
                 	LDS  R30,@0+(@1)
                 	.ENDM
                 
                 	.MACRO __GETB1HMN
                 	LDS  R31,@0+(@1)
                 	.ENDM
                 
                 	.MACRO __GETW1MN
                 	LDS  R30,@0+(@1)
                 	LDS  R31,@0+(@1)+1
                 	.ENDM
                 
                 	.MACRO __GETD1MN
                 	LDS  R30,@0+(@1)
                 	LDS  R31,@0+(@1)+1
                 	LDS  R22,@0+(@1)+2
                 	LDS  R23,@0+(@1)+3
                 	.ENDM
                 
                 	.MACRO __GETBRMN
                 	LDS  R@0,@1+(@2)
                 	.ENDM
                 
                 	.MACRO __GETWRMN
                 	LDS  R@0,@2+(@3)
                 	LDS  R@1,@2+(@3)+1
                 	.ENDM
                 
                 	.MACRO __GETWRZ
                 	LDD  R@0,Z+@2
                 	LDD  R@1,Z+@2+1
                 	.ENDM
                 
                 	.MACRO __GETD2Z
                 	LDD  R26,Z+@0
                 	LDD  R27,Z+@0+1
                 	LDD  R24,Z+@0+2
                 	LDD  R25,Z+@0+3
                 	.ENDM
                 
                 	.MACRO __GETB2MN
                 	LDS  R26,@0+(@1)
                 	.ENDM
                 
                 	.MACRO __GETW2MN
                 	LDS  R26,@0+(@1)
                 	LDS  R27,@0+(@1)+1
                 	.ENDM
                 
                 	.MACRO __GETD2MN
                 	LDS  R26,@0+(@1)
                 	LDS  R27,@0+(@1)+1
                 	LDS  R24,@0+(@1)+2
                 	LDS  R25,@0+(@1)+3
                 	.ENDM
                 
                 	.MACRO __PUTB1MN
                 	STS  @0+(@1),R30
                 	.ENDM
                 
                 	.MACRO __PUTW1MN
                 	STS  @0+(@1),R30
                 	STS  @0+(@1)+1,R31
                 	.ENDM
                 
                 	.MACRO __PUTD1MN
                 	STS  @0+(@1),R30
                 	STS  @0+(@1)+1,R31
                 	STS  @0+(@1)+2,R22
                 	STS  @0+(@1)+3,R23
                 	.ENDM
                 
                 	.MACRO __PUTB1EN
                 	LDI  R26,LOW(@0+(@1))
                 	LDI  R27,HIGH(@0+(@1))
                 	CALL __EEPROMWRB
                 	.ENDM
                 
                 	.MACRO __PUTW1EN
                 	LDI  R26,LOW(@0+(@1))
                 	LDI  R27,HIGH(@0+(@1))
                 	CALL __EEPROMWRW
                 	.ENDM
                 
                 	.MACRO __PUTD1EN
                 	LDI  R26,LOW(@0+(@1))
                 	LDI  R27,HIGH(@0+(@1))
                 	CALL __EEPROMWRD
                 	.ENDM
                 
                 	.MACRO __PUTBR0MN
                 	STS  @0+(@1),R0
                 	.ENDM
                 
                 	.MACRO __PUTBMRN
                 	STS  @0+(@1),R@2
                 	.ENDM
                 
                 	.MACRO __PUTWMRN
                 	STS  @0+(@1),R@2
                 	STS  @0+(@1)+1,R@3
                 	.ENDM
                 
                 	.MACRO __PUTBZR
                 	STD  Z+@1,R@0
                 	.ENDM
                 
                 	.MACRO __PUTWZR
                 	STD  Z+@2,R@0
                 	STD  Z+@2+1,R@1
                 	.ENDM
                 
                 	.MACRO __GETW1R
                 	MOV  R30,R@0
                 	MOV  R31,R@1
                 	.ENDM
                 
                 	.MACRO __GETW2R
                 	MOV  R26,R@0
                 	MOV  R27,R@1
                 	.ENDM
                 
                 	.MACRO __GETWRN
                 	LDI  R@0,LOW(@2)
                 	LDI  R@1,HIGH(@2)
                 	.ENDM
                 
                 	.MACRO __PUTW1R
                 	MOV  R@0,R30
                 	MOV  R@1,R31
                 	.ENDM
                 
                 	.MACRO __PUTW2R
                 	MOV  R@0,R26
                 	MOV  R@1,R27
                 	.ENDM
                 
                 	.MACRO __ADDWRN
                 	SUBI R@0,LOW(-@2)
                 	SBCI R@1,HIGH(-@2)
                 	.ENDM
                 
                 	.MACRO __ADDWRR
                 	ADD  R@0,R@2
                 	ADC  R@1,R@3
                 	.ENDM
                 
                 	.MACRO __SUBWRN
                 	SUBI R@0,LOW(@2)
                 	SBCI R@1,HIGH(@2)
                 	.ENDM
                 
                 	.MACRO __SUBWRR
                 	SUB  R@0,R@2
                 	SBC  R@1,R@3
                 	.ENDM
                 
                 	.MACRO __ANDWRN
                 	ANDI R@0,LOW(@2)
                 	ANDI R@1,HIGH(@2)
                 	.ENDM
                 
                 	.MACRO __ANDWRR
                 	AND  R@0,R@2
                 	AND  R@1,R@3
                 	.ENDM
                 
                 	.MACRO __ORWRN
                 	ORI  R@0,LOW(@2)
                 	ORI  R@1,HIGH(@2)
                 	.ENDM
                 
                 	.MACRO __ORWRR
                 	OR   R@0,R@2
                 	OR   R@1,R@3
                 	.ENDM
                 
                 	.MACRO __EORWRR
                 	EOR  R@0,R@2
                 	EOR  R@1,R@3
                 	.ENDM
                 
                 	.MACRO __GETWRS
                 	LDD  R@0,Y+@2
                 	LDD  R@1,Y+@2+1
                 	.ENDM
                 
                 	.MACRO __PUTBSR
                 	STD  Y+@1,R@0
                 	.ENDM
                 
                 	.MACRO __PUTWSR
                 	STD  Y+@2,R@0
                 	STD  Y+@2+1,R@1
                 	.ENDM
                 
                 	.MACRO __MOVEWRR
                 	MOV  R@0,R@2
                 	MOV  R@1,R@3
                 	.ENDM
                 
                 	.MACRO __INWR
                 	IN   R@0,@2
                 	IN   R@1,@2+1
                 	.ENDM
                 
                 	.MACRO __OUTWR
                 	OUT  @2+1,R@1
                 	OUT  @2,R@0
                 	.ENDM
                 
                 	.MACRO __CALL1MN
                 	LDS  R30,@0+(@1)
                 	LDS  R31,@0+(@1)+1
                 	ICALL
                 	.ENDM
                 
                 	.MACRO __CALL1FN
                 	LDI  R30,LOW(2*@0+(@1))
                 	LDI  R31,HIGH(2*@0+(@1))
                 	CALL __GETW1PF
                 	ICALL
                 	.ENDM
                 
                 	.MACRO __CALL2EN
                 	PUSH R26
                 	PUSH R27
                 	LDI  R26,LOW(@0+(@1))
                 	LDI  R27,HIGH(@0+(@1))
                 	CALL __EEPROMRDW
                 	POP  R27
                 	POP  R26
                 	ICALL
                 	.ENDM
                 
                 	.MACRO __CALL2EX
                 	SUBI R26,LOW(-@0)
                 	SBCI R27,HIGH(-@0)
                 	CALL __EEPROMRDD
                 	ICALL
                 	.ENDM
                 
                 	.MACRO __GETW1STACK
                 	IN   R30,SPL
                 	IN   R31,SPH
                 	ADIW R30,@0+1
                 	LD   R0,Z+
                 	LD   R31,Z
                 	MOV  R30,R0
                 	.ENDM
                 
                 	.MACRO __GETD1STACK
                 	IN   R30,SPL
                 	IN   R31,SPH
                 	ADIW R30,@0+1
                 	LD   R0,Z+
                 	LD   R1,Z+
                 	LD   R22,Z
                 	MOVW R30,R0
                 	.ENDM
                 
                 	.MACRO __NBST
                 	BST  R@0,@1
                 	IN   R30,SREG
                 	LDI  R31,0x40
                 	EOR  R30,R31
                 	OUT  SREG,R30
                 	.ENDM
                 
                 
                 	.MACRO __PUTB1SN
                 	LDD  R26,Y+@0
                 	LDD  R27,Y+@0+1
                 	SUBI R26,LOW(-@1)
                 	SBCI R27,HIGH(-@1)
                 	ST   X,R30
                 	.ENDM
                 
                 	.MACRO __PUTW1SN
                 	LDD  R26,Y+@0
                 	LDD  R27,Y+@0+1
                 	SUBI R26,LOW(-@1)
                 	SBCI R27,HIGH(-@1)
                 	ST   X+,R30
                 	ST   X,R31
                 	.ENDM
                 
                 	.MACRO __PUTD1SN
                 	LDD  R26,Y+@0
                 	LDD  R27,Y+@0+1
                 	SUBI R26,LOW(-@1)
                 	SBCI R27,HIGH(-@1)
                 	CALL __PUTDP1
                 	.ENDM
                 
                 	.MACRO __PUTB1SNS
                 	LDD  R26,Y+@0
                 	LDD  R27,Y+@0+1
                 	ADIW R26,@1
                 	ST   X,R30
                 	.ENDM
                 
                 	.MACRO __PUTW1SNS
                 	LDD  R26,Y+@0
                 	LDD  R27,Y+@0+1
                 	ADIW R26,@1
                 	ST   X+,R30
                 	ST   X,R31
                 	.ENDM
                 
                 	.MACRO __PUTD1SNS
                 	LDD  R26,Y+@0
                 	LDD  R27,Y+@0+1
                 	ADIW R26,@1
                 	CALL __PUTDP1
                 	.ENDM
                 
                 	.MACRO __PUTB1PMN
                 	LDS  R26,@0
                 	LDS  R27,@0+1
                 	SUBI R26,LOW(-@1)
                 	SBCI R27,HIGH(-@1)
                 	ST   X,R30
                 	.ENDM
                 
                 	.MACRO __PUTW1PMN
                 	LDS  R26,@0
                 	LDS  R27,@0+1
                 	SUBI R26,LOW(-@1)
                 	SBCI R27,HIGH(-@1)
                 	ST   X+,R30
                 	ST   X,R31
                 	.ENDM
                 
                 	.MACRO __PUTD1PMN
                 	LDS  R26,@0
                 	LDS  R27,@0+1
                 	SUBI R26,LOW(-@1)
                 	SBCI R27,HIGH(-@1)
                 	CALL __PUTDP1
                 	.ENDM
                 
                 	.MACRO __PUTB1PMNS
                 	LDS  R26,@0
                 	LDS  R27,@0+1
                 	ADIW R26,@1
                 	ST   X,R30
                 	.ENDM
                 
                 	.MACRO __PUTW1PMNS
                 	LDS  R26,@0
                 	LDS  R27,@0+1
                 	ADIW R26,@1
                 	ST   X+,R30
                 	ST   X,R31
                 	.ENDM
                 
                 	.MACRO __PUTD1PMNS
                 	LDS  R26,@0
                 	LDS  R27,@0+1
                 	ADIW R26,@1
                 	CALL __PUTDP1
                 	.ENDM
                 
                 	.MACRO __PUTB1RN
                 	MOVW R26,R@0
                 	SUBI R26,LOW(-@1)
                 	SBCI R27,HIGH(-@1)
                 	ST   X,R30
                 	.ENDM
                 
                 	.MACRO __PUTW1RN
                 	MOVW R26,R@0
                 	SUBI R26,LOW(-@1)
                 	SBCI R27,HIGH(-@1)
                 	ST   X+,R30
                 	ST   X,R31
                 	.ENDM
                 
                 	.MACRO __PUTD1RN
                 	MOVW R26,R@0
                 	SUBI R26,LOW(-@1)
                 	SBCI R27,HIGH(-@1)
                 	CALL __PUTDP1
                 	.ENDM
                 
                 	.MACRO __PUTB1RNS
                 	MOVW R26,R@0
                 	ADIW R26,@1
                 	ST   X,R30
                 	.ENDM
                 
                 	.MACRO __PUTW1RNS
                 	MOVW R26,R@0
                 	ADIW R26,@1
                 	ST   X+,R30
                 	ST   X,R31
                 	.ENDM
                 
                 	.MACRO __PUTD1RNS
                 	MOVW R26,R@0
                 	ADIW R26,@1
                 	CALL __PUTDP1
                 	.ENDM
                 
                 	.MACRO __PUTB1RON
                 	MOV  R26,R@0
                 	MOV  R27,R@1
                 	SUBI R26,LOW(-@2)
                 	SBCI R27,HIGH(-@2)
                 	ST   X,R30
                 	.ENDM
                 
                 	.MACRO __PUTW1RON
                 	MOV  R26,R@0
                 	MOV  R27,R@1
                 	SUBI R26,LOW(-@2)
                 	SBCI R27,HIGH(-@2)
                 	ST   X+,R30
                 	ST   X,R31
                 	.ENDM
                 
                 	.MACRO __PUTD1RON
                 	MOV  R26,R@0
                 	MOV  R27,R@1
                 	SUBI R26,LOW(-@2)
                 	SBCI R27,HIGH(-@2)
                 	CALL __PUTDP1
                 	.ENDM
                 
                 	.MACRO __PUTB1RONS
                 	MOV  R26,R@0
                 	MOV  R27,R@1
                 	ADIW R26,@2
                 	ST   X,R30
                 	.ENDM
                 
                 	.MACRO __PUTW1RONS
                 	MOV  R26,R@0
                 	MOV  R27,R@1
                 	ADIW R26,@2
                 	ST   X+,R30
                 	ST   X,R31
                 	.ENDM
                 
                 	.MACRO __PUTD1RONS
                 	MOV  R26,R@0
                 	MOV  R27,R@1
                 	ADIW R26,@2
                 	CALL __PUTDP1
                 	.ENDM
                 
                 
                 	.MACRO __GETB1SX
                 	MOVW R30,R28
                 	SUBI R30,LOW(-@0)
                 	SBCI R31,HIGH(-@0)
                 	LD   R30,Z
                 	.ENDM
                 
                 	.MACRO __GETB1HSX
                 	MOVW R30,R28
                 	SUBI R30,LOW(-@0)
                 	SBCI R31,HIGH(-@0)
                 	LD   R31,Z
                 	.ENDM
                 
                 	.MACRO __GETW1SX
                 	MOVW R30,R28
                 	SUBI R30,LOW(-@0)
                 	SBCI R31,HIGH(-@0)
                 	LD   R0,Z+
                 	LD   R31,Z
                 	MOV  R30,R0
                 	.ENDM
                 
                 	.MACRO __GETD1SX
                 	MOVW R30,R28
                 	SUBI R30,LOW(-@0)
                 	SBCI R31,HIGH(-@0)
                 	LD   R0,Z+
                 	LD   R1,Z+
                 	LD   R22,Z+
                 	LD   R23,Z
                 	MOVW R30,R0
                 	.ENDM
                 
                 	.MACRO __GETB2SX
                 	MOVW R26,R28
                 	SUBI R26,LOW(-@0)
                 	SBCI R27,HIGH(-@0)
                 	LD   R26,X
                 	.ENDM
                 
                 	.MACRO __GETW2SX
                 	MOVW R26,R28
                 	SUBI R26,LOW(-@0)
                 	SBCI R27,HIGH(-@0)
                 	LD   R0,X+
                 	LD   R27,X
                 	MOV  R26,R0
                 	.ENDM
                 
                 	.MACRO __GETD2SX
                 	MOVW R26,R28
                 	SUBI R26,LOW(-@0)
                 	SBCI R27,HIGH(-@0)
                 	LD   R0,X+
                 	LD   R1,X+
                 	LD   R24,X+
                 	LD   R25,X
                 	MOVW R26,R0
                 	.ENDM
                 
                 	.MACRO __GETBRSX
                 	MOVW R30,R28
                 	SUBI R30,LOW(-@1)
                 	SBCI R31,HIGH(-@1)
                 	LD   R@0,Z
                 	.ENDM
                 
                 	.MACRO __GETWRSX
                 	MOVW R30,R28
                 	SUBI R30,LOW(-@2)
                 	SBCI R31,HIGH(-@2)
                 	LD   R@0,Z+
                 	LD   R@1,Z
                 	.ENDM
                 
                 	.MACRO __GETBRSX2
                 	MOVW R26,R28
                 	SUBI R26,LOW(-@1)
                 	SBCI R27,HIGH(-@1)
                 	LD   R@0,X
                 	.ENDM
                 
                 	.MACRO __GETWRSX2
                 	MOVW R26,R28
                 	SUBI R26,LOW(-@2)
                 	SBCI R27,HIGH(-@2)
                 	LD   R@0,X+
                 	LD   R@1,X
                 	.ENDM
                 
                 	.MACRO __LSLW8SX
                 	MOVW R30,R28
                 	SUBI R30,LOW(-@0)
                 	SBCI R31,HIGH(-@0)
                 	LD   R31,Z
                 	CLR  R30
                 	.ENDM
                 
                 	.MACRO __PUTB1SX
                 	MOVW R26,R28
                 	SUBI R26,LOW(-@0)
                 	SBCI R27,HIGH(-@0)
                 	ST   X,R30
                 	.ENDM
                 
                 	.MACRO __PUTW1SX
                 	MOVW R26,R28
                 	SUBI R26,LOW(-@0)
                 	SBCI R27,HIGH(-@0)
                 	ST   X+,R30
                 	ST   X,R31
                 	.ENDM
                 
                 	.MACRO __PUTD1SX
                 	MOVW R26,R28
                 	SUBI R26,LOW(-@0)
                 	SBCI R27,HIGH(-@0)
                 	ST   X+,R30
                 	ST   X+,R31
                 	ST   X+,R22
                 	ST   X,R23
                 	.ENDM
                 
                 	.MACRO __CLRW1SX
                 	MOVW R26,R28
                 	SUBI R26,LOW(-@0)
                 	SBCI R27,HIGH(-@0)
                 	ST   X+,R30
                 	ST   X,R30
                 	.ENDM
                 
                 	.MACRO __CLRD1SX
                 	MOVW R26,R28
                 	SUBI R26,LOW(-@0)
                 	SBCI R27,HIGH(-@0)
                 	ST   X+,R30
                 	ST   X+,R30
                 	ST   X+,R30
                 	ST   X,R30
                 	.ENDM
                 
                 	.MACRO __PUTB2SX
                 	MOVW R30,R28
                 	SUBI R30,LOW(-@0)
                 	SBCI R31,HIGH(-@0)
                 	ST   Z,R26
                 	.ENDM
                 
                 	.MACRO __PUTW2SX
                 	MOVW R30,R28
                 	SUBI R30,LOW(-@0)
                 	SBCI R31,HIGH(-@0)
                 	ST   Z+,R26
                 	ST   Z,R27
                 	.ENDM
                 
                 	.MACRO __PUTD2SX
                 	MOVW R30,R28
                 	SUBI R30,LOW(-@0)
                 	SBCI R31,HIGH(-@0)
                 	ST   Z+,R26
                 	ST   Z+,R27
                 	ST   Z+,R24
                 	ST   Z,R25
                 	.ENDM
                 
                 	.MACRO __PUTBSRX
                 	MOVW R30,R28
                 	SUBI R30,LOW(-@1)
                 	SBCI R31,HIGH(-@1)
                 	ST   Z,R@0
                 	.ENDM
                 
                 	.MACRO __PUTWSRX
                 	MOVW R30,R28
                 	SUBI R30,LOW(-@2)
                 	SBCI R31,HIGH(-@2)
                 	ST   Z+,R@0
                 	ST   Z,R@1
                 	.ENDM
                 
                 	.MACRO __PUTB1SNX
                 	MOVW R26,R28
                 	SUBI R26,LOW(-@0)
                 	SBCI R27,HIGH(-@0)
                 	LD   R0,X+
                 	LD   R27,X
                 	MOV  R26,R0
                 	SUBI R26,LOW(-@1)
                 	SBCI R27,HIGH(-@1)
                 	ST   X,R30
                 	.ENDM
                 
                 	.MACRO __PUTW1SNX
                 	MOVW R26,R28
                 	SUBI R26,LOW(-@0)
                 	SBCI R27,HIGH(-@0)
                 	LD   R0,X+
                 	LD   R27,X
                 	MOV  R26,R0
                 	SUBI R26,LOW(-@1)
                 	SBCI R27,HIGH(-@1)
                 	ST   X+,R30
                 	ST   X,R31
                 	.ENDM
                 
                 	.MACRO __PUTD1SNX
                 	MOVW R26,R28
                 	SUBI R26,LOW(-@0)
                 	SBCI R27,HIGH(-@0)
                 	LD   R0,X+
                 	LD   R27,X
                 	MOV  R26,R0
                 	SUBI R26,LOW(-@1)
                 	SBCI R27,HIGH(-@1)
                 	ST   X+,R30
                 	ST   X+,R31
                 	ST   X+,R22
                 	ST   X,R23
                 	.ENDM
                 
                 	.MACRO __MULBRR
                 	MULS R@0,R@1
                 	MOVW R30,R0
                 	.ENDM
                 
                 	.MACRO __MULBRRU
                 	MUL  R@0,R@1
                 	MOVW R30,R0
                 	.ENDM
                 
                 	.MACRO __MULBRR0
                 	MULS R@0,R@1
                 	.ENDM
                 
                 	.MACRO __MULBRRU0
                 	MUL  R@0,R@1
                 	.ENDM
                 
                 	.MACRO __MULBNWRU
                 	LDI  R26,@2
                 	MUL  R26,R@0
                 	MOVW R30,R0
                 	MUL  R26,R@1
                 	ADD  R31,R0
                 	.ENDM
                 
                 ;NAME DEFINITIONS FOR GLOBAL VARIABLES ALLOCATED TO REGISTERS
                 	.DEF _previous_sum=R4
                 	.DEF _previous_sum_msb=R5
                 	.DEF _current_sum=R6
                 	.DEF _current_sum_msb=R7
                 	.DEF _str=R8
                 	.DEF _str_msb=R9
                 	.DEF _this_micro_is_called=R10
                 	.DEF _this_micro_is_called_msb=R11
                 	.DEF _rx_wr_index=R13
                 	.DEF _rx_rd_index=R12
                 
                 	.CSEG
                 	.ORG 0x00
                 
                 ;START OF CODE MARKER
                 __START_OF_CODE:
                 
                 ;INTERRUPT VECTORS
000000 940c 0049 	JMP  __RESET
000002 940c 0076 	JMP  _ext_int0_isr
000004 940c 0077 	JMP  _ext_int1_isr
000006 940c 0000 	JMP  0x00
000008 940c 0000 	JMP  0x00
00000a 940c 0000 	JMP  0x00
00000c 940c 0000 	JMP  0x00
00000e 940c 0000 	JMP  0x00
000010 940c 0000 	JMP  0x00
000012 940c 0000 	JMP  0x00
000014 940c 0000 	JMP  0x00
000016 940c 0000 	JMP  0x00
000018 940c 0000 	JMP  0x00
00001a 940c 007c 	JMP  _usart_rx_isr
00001c 940c 0000 	JMP  0x00
00001e 940c 0000 	JMP  0x00
000020 940c 0000 	JMP  0x00
000022 940c 0000 	JMP  0x00
000024 940c 0000 	JMP  0x00
000026 940c 0000 	JMP  0x00
000028 940c 0000 	JMP  0x00
                 
                 _tbl10_G100:
00002a 2710
00002b 03e8
00002c 0064
00002d 000a      	.DB  0x10,0x27,0xE8,0x3,0x64,0x0,0xA,0x0
00002e 0001      	.DB  0x1,0x0
                 _tbl16_G100:
00002f 1000
000030 0100
000031 0010
000032 0001      	.DB  0x0,0x10,0x0,0x1,0x10,0x0,0x1,0x0
                 
                 ;REGISTER BIT VARIABLES INITIALIZATION
                 __REG_BIT_VARS:
000033 0000      	.DW  0x0000
                 
                 ;GLOBAL REGISTER VARIABLES INITIALIZATION
                 __REG_VARS:
000034 0000
000035 0000      	.DB  0x0,0x0,0x0,0x0
000036 0260
000037 0000      	.DB  LOW(_0x3),HIGH(_0x3),0x0,0x0
000038 0000      	.DB  0x0,0x0
                 
                 _0x0:
000039 2500
00003a 0064      	.DB  0x0,0x25,0x64,0x0
                 _0x2020003:
00003b c080      	.DB  0x80,0xC0
                 
                 __GLOBAL_INI_TBL:
00003c 0001      	.DW  0x01
00003d 0002      	.DW  0x02
00003e 0066      	.DW  __REG_BIT_VARS*2
                 
00003f 000a      	.DW  0x0A
000040 0004      	.DW  0x04
000041 0068      	.DW  __REG_VARS*2
                 
000042 0001      	.DW  0x01
000043 0260      	.DW  _0x3
000044 0072      	.DW  _0x0*2
                 
000045 0002      	.DW  0x02
000046 026a      	.DW  __base_y_G101
000047 0076      	.DW  _0x2020003*2
                 
                 _0xFFFFFFFF:
000048 0000      	.DW  0
                 
                 #define __GLOBAL_INI_TBL_PRESENT 1
                 
                 __RESET:
000049 94f8      	CLI
00004a 27ee      	CLR  R30
00004b bbec      	OUT  EECR,R30
                 
                 ;INTERRUPT VECTORS ARE PLACED
                 ;AT THE START OF FLASH
00004c e0f1      	LDI  R31,1
00004d bffb      	OUT  GICR,R31
00004e bfeb      	OUT  GICR,R30
00004f bfe5      	OUT  MCUCR,R30
                 
                 ;CLEAR R2-R14
000050 e08d      	LDI  R24,(14-2)+1
000051 e0a2      	LDI  R26,2
000052 27bb      	CLR  R27
                 __CLEAR_REG:
000053 93ed      	ST   X+,R30
000054 958a      	DEC  R24
000055 f7e9      	BRNE __CLEAR_REG
                 
                 ;CLEAR SRAM
000056 e080      	LDI  R24,LOW(__CLEAR_SRAM_SIZE)
000057 e098      	LDI  R25,HIGH(__CLEAR_SRAM_SIZE)
000058 e6a0      	LDI  R26,__SRAM_START
                 __CLEAR_SRAM:
000059 93ed      	ST   X+,R30
00005a 9701      	SBIW R24,1
00005b f7e9      	BRNE __CLEAR_SRAM
                 
                 ;GLOBAL VARIABLES INITIALIZATION
00005c e7e8      	LDI  R30,LOW(__GLOBAL_INI_TBL*2)
00005d e0f0      	LDI  R31,HIGH(__GLOBAL_INI_TBL*2)
                 __GLOBAL_INI_NEXT:
00005e 9185      	LPM  R24,Z+
00005f 9195      	LPM  R25,Z+
000060 9700      	SBIW R24,0
000061 f061      	BREQ __GLOBAL_INI_END
000062 91a5      	LPM  R26,Z+
000063 91b5      	LPM  R27,Z+
000064 9005      	LPM  R0,Z+
000065 9015      	LPM  R1,Z+
000066 01bf      	MOVW R22,R30
000067 01f0      	MOVW R30,R0
                 __GLOBAL_INI_LOOP:
000068 9005      	LPM  R0,Z+
000069 920d      	ST   X+,R0
00006a 9701      	SBIW R24,1
00006b f7e1      	BRNE __GLOBAL_INI_LOOP
00006c 01fb      	MOVW R30,R22
00006d cff0      	RJMP __GLOBAL_INI_NEXT
                 __GLOBAL_INI_END:
                 
                 ;HARDWARE STACK POINTER INITIALIZATION
00006e e5ef      	LDI  R30,LOW(__SRAM_END-__HEAP_SIZE)
00006f bfed      	OUT  SPL,R30
000070 e0e8      	LDI  R30,HIGH(__SRAM_END-__HEAP_SIZE)
000071 bfee      	OUT  SPH,R30
                 
                 ;DATA STACK POINTER INITIALIZATION
000072 e6c0      	LDI  R28,LOW(__SRAM_START+__DSTACK_SIZE)
000073 e0d2      	LDI  R29,HIGH(__SRAM_START+__DSTACK_SIZE)
                 
000074 940c 00d5 	JMP  _main
                 
                 	.ESEG
                 	.ORG 0
                 
                 	.DSEG
                 	.ORG 0x260
                 
                 	.CSEG
                 ;/*******************************************************
                 ;This program was created by the
                 ;CodeWizardAVR V3.12 Advanced
                 ;Automatic Program Generator
                 ;© Copyright 1998-2014 Pavel Haiduc, HP InfoTech s.r.l.
                 ;http://www.hpinfotech.com
                 ;
                 ;Project :
                 ;Version :
                 ;Date    : 7/5/2019
                 ;Author  :
                 ;Company :
                 ;Comments:
                 ;
                 ;
                 ;Chip type               : ATmega32
                 ;Program type            : Application
                 ;AVR Core Clock frequency: 8.000000 MHz
                 ;Memory model            : Small
                 ;External RAM size       : 0
                 ;Data Stack size         : 512
                 ;*******************************************************/
                 ;
                 ;#include <mega32.h>
                 	#ifndef __SLEEP_DEFINED__
                 	#define __SLEEP_DEFINED__
                 	.EQU __se_bit=0x80
                 	.EQU __sm_mask=0x70
                 	.EQU __sm_powerdown=0x20
                 	.EQU __sm_powersave=0x30
                 	.EQU __sm_standby=0x60
                 	.EQU __sm_ext_standby=0x70
                 	.EQU __sm_adc_noise_red=0x10
                 	.SET power_ctrl_reg=mcucr
                 	#endif
                 ;#include <delay.h>
                 ;#include <stdio.h>
                 ;// Alphanumeric LCD functions
                 ;#include <alcd.h>
                 ;
                 ;// Declare your global variables here
                 ; int previous_sum = 0 ;
                 ; int current_sum = 0 ;
                 ; char * str = "";
                 
                 	.DSEG
                 _0x3:
000260           	.BYTE 0x1
                 ;  int this_micro_is_called = 0 ;
                 ;// External Interrupt 0 service routine
                 ;interrupt [EXT_INT0] void ext_int0_isr(void)
                 ; 0000 0025 {
                 
                 	.CSEG
                 _ext_int0_isr:
                 ; .FSTART _ext_int0_isr
                 ; 0000 0026 // Place your code here
                 ; 0000 0027 
                 ; 0000 0028 
                 ; 0000 0029 }
000076 9518      	RETI
                 ; .FEND
                 ;
                 ;// External Interrupt 1 service routine
                 ;interrupt [EXT_INT1] void ext_int1_isr(void)
                 ; 0000 002D {
                 _ext_int1_isr:
                 ; .FSTART _ext_int1_isr
000077 940e 0374 	CALL SUBOPT_0x0
                 ; 0000 002E // Place your code here
                 ; 0000 002F     lcd_clear();
000079 940e 02ed 	CALL _lcd_clear
                 ; 0000 0030 }
00007b c04b      	RJMP _0x12
                 ; .FEND
                 ;
                 ;#define DATA_REGISTER_EMPTY (1<<UDRE)
                 ;#define RX_COMPLETE (1<<RXC)
                 ;#define FRAMING_ERROR (1<<FE)
                 ;#define PARITY_ERROR (1<<UPE)
                 ;#define DATA_OVERRUN (1<<DOR)
                 ;
                 ;// USART Receiver buffer
                 ;#define RX_BUFFER_SIZE 8
                 ;char rx_buffer[RX_BUFFER_SIZE];
                 ;
                 ;#if RX_BUFFER_SIZE <= 256
                 ;unsigned char rx_wr_index=0,rx_rd_index=0;
                 ;#else
                 ;unsigned int rx_wr_index=0,rx_rd_index=0;
                 ;#endif
                 ;
                 ;#if RX_BUFFER_SIZE < 256
                 ;unsigned char rx_counter=0;
                 ;#else
                 ;unsigned int rx_counter=0;
                 ;#endif
                 ;
                 ;// This flag is set on USART Receiver buffer overflow
                 ;bit rx_buffer_overflow;
                 ;
                 ;// USART Receiver interrupt service routine
                 ;interrupt [USART_RXC] void usart_rx_isr(void)
                 ; 0000 004D {
                 _usart_rx_isr:
                 ; .FSTART _usart_rx_isr
00007c 940e 0374 	CALL SUBOPT_0x0
                 ; 0000 004E char status,data;
                 ; 0000 004F status=UCSRA;
00007e 931a      	ST   -Y,R17
00007f 930a      	ST   -Y,R16
                 ;	status -> R17
                 ;	data -> R16
000080 b11b      	IN   R17,11
                 ; 0000 0050 data=UDR;
000081 b10c      	IN   R16,12
                 ; 0000 0051 if ((status & (FRAMING_ERROR | PARITY_ERROR | DATA_OVERRUN))==0)
000082 2fe1      	MOV  R30,R17
000083 71ec      	ANDI R30,LOW(0x1C)
000084 f4b1      	BRNE _0x4
                 ; 0000 0052    {
                 ; 0000 0053    rx_buffer[rx_wr_index++]=data;
000085 2ded      	MOV  R30,R13
000086 94d3      	INC  R13
000087 e0f0      	LDI  R31,0
000088 59ef      	SUBI R30,LOW(-_rx_buffer)
000089 4ffd      	SBCI R31,HIGH(-_rx_buffer)
00008a 8300      	ST   Z,R16
                 ; 0000 0054 #if RX_BUFFER_SIZE == 256
                 ; 0000 0055    // special case for receiver buffer size=256
                 ; 0000 0056    if (++rx_counter == 0) rx_buffer_overflow=1;
                 ; 0000 0057 #else
                 ; 0000 0058    if (rx_wr_index == RX_BUFFER_SIZE) rx_wr_index=0;
00008b e0e8      	LDI  R30,LOW(8)
00008c 15ed      	CP   R30,R13
00008d f409      	BRNE _0x5
00008e 24dd      	CLR  R13
                 ; 0000 0059    if (++rx_counter == RX_BUFFER_SIZE)
                 _0x5:
00008f 91a0 0269 	LDS  R26,_rx_counter
000091 5faf      	SUBI R26,-LOW(1)
000092 93a0 0269 	STS  _rx_counter,R26
000094 30a8      	CPI  R26,LOW(0x8)
000095 f429      	BRNE _0x6
                 ; 0000 005A       {
                 ; 0000 005B       rx_counter=0;
000096 e0e0      	LDI  R30,LOW(0)
000097 93e0 0269 	STS  _rx_counter,R30
                 ; 0000 005C       rx_buffer_overflow=1;
000099 9468      	SET
00009a f820      	BLD  R2,0
                 ; 0000 005D       }
                 ; 0000 005E #endif
                 ; 0000 005F    }
                 _0x6:
                 ; 0000 0060 
                 ; 0000 0061    if ( data == 0XCC ) {
                 _0x4:
00009b 3c0c      	CPI  R16,204
00009c f421      	BRNE _0x7
                 ; 0000 0062         this_micro_is_called = 1 ;
00009d e0e1      	LDI  R30,LOW(1)
00009e e0f0      	LDI  R31,HIGH(1)
00009f 015f      	MOVW R10,R30
                 ; 0000 0063     }
                 ; 0000 0064 
                 ; 0000 0065     else if ( this_micro_is_called == 1 ) {
0000a0 c024      	RJMP _0x8
                 _0x7:
0000a1 e0e1      	LDI  R30,LOW(1)
0000a2 e0f0      	LDI  R31,HIGH(1)
0000a3 15ea      	CP   R30,R10
0000a4 05fb      	CPC  R31,R11
0000a5 f4f9      	BRNE _0x9
                 ; 0000 0066 
                 ; 0000 0067          delay_ms(10);
0000a6 e0aa      	LDI  R26,LOW(10)
0000a7 e0b0      	LDI  R27,0
0000a8 940e 03bc 	CALL _delay_ms
                 ; 0000 0068          sprintf(str , "%d",data);
0000aa 929a      	ST   -Y,R9
0000ab 928a      	ST   -Y,R8
                +
0000ac e7e3     +LDI R30 , LOW ( 2 * _0x0 + ( 1 ) )
0000ad e0f0     +LDI R31 , HIGH ( 2 * _0x0 + ( 1 ) )
                 	__POINTW1FN _0x0,1
0000ae 93fa      	ST   -Y,R31
0000af 93ea      	ST   -Y,R30
0000b0 2fe0      	MOV  R30,R16
0000b1 27ff      	CLR  R31
0000b2 2766      	CLR  R22
0000b3 2777      	CLR  R23
0000b4 940e 03d6 	CALL __PUTPARD1
0000b6 e084      	LDI  R24,4
0000b7 940e 0288 	CALL _sprintf
0000b9 9628      	ADIW R28,8
                 ; 0000 0069          lcd_puts(str);
0000ba 01d4      	MOVW R26,R8
0000bb 940e 031b 	CALL _lcd_puts
                 ; 0000 006A          //OCR0 += 20 ;
                 ; 0000 006B          OCR0 = ((20 - data ) *20 ) ;
0000bd e1e4      	LDI  R30,LOW(20)
0000be 1be0      	SUB  R30,R16
0000bf e1a4      	LDI  R26,LOW(20)
0000c0 02ea      	MULS R30,R26
0000c1 01f0      	MOVW R30,R0
0000c2 bfec      	OUT  0x3C,R30
                 ; 0000 006C          this_micro_is_called = 0;
0000c3 24aa      	CLR  R10
0000c4 24bb      	CLR  R11
                 ; 0000 006D 
                 ; 0000 006E     }
                 ; 0000 006F }
                 _0x9:
                 _0x8:
0000c5 9109      	LD   R16,Y+
0000c6 9119      	LD   R17,Y+
                 _0x12:
0000c7 91e9      	LD   R30,Y+
0000c8 bfef      	OUT  SREG,R30
0000c9 91f9      	LD   R31,Y+
0000ca 91e9      	LD   R30,Y+
0000cb 91b9      	LD   R27,Y+
0000cc 91a9      	LD   R26,Y+
0000cd 9199      	LD   R25,Y+
0000ce 9189      	LD   R24,Y+
0000cf 9179      	LD   R23,Y+
0000d0 9169      	LD   R22,Y+
0000d1 90f9      	LD   R15,Y+
0000d2 9019      	LD   R1,Y+
0000d3 9009      	LD   R0,Y+
0000d4 9518      	RETI
                 ; .FEND
                 ;
                 ;#ifndef _DEBUG_TERMINAL_IO_
                 ;// Get a character from the USART Receiver buffer
                 ;#define _ALTERNATE_GETCHAR_
                 ;#pragma used+
                 ;char getchar(void)
                 ; 0000 0076 {
                 ; 0000 0077 char data;
                 ; 0000 0078 while (rx_counter==0);
                 ;	data -> R17
                 ; 0000 0079 data=rx_buffer[rx_rd_index++];
                 ; 0000 007A #if RX_BUFFER_SIZE != 256
                 ; 0000 007B if (rx_rd_index == RX_BUFFER_SIZE) rx_rd_index=0;
                 ; 0000 007C #endif
                 ; 0000 007D #asm("cli")
                 ; 0000 007E --rx_counter;
                 ; 0000 007F #asm("sei")
                 ; 0000 0080 return data;
                 ; 0000 0081 }
                 ;#pragma used-
                 ;#endif
                 ;
                 ;// Standard Input/Output functions
                 ;
                 ;
                 ;void main(void)
                 ; 0000 0089 {
                 _main:
                 ; .FSTART _main
                 ; 0000 008A // Declare your local variables here
                 ; 0000 008B 
                 ; 0000 008C // Input/Output Ports initialization
                 ; 0000 008D // Port A initialization
                 ; 0000 008E // Function: Bit7=In Bit6=In Bit5=In Bit4=In Bit3=In Bit2=In Bit1=In Bit0=In
                 ; 0000 008F DDRA=(0<<DDA7) | (0<<DDA6) | (0<<DDA5) | (0<<DDA4) | (0<<DDA3) | (0<<DDA2) | (0<<DDA1) | (0<<DDA0);
0000d5 e0e0      	LDI  R30,LOW(0)
0000d6 bbea      	OUT  0x1A,R30
                 ; 0000 0090 // State: Bit7=T Bit6=T Bit5=T Bit4=T Bit3=T Bit2=T Bit1=T Bit0=T
                 ; 0000 0091 PORTA=(0<<PORTA7) | (0<<PORTA6) | (0<<PORTA5) | (0<<PORTA4) | (0<<PORTA3) | (0<<PORTA2) | (0<<PORTA1) | (0<<PORTA0);
0000d7 bbeb      	OUT  0x1B,R30
                 ; 0000 0092 
                 ; 0000 0093 // Port B initialization
                 ; 0000 0094 // Function: Bit7=In Bit6=In Bit5=In Bit4=In Bit3=Out Bit2=In Bit1=In Bit0=In
                 ; 0000 0095 DDRB=(0<<DDB7) | (0<<DDB6) | (0<<DDB5) | (0<<DDB4) | (1<<DDB3) | (0<<DDB2) | (0<<DDB1) | (0<<DDB0);
0000d8 e0e8      	LDI  R30,LOW(8)
0000d9 bbe7      	OUT  0x17,R30
                 ; 0000 0096 // State: Bit7=T Bit6=T Bit5=T Bit4=T Bit3=0 Bit2=T Bit1=T Bit0=T
                 ; 0000 0097 PORTB=(0<<PORTB7) | (0<<PORTB6) | (0<<PORTB5) | (0<<PORTB4) | (0<<PORTB3) | (0<<PORTB2) | (0<<PORTB1) | (0<<PORTB0);
0000da e0e0      	LDI  R30,LOW(0)
0000db bbe8      	OUT  0x18,R30
                 ; 0000 0098 
                 ; 0000 0099 // Port C initialization
                 ; 0000 009A // Function: Bit7=In Bit6=In Bit5=In Bit4=In Bit3=In Bit2=In Bit1=In Bit0=In
                 ; 0000 009B DDRC=(0<<DDC7) | (0<<DDC6) | (0<<DDC5) | (0<<DDC4) | (0<<DDC3) | (0<<DDC2) | (0<<DDC1) | (0<<DDC0);
0000dc bbe4      	OUT  0x14,R30
                 ; 0000 009C // State: Bit7=T Bit6=T Bit5=T Bit4=T Bit3=T Bit2=T Bit1=T Bit0=T
                 ; 0000 009D PORTC=(0<<PORTC7) | (0<<PORTC6) | (0<<PORTC5) | (0<<PORTC4) | (0<<PORTC3) | (0<<PORTC2) | (0<<PORTC1) | (0<<PORTC0);
0000dd bbe5      	OUT  0x15,R30
                 ; 0000 009E 
                 ; 0000 009F // Port D initialization
                 ; 0000 00A0 // Function: Bit7=In Bit6=In Bit5=In Bit4=In Bit3=In Bit2=In Bit1=In Bit0=In
                 ; 0000 00A1 DDRD=(0<<DDD7) | (0<<DDD6) | (0<<DDD5) | (0<<DDD4) | (0<<DDD3) | (0<<DDD2) | (0<<DDD1) | (0<<DDD0);
0000de bbe1      	OUT  0x11,R30
                 ; 0000 00A2 // State: Bit7=T Bit6=T Bit5=T Bit4=T Bit3=T Bit2=T Bit1=T Bit0=T
                 ; 0000 00A3 PORTD=(0<<PORTD7) | (0<<PORTD6) | (0<<PORTD5) | (0<<PORTD4) | (0<<PORTD3) | (0<<PORTD2) | (0<<PORTD1) | (0<<PORTD0);
0000df bbe2      	OUT  0x12,R30
                 ; 0000 00A4 
                 ; 0000 00A5 // Timer/Counter 0 initialization
                 ; 0000 00A6 // Clock source: System Clock
                 ; 0000 00A7 // Clock value: 125.000 kHz
                 ; 0000 00A8 // Mode: Fast PWM top=0xFF
                 ; 0000 00A9 // OC0 output: Non-Inverted PWM
                 ; 0000 00AA // Timer Period: 2.048 ms
                 ; 0000 00AB // Output Pulse(s):
                 ; 0000 00AC // OC0 Period: 2.048 ms Width: 0 us
                 ; 0000 00AD TCCR0=(1<<WGM00) | (1<<COM01) | (0<<COM00) | (1<<WGM01) | (0<<CS02) | (1<<CS01) | (1<<CS00);
0000e0 e6eb      	LDI  R30,LOW(107)
0000e1 bfe3      	OUT  0x33,R30
                 ; 0000 00AE TCNT0=0x00;
0000e2 e0e0      	LDI  R30,LOW(0)
0000e3 bfe2      	OUT  0x32,R30
                 ; 0000 00AF OCR0=0x00;
0000e4 bfec      	OUT  0x3C,R30
                 ; 0000 00B0 
                 ; 0000 00B1 // Timer/Counter 1 initialization
                 ; 0000 00B2 // Clock source: System Clock
                 ; 0000 00B3 // Clock value: Timer1 Stopped
                 ; 0000 00B4 // Mode: Normal top=0xFFFF
                 ; 0000 00B5 // OC1A output: Disconnected
                 ; 0000 00B6 // OC1B output: Disconnected
                 ; 0000 00B7 // Noise Canceler: Off
                 ; 0000 00B8 // Input Capture on Falling Edge
                 ; 0000 00B9 // Timer1 Overflow Interrupt: Off
                 ; 0000 00BA // Input Capture Interrupt: Off
                 ; 0000 00BB // Compare A Match Interrupt: Off
                 ; 0000 00BC // Compare B Match Interrupt: Off
                 ; 0000 00BD TCCR1A=(0<<COM1A1) | (0<<COM1A0) | (0<<COM1B1) | (0<<COM1B0) | (0<<WGM11) | (0<<WGM10);
0000e5 bdef      	OUT  0x2F,R30
                 ; 0000 00BE TCCR1B=(0<<ICNC1) | (0<<ICES1) | (0<<WGM13) | (0<<WGM12) | (0<<CS12) | (0<<CS11) | (0<<CS10);
0000e6 bdee      	OUT  0x2E,R30
                 ; 0000 00BF TCNT1H=0x00;
0000e7 bded      	OUT  0x2D,R30
                 ; 0000 00C0 TCNT1L=0x00;
0000e8 bdec      	OUT  0x2C,R30
                 ; 0000 00C1 ICR1H=0x00;
0000e9 bde7      	OUT  0x27,R30
                 ; 0000 00C2 ICR1L=0x00;
0000ea bde6      	OUT  0x26,R30
                 ; 0000 00C3 OCR1AH=0x00;
0000eb bdeb      	OUT  0x2B,R30
                 ; 0000 00C4 OCR1AL=0x00;
0000ec bdea      	OUT  0x2A,R30
                 ; 0000 00C5 OCR1BH=0x00;
0000ed bde9      	OUT  0x29,R30
                 ; 0000 00C6 OCR1BL=0x00;
0000ee bde8      	OUT  0x28,R30
                 ; 0000 00C7 
                 ; 0000 00C8 // Timer/Counter 2 initialization
                 ; 0000 00C9 // Clock source: System Clock
                 ; 0000 00CA // Clock value: Timer2 Stopped
                 ; 0000 00CB // Mode: Normal top=0xFF
                 ; 0000 00CC // OC2 output: Disconnected
                 ; 0000 00CD ASSR=0<<AS2;
0000ef bde2      	OUT  0x22,R30
                 ; 0000 00CE TCCR2=(0<<PWM2) | (0<<COM21) | (0<<COM20) | (0<<CTC2) | (0<<CS22) | (0<<CS21) | (0<<CS20);
0000f0 bde5      	OUT  0x25,R30
                 ; 0000 00CF TCNT2=0x00;
0000f1 bde4      	OUT  0x24,R30
                 ; 0000 00D0 OCR2=0x00;
0000f2 bde3      	OUT  0x23,R30
                 ; 0000 00D1 
                 ; 0000 00D2 // Timer(s)/Counter(s) Interrupt(s) initialization
                 ; 0000 00D3 TIMSK=(0<<OCIE2) | (0<<TOIE2) | (0<<TICIE1) | (0<<OCIE1A) | (0<<OCIE1B) | (0<<TOIE1) | (0<<OCIE0) | (0<<TOIE0);
0000f3 bfe9      	OUT  0x39,R30
                 ; 0000 00D4 
                 ; 0000 00D5 // External Interrupt(s) initialization
                 ; 0000 00D6 // INT0: On
                 ; 0000 00D7 // INT0 Mode: Rising Edge
                 ; 0000 00D8 // INT1: On
                 ; 0000 00D9 // INT1 Mode: Falling Edge
                 ; 0000 00DA // INT2: Off
                 ; 0000 00DB GICR|=(1<<INT1) | (1<<INT0) | (0<<INT2);
0000f4 b7eb      	IN   R30,0x3B
0000f5 6ce0      	ORI  R30,LOW(0xC0)
0000f6 bfeb      	OUT  0x3B,R30
                 ; 0000 00DC MCUCR=(1<<ISC11) | (0<<ISC10) | (1<<ISC01) | (1<<ISC00);
0000f7 e0eb      	LDI  R30,LOW(11)
0000f8 bfe5      	OUT  0x35,R30
                 ; 0000 00DD MCUCSR=(0<<ISC2);
0000f9 e0e0      	LDI  R30,LOW(0)
0000fa bfe4      	OUT  0x34,R30
                 ; 0000 00DE GIFR=(1<<INTF1) | (1<<INTF0) | (0<<INTF2);
0000fb ece0      	LDI  R30,LOW(192)
0000fc bfea      	OUT  0x3A,R30
                 ; 0000 00DF 
                 ; 0000 00E0 // USART initialization
                 ; 0000 00E1 // Communication Parameters: 8 Data, 1 Stop, No Parity
                 ; 0000 00E2 // USART Receiver: On
                 ; 0000 00E3 // USART Transmitter: Off
                 ; 0000 00E4 // USART Mode: Asynchronous
                 ; 0000 00E5 // USART Baud Rate: 9600
                 ; 0000 00E6 UCSRA=(0<<RXC) | (0<<TXC) | (0<<UDRE) | (0<<FE) | (0<<DOR) | (0<<UPE) | (0<<U2X) | (0<<MPCM);
0000fd e0e0      	LDI  R30,LOW(0)
0000fe b9eb      	OUT  0xB,R30
                 ; 0000 00E7 UCSRB=(1<<RXCIE) | (0<<TXCIE) | (0<<UDRIE) | (1<<RXEN) | (0<<TXEN) | (0<<UCSZ2) | (0<<RXB8) | (0<<TXB8);
0000ff e9e0      	LDI  R30,LOW(144)
000100 b9ea      	OUT  0xA,R30
                 ; 0000 00E8 UCSRC=(1<<URSEL) | (0<<UMSEL) | (0<<UPM1) | (0<<UPM0) | (0<<USBS) | (1<<UCSZ1) | (1<<UCSZ0) | (0<<UCPOL);
000101 e8e6      	LDI  R30,LOW(134)
000102 bde0      	OUT  0x20,R30
                 ; 0000 00E9 UBRRH=0x00;
000103 e0e0      	LDI  R30,LOW(0)
000104 bde0      	OUT  0x20,R30
                 ; 0000 00EA UBRRL=0x33;
000105 e3e3      	LDI  R30,LOW(51)
000106 b9e9      	OUT  0x9,R30
                 ; 0000 00EB 
                 ; 0000 00EC // Analog Comparator initialization
                 ; 0000 00ED // Analog Comparator: Off
                 ; 0000 00EE // The Analog Comparator's positive input is
                 ; 0000 00EF // connected to the AIN0 pin
                 ; 0000 00F0 // The Analog Comparator's negative input is
                 ; 0000 00F1 // connected to the AIN1 pin
                 ; 0000 00F2 ACSR=(1<<ACD) | (0<<ACBG) | (0<<ACO) | (0<<ACI) | (0<<ACIE) | (0<<ACIC) | (0<<ACIS1) | (0<<ACIS0);
000107 e8e0      	LDI  R30,LOW(128)
000108 b9e8      	OUT  0x8,R30
                 ; 0000 00F3 SFIOR=(0<<ACME);
000109 e0e0      	LDI  R30,LOW(0)
00010a bfe0      	OUT  0x30,R30
                 ; 0000 00F4 
                 ; 0000 00F5 // ADC initialization
                 ; 0000 00F6 // ADC disabled
                 ; 0000 00F7 ADCSRA=(0<<ADEN) | (0<<ADSC) | (0<<ADATE) | (0<<ADIF) | (0<<ADIE) | (0<<ADPS2) | (0<<ADPS1) | (0<<ADPS0);
00010b b9e6      	OUT  0x6,R30
                 ; 0000 00F8 
                 ; 0000 00F9 // SPI initialization
                 ; 0000 00FA // SPI disabled
                 ; 0000 00FB SPCR=(0<<SPIE) | (0<<SPE) | (0<<DORD) | (0<<MSTR) | (0<<CPOL) | (0<<CPHA) | (0<<SPR1) | (0<<SPR0);
00010c b9ed      	OUT  0xD,R30
                 ; 0000 00FC 
                 ; 0000 00FD // TWI initialization
                 ; 0000 00FE // TWI disabled
                 ; 0000 00FF TWCR=(0<<TWEA) | (0<<TWSTA) | (0<<TWSTO) | (0<<TWEN) | (0<<TWIE);
00010d bfe6      	OUT  0x36,R30
                 ; 0000 0100 
                 ; 0000 0101 // Alphanumeric LCD initialization
                 ; 0000 0102 // Connections are specified in the
                 ; 0000 0103 // Project|Configure|C Compiler|Libraries|Alphanumeric LCD menu:
                 ; 0000 0104 // RS - PORTC Bit 0
                 ; 0000 0105 // RD - PORTC Bit 1
                 ; 0000 0106 // EN - PORTC Bit 2
                 ; 0000 0107 // D4 - PORTC Bit 4
                 ; 0000 0108 // D5 - PORTC Bit 5
                 ; 0000 0109 // D6 - PORTC Bit 6
                 ; 0000 010A // D7 - PORTC Bit 7
                 ; 0000 010B // Characters/line: 16
                 ; 0000 010C lcd_init(16);
00010e e1a0      	LDI  R26,LOW(16)
00010f 940e 032c 	CALL _lcd_init
                 ; 0000 010D 
                 ; 0000 010E // Global enable interrupts
                 ; 0000 010F #asm("sei")
000111 9478      	sei
                 ; 0000 0110 
                 ; 0000 0111 while (1)
                 _0xE:
                 ; 0000 0112       {
                 ; 0000 0113       // Place your code here
                 ; 0000 0114 
                 ; 0000 0115       }
000112 cfff      	RJMP _0xE
                 ; 0000 0116 }
                 _0x11:
000113 cfff      	RJMP _0x11
                 ; .FEND
                 	#ifndef __SLEEP_DEFINED__
                 	#endif
                 
                 	.CSEG
                 _put_buff_G100:
                 ; .FSTART _put_buff_G100
000114 93ba      	ST   -Y,R27
000115 93aa      	ST   -Y,R26
000116 931a      	ST   -Y,R17
000117 930a      	ST   -Y,R16
000118 81aa      	LDD  R26,Y+2
000119 81bb      	LDD  R27,Y+2+1
00011a 9612      	ADIW R26,2
00011b 940e 03ce 	CALL __GETW1P
00011d 9730      	SBIW R30,0
00011e f159      	BREQ _0x2000010
00011f 81aa      	LDD  R26,Y+2
000120 81bb      	LDD  R27,Y+2+1
000121 9614      	ADIW R26,4
000122 940e 03ce 	CALL __GETW1P
000124 018f      	MOVW R16,R30
000125 9730      	SBIW R30,0
000126 f061      	BREQ _0x2000012
                +
000127 3002     +CPI R16 , LOW ( 2 )
000128 e0e0     +LDI R30 , HIGH ( 2 )
000129 071e     +CPC R17 , R30
                 	__CPWRN 16,17,2
00012a f098      	BRLO _0x2000013
00012b 01f8      	MOVW R30,R16
00012c 9731      	SBIW R30,1
00012d 018f      	MOVW R16,R30
                +
00012e 81aa     +LDD R26 , Y + 2
00012f 81bb     +LDD R27 , Y + 2 + 1
000130 9614     +ADIW R26 , 4
000131 93ed     +ST X + , R30
000132 93fc     +ST X , R31
                 	__PUTW1SNS 2,4
                 _0x2000012:
000133 81aa      	LDD  R26,Y+2
000134 81bb      	LDD  R27,Y+2+1
000135 9612      	ADIW R26,2
000136 91ed      	LD   R30,X+
000137 91fd      	LD   R31,X+
000138 9631      	ADIW R30,1
000139 93fe      	ST   -X,R31
00013a 93ee      	ST   -X,R30
00013b 9731      	SBIW R30,1
00013c 81ac      	LDD  R26,Y+4
00013d 83a0      	STD  Z+0,R26
                 _0x2000013:
00013e 81aa      	LDD  R26,Y+2
00013f 81bb      	LDD  R27,Y+2+1
000140 940e 03ce 	CALL __GETW1P
000142 23ff      	TST  R31
000143 f02a      	BRMI _0x2000014
000144 91ed      	LD   R30,X+
000145 91fd      	LD   R31,X+
000146 9631      	ADIW R30,1
000147 93fe      	ST   -X,R31
000148 93ee      	ST   -X,R30
                 _0x2000014:
000149 c006      	RJMP _0x2000015
                 _0x2000010:
00014a 81aa      	LDD  R26,Y+2
00014b 81bb      	LDD  R27,Y+2+1
00014c efef      	LDI  R30,LOW(65535)
00014d efff      	LDI  R31,HIGH(65535)
00014e 93ed      	ST   X+,R30
00014f 93fc      	ST   X,R31
                 _0x2000015:
000150 8119      	LDD  R17,Y+1
000151 8108      	LDD  R16,Y+0
000152 9625      	ADIW R28,5
000153 9508      	RET
                 ; .FEND
                 __print_G100:
                 ; .FSTART __print_G100
000154 93ba      	ST   -Y,R27
000155 93aa      	ST   -Y,R26
000156 9726      	SBIW R28,6
000157 940e 03db 	CALL __SAVELOCR6
000159 e010      	LDI  R17,0
00015a 85ac      	LDD  R26,Y+12
00015b 85bd      	LDD  R27,Y+12+1
00015c e0e0      	LDI  R30,LOW(0)
00015d e0f0      	LDI  R31,HIGH(0)
00015e 93ed      	ST   X+,R30
00015f 93fc      	ST   X,R31
                 _0x2000016:
000160 89ea      	LDD  R30,Y+18
000161 89fb      	LDD  R31,Y+18+1
000162 9631      	ADIW R30,1
000163 8bea      	STD  Y+18,R30
000164 8bfb      	STD  Y+18+1,R31
000165 9731      	SBIW R30,1
000166 91e4      	LPM  R30,Z
000167 2f2e      	MOV  R18,R30
000168 30e0      	CPI  R30,0
000169 f409      	BRNE PC+2
00016a c115      	RJMP _0x2000018
00016b 2fe1      	MOV  R30,R17
00016c 30e0      	CPI  R30,0
00016d f439      	BRNE _0x200001C
00016e 3225      	CPI  R18,37
00016f f411      	BRNE _0x200001D
000170 e011      	LDI  R17,LOW(1)
000171 c002      	RJMP _0x200001E
                 _0x200001D:
000172 940e 0382 	CALL SUBOPT_0x1
                 _0x200001E:
000174 c10a      	RJMP _0x200001B
                 _0x200001C:
000175 30e1      	CPI  R30,LOW(0x1)
000176 f4a9      	BRNE _0x200001F
000177 3225      	CPI  R18,37
000178 f419      	BRNE _0x2000020
000179 940e 0382 	CALL SUBOPT_0x1
00017b c102      	RJMP _0x20000CC
                 _0x2000020:
00017c e012      	LDI  R17,LOW(2)
00017d e040      	LDI  R20,LOW(0)
00017e e000      	LDI  R16,LOW(0)
00017f 322d      	CPI  R18,45
000180 f411      	BRNE _0x2000021
000181 e001      	LDI  R16,LOW(1)
000182 c0fc      	RJMP _0x200001B
                 _0x2000021:
000183 322b      	CPI  R18,43
000184 f411      	BRNE _0x2000022
000185 e24b      	LDI  R20,LOW(43)
000186 c0f8      	RJMP _0x200001B
                 _0x2000022:
000187 3220      	CPI  R18,32
000188 f411      	BRNE _0x2000023
000189 e240      	LDI  R20,LOW(32)
00018a c0f4      	RJMP _0x200001B
                 _0x2000023:
00018b c002      	RJMP _0x2000024
                 _0x200001F:
00018c 30e2      	CPI  R30,LOW(0x2)
00018d f439      	BRNE _0x2000025
                 _0x2000024:
00018e e050      	LDI  R21,LOW(0)
00018f e013      	LDI  R17,LOW(3)
000190 3320      	CPI  R18,48
000191 f411      	BRNE _0x2000026
000192 6800      	ORI  R16,LOW(128)
000193 c0eb      	RJMP _0x200001B
                 _0x2000026:
000194 c003      	RJMP _0x2000027
                 _0x2000025:
000195 30e3      	CPI  R30,LOW(0x3)
000196 f009      	BREQ PC+2
000197 c0e7      	RJMP _0x200001B
                 _0x2000027:
000198 3320      	CPI  R18,48
000199 f010      	BRLO _0x200002A
00019a 332a      	CPI  R18,58
00019b f008      	BRLO _0x200002B
                 _0x200002A:
00019c c007      	RJMP _0x2000029
                 _0x200002B:
00019d e0aa      	LDI  R26,LOW(10)
00019e 9f5a      	MUL  R21,R26
00019f 2d50      	MOV  R21,R0
0001a0 2fe2      	MOV  R30,R18
0001a1 53e0      	SUBI R30,LOW(48)
0001a2 0f5e      	ADD  R21,R30
0001a3 c0db      	RJMP _0x200001B
                 _0x2000029:
0001a4 2fe2      	MOV  R30,R18
0001a5 36e3      	CPI  R30,LOW(0x63)
0001a6 f449      	BRNE _0x200002F
0001a7 940e 0389 	CALL SUBOPT_0x2
0001a9 89e8      	LDD  R30,Y+16
0001aa 89f9      	LDD  R31,Y+16+1
0001ab 81a4      	LDD  R26,Z+4
0001ac 93aa      	ST   -Y,R26
0001ad 940e 038f 	CALL SUBOPT_0x3
0001af c0ce      	RJMP _0x2000030
                 _0x200002F:
0001b0 37e3      	CPI  R30,LOW(0x73)
0001b1 f441      	BRNE _0x2000032
0001b2 940e 0389 	CALL SUBOPT_0x2
0001b4 940e 0395 	CALL SUBOPT_0x4
0001b6 940e 035b 	CALL _strlen
0001b8 2f1e      	MOV  R17,R30
0001b9 c00a      	RJMP _0x2000033
                 _0x2000032:
0001ba 37e0      	CPI  R30,LOW(0x70)
0001bb f461      	BRNE _0x2000035
0001bc 940e 0389 	CALL SUBOPT_0x2
0001be 940e 0395 	CALL SUBOPT_0x4
0001c0 940e 0367 	CALL _strlenf
0001c2 2f1e      	MOV  R17,R30
0001c3 6008      	ORI  R16,LOW(8)
                 _0x2000033:
0001c4 6002      	ORI  R16,LOW(2)
0001c5 770f      	ANDI R16,LOW(127)
0001c6 e030      	LDI  R19,LOW(0)
0001c7 c034      	RJMP _0x2000036
                 _0x2000035:
0001c8 36e4      	CPI  R30,LOW(0x64)
0001c9 f011      	BREQ _0x2000039
0001ca 36e9      	CPI  R30,LOW(0x69)
0001cb f411      	BRNE _0x200003A
                 _0x2000039:
0001cc 6004      	ORI  R16,LOW(4)
0001cd c002      	RJMP _0x200003B
                 _0x200003A:
0001ce 37e5      	CPI  R30,LOW(0x75)
0001cf f431      	BRNE _0x200003C
                 _0x200003B:
0001d0 e5e4      	LDI  R30,LOW(_tbl10_G100*2)
0001d1 e0f0      	LDI  R31,HIGH(_tbl10_G100*2)
0001d2 83ee      	STD  Y+6,R30
0001d3 83ff      	STD  Y+6+1,R31
0001d4 e015      	LDI  R17,LOW(5)
0001d5 c00c      	RJMP _0x200003D
                 _0x200003C:
0001d6 35e8      	CPI  R30,LOW(0x58)
0001d7 f411      	BRNE _0x200003F
0001d8 6008      	ORI  R16,LOW(8)
0001d9 c003      	RJMP _0x2000040
                 _0x200003F:
0001da 37e8      	CPI  R30,LOW(0x78)
0001db f009      	BREQ PC+2
0001dc c0a1      	RJMP _0x2000071
                 _0x2000040:
0001dd e5ee      	LDI  R30,LOW(_tbl16_G100*2)
0001de e0f0      	LDI  R31,HIGH(_tbl16_G100*2)
0001df 83ee      	STD  Y+6,R30
0001e0 83ff      	STD  Y+6+1,R31
0001e1 e014      	LDI  R17,LOW(4)
                 _0x200003D:
0001e2 ff02      	SBRS R16,2
0001e3 c014      	RJMP _0x2000042
0001e4 940e 0389 	CALL SUBOPT_0x2
0001e6 940e 039f 	CALL SUBOPT_0x5
0001e8 85ab      	LDD  R26,Y+11
0001e9 23aa      	TST  R26
0001ea f43a      	BRPL _0x2000043
0001eb 85ea      	LDD  R30,Y+10
0001ec 85fb      	LDD  R31,Y+10+1
0001ed 940e 03ca 	CALL __ANEGW1
0001ef 87ea      	STD  Y+10,R30
0001f0 87fb      	STD  Y+10+1,R31
0001f1 e24d      	LDI  R20,LOW(45)
                 _0x2000043:
0001f2 3040      	CPI  R20,0
0001f3 f011      	BREQ _0x2000044
0001f4 5f1f      	SUBI R17,-LOW(1)
0001f5 c001      	RJMP _0x2000045
                 _0x2000044:
0001f6 7f0b      	ANDI R16,LOW(251)
                 _0x2000045:
0001f7 c004      	RJMP _0x2000046
                 _0x2000042:
0001f8 940e 0389 	CALL SUBOPT_0x2
0001fa 940e 039f 	CALL SUBOPT_0x5
                 _0x2000046:
                 _0x2000036:
0001fc fd00      	SBRC R16,0
0001fd c011      	RJMP _0x2000047
                 _0x2000048:
0001fe 1715      	CP   R17,R21
0001ff f478      	BRSH _0x200004A
000200 ff07      	SBRS R16,7
000201 c008      	RJMP _0x200004B
000202 ff02      	SBRS R16,2
000203 c004      	RJMP _0x200004C
000204 7f0b      	ANDI R16,LOW(251)
000205 2f24      	MOV  R18,R20
000206 5011      	SUBI R17,LOW(1)
000207 c001      	RJMP _0x200004D
                 _0x200004C:
000208 e320      	LDI  R18,LOW(48)
                 _0x200004D:
000209 c001      	RJMP _0x200004E
                 _0x200004B:
00020a e220      	LDI  R18,LOW(32)
                 _0x200004E:
00020b 940e 0382 	CALL SUBOPT_0x1
00020d 5051      	SUBI R21,LOW(1)
00020e cfef      	RJMP _0x2000048
                 _0x200004A:
                 _0x2000047:
00020f 2f31      	MOV  R19,R17
000210 ff01      	SBRS R16,1
000211 c017      	RJMP _0x200004F
                 _0x2000050:
000212 3030      	CPI  R19,0
000213 f0a1      	BREQ _0x2000052
000214 ff03      	SBRS R16,3
000215 c006      	RJMP _0x2000053
000216 81ee      	LDD  R30,Y+6
000217 81ff      	LDD  R31,Y+6+1
000218 9125      	LPM  R18,Z+
000219 83ee      	STD  Y+6,R30
00021a 83ff      	STD  Y+6+1,R31
00021b c005      	RJMP _0x2000054
                 _0x2000053:
00021c 81ae      	LDD  R26,Y+6
00021d 81bf      	LDD  R27,Y+6+1
00021e 912d      	LD   R18,X+
00021f 83ae      	STD  Y+6,R26
000220 83bf      	STD  Y+6+1,R27
                 _0x2000054:
000221 940e 0382 	CALL SUBOPT_0x1
000223 3050      	CPI  R21,0
000224 f009      	BREQ _0x2000055
000225 5051      	SUBI R21,LOW(1)
                 _0x2000055:
000226 5031      	SUBI R19,LOW(1)
000227 cfea      	RJMP _0x2000050
                 _0x2000052:
000228 c04b      	RJMP _0x2000056
                 _0x200004F:
                 _0x2000058:
000229 e320      	LDI  R18,LOW(48)
00022a 81ee      	LDD  R30,Y+6
00022b 81ff      	LDD  R31,Y+6+1
00022c 940e 03d2 	CALL __GETW1PF
00022e 87e8      	STD  Y+8,R30
00022f 87f9      	STD  Y+8+1,R31
000230 81ee      	LDD  R30,Y+6
000231 81ff      	LDD  R31,Y+6+1
000232 9632      	ADIW R30,2
000233 83ee      	STD  Y+6,R30
000234 83ff      	STD  Y+6+1,R31
                 _0x200005A:
000235 85e8      	LDD  R30,Y+8
000236 85f9      	LDD  R31,Y+8+1
000237 85aa      	LDD  R26,Y+10
000238 85bb      	LDD  R27,Y+10+1
000239 17ae      	CP   R26,R30
00023a 07bf      	CPC  R27,R31
00023b f050      	BRLO _0x200005C
00023c 5f2f      	SUBI R18,-LOW(1)
00023d 85a8      	LDD  R26,Y+8
00023e 85b9      	LDD  R27,Y+8+1
00023f 85ea      	LDD  R30,Y+10
000240 85fb      	LDD  R31,Y+10+1
000241 1bea      	SUB  R30,R26
000242 0bfb      	SBC  R31,R27
000243 87ea      	STD  Y+10,R30
000244 87fb      	STD  Y+10+1,R31
000245 cfef      	RJMP _0x200005A
                 _0x200005C:
000246 332a      	CPI  R18,58
000247 f028      	BRLO _0x200005D
000248 ff03      	SBRS R16,3
000249 c002      	RJMP _0x200005E
00024a 5f29      	SUBI R18,-LOW(7)
00024b c001      	RJMP _0x200005F
                 _0x200005E:
00024c 5d29      	SUBI R18,-LOW(39)
                 _0x200005F:
                 _0x200005D:
00024d fd04      	SBRC R16,4
00024e c01a      	RJMP _0x2000061
00024f 3321      	CPI  R18,49
000250 f420      	BRSH _0x2000063
000251 85a8      	LDD  R26,Y+8
000252 85b9      	LDD  R27,Y+8+1
000253 9711      	SBIW R26,1
000254 f409      	BRNE _0x2000062
                 _0x2000063:
000255 c009      	RJMP _0x20000CD
                 _0x2000062:
000256 1753      	CP   R21,R19
000257 f010      	BRLO _0x2000067
000258 ff00      	SBRS R16,0
000259 c001      	RJMP _0x2000068
                 _0x2000067:
00025a c013      	RJMP _0x2000066
                 _0x2000068:
00025b e220      	LDI  R18,LOW(32)
00025c ff07      	SBRS R16,7
00025d c00b      	RJMP _0x2000069
00025e e320      	LDI  R18,LOW(48)
                 _0x20000CD:
00025f 6100      	ORI  R16,LOW(16)
000260 ff02      	SBRS R16,2
000261 c007      	RJMP _0x200006A
000262 7f0b      	ANDI R16,LOW(251)
000263 934a      	ST   -Y,R20
000264 940e 038f 	CALL SUBOPT_0x3
000266 3050      	CPI  R21,0
000267 f009      	BREQ _0x200006B
000268 5051      	SUBI R21,LOW(1)
                 _0x200006B:
                 _0x200006A:
                 _0x2000069:
                 _0x2000061:
000269 940e 0382 	CALL SUBOPT_0x1
00026b 3050      	CPI  R21,0
00026c f009      	BREQ _0x200006C
00026d 5051      	SUBI R21,LOW(1)
                 _0x200006C:
                 _0x2000066:
00026e 5031      	SUBI R19,LOW(1)
00026f 85a8      	LDD  R26,Y+8
000270 85b9      	LDD  R27,Y+8+1
000271 9712      	SBIW R26,2
000272 f008      	BRLO _0x2000059
000273 cfb5      	RJMP _0x2000058
                 _0x2000059:
                 _0x2000056:
000274 ff00      	SBRS R16,0
000275 c008      	RJMP _0x200006D
                 _0x200006E:
000276 3050      	CPI  R21,0
000277 f031      	BREQ _0x2000070
000278 5051      	SUBI R21,LOW(1)
000279 e2e0      	LDI  R30,LOW(32)
00027a 93ea      	ST   -Y,R30
00027b 940e 038f 	CALL SUBOPT_0x3
00027d cff8      	RJMP _0x200006E
                 _0x2000070:
                 _0x200006D:
                 _0x2000071:
                 _0x2000030:
                 _0x20000CC:
00027e e010      	LDI  R17,LOW(0)
                 _0x200001B:
00027f cee0      	RJMP _0x2000016
                 _0x2000018:
000280 85ac      	LDD  R26,Y+12
000281 85bd      	LDD  R27,Y+12+1
000282 940e 03ce 	CALL __GETW1P
000284 940e 03e2 	CALL __LOADLOCR6
000286 9664      	ADIW R28,20
000287 9508      	RET
                 ; .FEND
                 _sprintf:
                 ; .FSTART _sprintf
000288 92ff      	PUSH R15
000289 2ef8      	MOV  R15,R24
00028a 9726      	SBIW R28,6
00028b 940e 03dd 	CALL __SAVELOCR4
00028d 940e 03a7 	CALL SUBOPT_0x6
00028f 9730      	SBIW R30,0
000290 f419      	BRNE _0x2000072
000291 efef      	LDI  R30,LOW(65535)
000292 efff      	LDI  R31,HIGH(65535)
000293 c023      	RJMP _0x2080002
                 _0x2000072:
000294 01de      	MOVW R26,R28
000295 9616      	ADIW R26,6
000296 940e 03c6 	CALL __ADDW2R15
000298 018d      	MOVW R16,R26
000299 940e 03a7 	CALL SUBOPT_0x6
00029b 83ee      	STD  Y+6,R30
00029c 83ff      	STD  Y+6+1,R31
00029d e0e0      	LDI  R30,LOW(0)
00029e 87e8      	STD  Y+8,R30
00029f 87e9      	STD  Y+8+1,R30
0002a0 01de      	MOVW R26,R28
0002a1 961a      	ADIW R26,10
0002a2 940e 03c6 	CALL __ADDW2R15
0002a4 940e 03ce 	CALL __GETW1P
0002a6 93fa      	ST   -Y,R31
0002a7 93ea      	ST   -Y,R30
0002a8 931a      	ST   -Y,R17
0002a9 930a      	ST   -Y,R16
0002aa e1e4      	LDI  R30,LOW(_put_buff_G100)
0002ab e0f1      	LDI  R31,HIGH(_put_buff_G100)
0002ac 93fa      	ST   -Y,R31
0002ad 93ea      	ST   -Y,R30
0002ae 01de      	MOVW R26,R28
0002af 961a      	ADIW R26,10
0002b0 dea3      	RCALL __print_G100
0002b1 019f      	MOVW R18,R30
0002b2 81ae      	LDD  R26,Y+6
0002b3 81bf      	LDD  R27,Y+6+1
0002b4 e0e0      	LDI  R30,LOW(0)
0002b5 93ec      	ST   X,R30
0002b6 01f9      	MOVW R30,R18
                 _0x2080002:
0002b7 940e 03e4 	CALL __LOADLOCR4
0002b9 962a      	ADIW R28,10
0002ba 90ff      	POP  R15
0002bb 9508      	RET
                 ; .FEND
                 	#ifndef __SLEEP_DEFINED__
                 	#endif
                 
                 	.DSEG
                 
                 	.CSEG
                 __lcd_write_nibble_G101:
                 ; .FSTART __lcd_write_nibble_G101
0002bc 93aa      	ST   -Y,R26
0002bd b3e5      	IN   R30,0x15
0002be 70ef      	ANDI R30,LOW(0xF)
0002bf 2fae      	MOV  R26,R30
0002c0 81e8      	LD   R30,Y
0002c1 7fe0      	ANDI R30,LOW(0xF0)
0002c2 2bea      	OR   R30,R26
0002c3 bbe5      	OUT  0x15,R30
                +
0002c4 e08d     +LDI R24 , LOW ( 13 )
                +__DELAY_USB_LOOP :
0002c5 958a     +DEC R24
0002c6 f7f1     +BRNE __DELAY_USB_LOOP
                 	__DELAY_USB 13
0002c7 9aaa      	SBI  0x15,2
                +
0002c8 e08d     +LDI R24 , LOW ( 13 )
                +__DELAY_USB_LOOP :
0002c9 958a     +DEC R24
0002ca f7f1     +BRNE __DELAY_USB_LOOP
                 	__DELAY_USB 13
0002cb 98aa      	CBI  0x15,2
                +
0002cc e08d     +LDI R24 , LOW ( 13 )
                +__DELAY_USB_LOOP :
0002cd 958a     +DEC R24
0002ce f7f1     +BRNE __DELAY_USB_LOOP
                 	__DELAY_USB 13
0002cf c089      	RJMP _0x2080001
                 ; .FEND
                 __lcd_write_data:
                 ; .FSTART __lcd_write_data
0002d0 93aa      	ST   -Y,R26
0002d1 81a8      	LD   R26,Y
0002d2 dfe9      	RCALL __lcd_write_nibble_G101
0002d3 81e8          ld    r30,y
0002d4 95e2          swap  r30
0002d5 83e8          st    y,r30
0002d6 81a8      	LD   R26,Y
0002d7 dfe4      	RCALL __lcd_write_nibble_G101
                +
0002d8 e885     +LDI R24 , LOW ( 133 )
                +__DELAY_USB_LOOP :
0002d9 958a     +DEC R24
0002da f7f1     +BRNE __DELAY_USB_LOOP
                 	__DELAY_USB 133
0002db c07d      	RJMP _0x2080001
                 ; .FEND
                 _lcd_gotoxy:
                 ; .FSTART _lcd_gotoxy
0002dc 93aa      	ST   -Y,R26
0002dd 81e8      	LD   R30,Y
0002de e0f0      	LDI  R31,0
0002df 59e6      	SUBI R30,LOW(-__base_y_G101)
0002e0 4ffd      	SBCI R31,HIGH(-__base_y_G101)
0002e1 81e0      	LD   R30,Z
0002e2 81a9      	LDD  R26,Y+1
0002e3 0fae      	ADD  R26,R30
0002e4 dfeb      	RCALL __lcd_write_data
0002e5 81e9      	LDD  R30,Y+1
0002e6 93e0 026e 	STS  __lcd_x,R30
0002e8 81e8      	LD   R30,Y
0002e9 93e0 026f 	STS  __lcd_y,R30
0002eb 9622      	ADIW R28,2
0002ec 9508      	RET
                 ; .FEND
                 _lcd_clear:
                 ; .FSTART _lcd_clear
0002ed e0a2      	LDI  R26,LOW(2)
0002ee 940e 03ae 	CALL SUBOPT_0x7
0002f0 e0ac      	LDI  R26,LOW(12)
0002f1 dfde      	RCALL __lcd_write_data
0002f2 e0a1      	LDI  R26,LOW(1)
0002f3 940e 03ae 	CALL SUBOPT_0x7
0002f5 e0e0      	LDI  R30,LOW(0)
0002f6 93e0 026f 	STS  __lcd_y,R30
0002f8 93e0 026e 	STS  __lcd_x,R30
0002fa 9508      	RET
                 ; .FEND
                 _lcd_putchar:
                 ; .FSTART _lcd_putchar
0002fb 93aa      	ST   -Y,R26
0002fc 81a8      	LD   R26,Y
0002fd 30aa      	CPI  R26,LOW(0xA)
0002fe f031      	BREQ _0x2020005
0002ff 91e0 0270 	LDS  R30,__lcd_maxx
000301 91a0 026e 	LDS  R26,__lcd_x
000303 17ae      	CP   R26,R30
000304 f060      	BRLO _0x2020004
                 _0x2020005:
000305 e0e0      	LDI  R30,LOW(0)
000306 93ea      	ST   -Y,R30
000307 91a0 026f 	LDS  R26,__lcd_y
000309 5faf      	SUBI R26,-LOW(1)
00030a 93a0 026f 	STS  __lcd_y,R26
00030c dfcf      	RCALL _lcd_gotoxy
00030d 81a8      	LD   R26,Y
00030e 30aa      	CPI  R26,LOW(0xA)
00030f f409      	BRNE _0x2020007
000310 c048      	RJMP _0x2080001
                 _0x2020007:
                 _0x2020004:
000311 91e0 026e 	LDS  R30,__lcd_x
000313 5fef      	SUBI R30,-LOW(1)
000314 93e0 026e 	STS  __lcd_x,R30
000316 9aa8      	SBI  0x15,0
000317 81a8      	LD   R26,Y
000318 dfb7      	RCALL __lcd_write_data
000319 98a8      	CBI  0x15,0
00031a c03e      	RJMP _0x2080001
                 ; .FEND
                 _lcd_puts:
                 ; .FSTART _lcd_puts
00031b 93ba      	ST   -Y,R27
00031c 93aa      	ST   -Y,R26
00031d 931a      	ST   -Y,R17
                 _0x2020008:
00031e 81a9      	LDD  R26,Y+1
00031f 81ba      	LDD  R27,Y+1+1
000320 91ed      	LD   R30,X+
000321 83a9      	STD  Y+1,R26
000322 83ba      	STD  Y+1+1,R27
000323 2f1e      	MOV  R17,R30
000324 30e0      	CPI  R30,0
000325 f019      	BREQ _0x202000A
000326 2fa1      	MOV  R26,R17
000327 dfd3      	RCALL _lcd_putchar
000328 cff5      	RJMP _0x2020008
                 _0x202000A:
000329 8118      	LDD  R17,Y+0
00032a 9623      	ADIW R28,3
00032b 9508      	RET
                 ; .FEND
                 _lcd_init:
                 ; .FSTART _lcd_init
00032c 93aa      	ST   -Y,R26
00032d b3e4      	IN   R30,0x14
00032e 6fe0      	ORI  R30,LOW(0xF0)
00032f bbe4      	OUT  0x14,R30
000330 9aa2      	SBI  0x14,2
000331 9aa0      	SBI  0x14,0
000332 9aa1      	SBI  0x14,1
000333 98aa      	CBI  0x15,2
000334 98a8      	CBI  0x15,0
000335 98a9      	CBI  0x15,1
000336 81e8      	LD   R30,Y
000337 93e0 0270 	STS  __lcd_maxx,R30
000339 58e0      	SUBI R30,-LOW(128)
                +
00033a 93e0 026c+STS __base_y_G101 + ( 2 ) , R30
                 	__PUTB1MN __base_y_G101,2
00033c 81e8      	LD   R30,Y
00033d 54e0      	SUBI R30,-LOW(192)
                +
00033e 93e0 026d+STS __base_y_G101 + ( 3 ) , R30
                 	__PUTB1MN __base_y_G101,3
000340 e1a4      	LDI  R26,LOW(20)
000341 e0b0      	LDI  R27,0
000342 940e 03bc 	CALL _delay_ms
000344 940e 03b4 	CALL SUBOPT_0x8
000346 940e 03b4 	CALL SUBOPT_0x8
000348 940e 03b4 	CALL SUBOPT_0x8
00034a e2a0      	LDI  R26,LOW(32)
00034b df70      	RCALL __lcd_write_nibble_G101
                +
00034c ec88     +LDI R24 , LOW ( 200 )
00034d e090     +LDI R25 , HIGH ( 200 )
                +__DELAY_USW_LOOP :
00034e 9701     +SBIW R24 , 1
00034f f7f1     +BRNE __DELAY_USW_LOOP
                 	__DELAY_USW 200
000350 e2a8      	LDI  R26,LOW(40)
000351 df7e      	RCALL __lcd_write_data
000352 e0a4      	LDI  R26,LOW(4)
000353 df7c      	RCALL __lcd_write_data
000354 e8a5      	LDI  R26,LOW(133)
000355 df7a      	RCALL __lcd_write_data
000356 e0a6      	LDI  R26,LOW(6)
000357 df78      	RCALL __lcd_write_data
000358 df94      	RCALL _lcd_clear
                 _0x2080001:
000359 9621      	ADIW R28,1
00035a 9508      	RET
                 ; .FEND
                 
                 	.CSEG
                 
                 	.CSEG
                 _strlen:
                 ; .FSTART _strlen
00035b 93ba      	ST   -Y,R27
00035c 93aa      	ST   -Y,R26
00035d 91a9          ld   r26,y+
00035e 91b9          ld   r27,y+
00035f 27ee          clr  r30
000360 27ff          clr  r31
                 strlen0:
000361 916d          ld   r22,x+
000362 2366          tst  r22
000363 f011          breq strlen1
000364 9631          adiw r30,1
000365 cffb          rjmp strlen0
                 strlen1:
000366 9508          ret
                 ; .FEND
                 _strlenf:
                 ; .FSTART _strlenf
000367 93ba      	ST   -Y,R27
000368 93aa      	ST   -Y,R26
000369 27aa          clr  r26
00036a 27bb          clr  r27
00036b 91e9          ld   r30,y+
00036c 91f9          ld   r31,y+
                 strlenf0:
00036d 9005      	lpm  r0,z+
00036e 2000          tst  r0
00036f f011          breq strlenf1
000370 9611          adiw r26,1
000371 cffb          rjmp strlenf0
                 strlenf1:
000372 01fd          movw r30,r26
000373 9508          ret
                 ; .FEND
                 
                 	.DSEG
                 _rx_buffer:
000261           	.BYTE 0x8
                 _rx_counter:
000269           	.BYTE 0x1
                 __base_y_G101:
00026a           	.BYTE 0x4
                 __lcd_x:
00026e           	.BYTE 0x1
                 __lcd_y:
00026f           	.BYTE 0x1
                 __lcd_maxx:
000270           	.BYTE 0x1
                 
                 	.CSEG
                 ;OPTIMIZER ADDED SUBROUTINE, CALLED 2 TIMES, CODE SIZE REDUCTION:8 WORDS
                 SUBOPT_0x0:
000374 920a      	ST   -Y,R0
000375 921a      	ST   -Y,R1
000376 92fa      	ST   -Y,R15
000377 936a      	ST   -Y,R22
000378 937a      	ST   -Y,R23
000379 938a      	ST   -Y,R24
00037a 939a      	ST   -Y,R25
00037b 93aa      	ST   -Y,R26
00037c 93ba      	ST   -Y,R27
00037d 93ea      	ST   -Y,R30
00037e 93fa      	ST   -Y,R31
00037f b7ef      	IN   R30,SREG
000380 93ea      	ST   -Y,R30
000381 9508      	RET
                 
                 ;OPTIMIZER ADDED SUBROUTINE, CALLED 5 TIMES, CODE SIZE REDUCTION:13 WORDS
                 SUBOPT_0x1:
000382 932a      	ST   -Y,R18
000383 85ad      	LDD  R26,Y+13
000384 85be      	LDD  R27,Y+13+1
000385 85ef      	LDD  R30,Y+15
000386 89f8      	LDD  R31,Y+15+1
000387 9509      	ICALL
000388 9508      	RET
                 
                 ;OPTIMIZER ADDED SUBROUTINE, CALLED 5 TIMES, CODE SIZE REDUCTION:9 WORDS
                 SUBOPT_0x2:
000389 89e8      	LDD  R30,Y+16
00038a 89f9      	LDD  R31,Y+16+1
00038b 9734      	SBIW R30,4
00038c 8be8      	STD  Y+16,R30
00038d 8bf9      	STD  Y+16+1,R31
00038e 9508      	RET
                 
                 ;OPTIMIZER ADDED SUBROUTINE, CALLED 3 TIMES, CODE SIZE REDUCTION:3 WORDS
                 SUBOPT_0x3:
00038f 85ad      	LDD  R26,Y+13
000390 85be      	LDD  R27,Y+13+1
000391 85ef      	LDD  R30,Y+15
000392 89f8      	LDD  R31,Y+15+1
000393 9509      	ICALL
000394 9508      	RET
                 
                 ;OPTIMIZER ADDED SUBROUTINE, CALLED 2 TIMES, CODE SIZE REDUCTION:4 WORDS
                 SUBOPT_0x4:
000395 89a8      	LDD  R26,Y+16
000396 89b9      	LDD  R27,Y+16+1
000397 9614      	ADIW R26,4
000398 940e 03ce 	CALL __GETW1P
00039a 83ee      	STD  Y+6,R30
00039b 83ff      	STD  Y+6+1,R31
00039c 81ae      	LDD  R26,Y+6
00039d 81bf      	LDD  R27,Y+6+1
00039e 9508      	RET
                 
                 ;OPTIMIZER ADDED SUBROUTINE, CALLED 2 TIMES, CODE SIZE REDUCTION:2 WORDS
                 SUBOPT_0x5:
00039f 89a8      	LDD  R26,Y+16
0003a0 89b9      	LDD  R27,Y+16+1
0003a1 9614      	ADIW R26,4
0003a2 940e 03ce 	CALL __GETW1P
0003a4 87ea      	STD  Y+10,R30
0003a5 87fb      	STD  Y+10+1,R31
0003a6 9508      	RET
                 
                 ;OPTIMIZER ADDED SUBROUTINE, CALLED 2 TIMES, CODE SIZE REDUCTION:1 WORDS
                 SUBOPT_0x6:
0003a7 01de      	MOVW R26,R28
0003a8 961c      	ADIW R26,12
0003a9 940e 03c6 	CALL __ADDW2R15
0003ab 940e 03ce 	CALL __GETW1P
0003ad 9508      	RET
                 
                 ;OPTIMIZER ADDED SUBROUTINE, CALLED 2 TIMES, CODE SIZE REDUCTION:1 WORDS
                 SUBOPT_0x7:
0003ae 940e 02d0 	CALL __lcd_write_data
0003b0 e0a3      	LDI  R26,LOW(3)
0003b1 e0b0      	LDI  R27,0
0003b2 940c 03bc 	JMP  _delay_ms
                 
                 ;OPTIMIZER ADDED SUBROUTINE, CALLED 3 TIMES, CODE SIZE REDUCTION:7 WORDS
                 SUBOPT_0x8:
0003b4 e3a0      	LDI  R26,LOW(48)
0003b5 940e 02bc 	CALL __lcd_write_nibble_G101
                +
0003b7 ec88     +LDI R24 , LOW ( 200 )
0003b8 e090     +LDI R25 , HIGH ( 200 )
                +__DELAY_USW_LOOP :
0003b9 9701     +SBIW R24 , 1
0003ba f7f1     +BRNE __DELAY_USW_LOOP
                 	__DELAY_USW 200
0003bb 9508      	RET
                 
                 
                 	.CSEG
                 _delay_ms:
0003bc 9610      	adiw r26,0
0003bd f039      	breq __delay_ms1
                 __delay_ms0:
                +
0003be ed80     +LDI R24 , LOW ( 0x7D0 )
0003bf e097     +LDI R25 , HIGH ( 0x7D0 )
                +__DELAY_USW_LOOP :
0003c0 9701     +SBIW R24 , 1
0003c1 f7f1     +BRNE __DELAY_USW_LOOP
                 	__DELAY_USW 0x7D0
0003c2 95a8      	wdr
0003c3 9711      	sbiw r26,1
0003c4 f7c9      	brne __delay_ms0
                 __delay_ms1:
0003c5 9508      	ret
                 
                 __ADDW2R15:
0003c6 2400      	CLR  R0
0003c7 0daf      	ADD  R26,R15
0003c8 1db0      	ADC  R27,R0
0003c9 9508      	RET
                 
                 __ANEGW1:
0003ca 95f1      	NEG  R31
0003cb 95e1      	NEG  R30
0003cc 40f0      	SBCI R31,0
0003cd 9508      	RET
                 
                 __GETW1P:
0003ce 91ed      	LD   R30,X+
0003cf 91fc      	LD   R31,X
0003d0 9711      	SBIW R26,1
0003d1 9508      	RET
                 
                 __GETW1PF:
0003d2 9005      	LPM  R0,Z+
0003d3 91f4      	LPM  R31,Z
0003d4 2de0      	MOV  R30,R0
0003d5 9508      	RET
                 
                 __PUTPARD1:
0003d6 937a      	ST   -Y,R23
0003d7 936a      	ST   -Y,R22
0003d8 93fa      	ST   -Y,R31
0003d9 93ea      	ST   -Y,R30
0003da 9508      	RET
                 
                 __SAVELOCR6:
0003db 935a      	ST   -Y,R21
                 __SAVELOCR5:
0003dc 934a      	ST   -Y,R20
                 __SAVELOCR4:
0003dd 933a      	ST   -Y,R19
                 __SAVELOCR3:
0003de 932a      	ST   -Y,R18
                 __SAVELOCR2:
0003df 931a      	ST   -Y,R17
0003e0 930a      	ST   -Y,R16
0003e1 9508      	RET
                 
                 __LOADLOCR6:
0003e2 815d      	LDD  R21,Y+5
                 __LOADLOCR5:
0003e3 814c      	LDD  R20,Y+4
                 __LOADLOCR4:
0003e4 813b      	LDD  R19,Y+3
                 __LOADLOCR3:
0003e5 812a      	LDD  R18,Y+2
                 __LOADLOCR2:
0003e6 8119      	LDD  R17,Y+1
0003e7 8108      	LD   R16,Y
0003e8 9508      	RET
                 
                 ;END OF CODE MARKER
                 __END_OF_CODE:


RESOURCE USE INFORMATION
------------------------

Notice:
The register and instruction counts are symbol table hit counts,
and hence implicitly used resources are not counted, eg, the
'lpm' instruction without operands implicitly uses r0 and z,
none of which are counted.

x,y,z are separate entities in the symbol table and are
counted separately from r26..r31 here.

.dseg memory usage only counts static data declared with .byte

ATmega32 register use summary:
r0 :  14 r1 :   3 r2 :   1 r3 :   0 r4 :   0 r5 :   0 r6 :   0 r7 :   0 
r8 :   2 r9 :   1 r10:   3 r11:   2 r12:   0 r13:   4 r14:   0 r15:   6 
r16:  41 r17:  28 r18:  29 r19:   8 r20:   9 r21:  17 r22:   8 r23:   4 
r24:  25 r25:   7 r26: 109 r27:  39 r28:  14 r29:   1 r30: 233 r31:  63 
x  :  23 y  : 192 z  :  16 
Registers used: 28 out of 35 (80.0%)

ATmega32 instruction use summary:
.lds  :   0 .lds.l:   0 .sts  :   0 .sts.l:   0 adc   :   1 add   :   3 
adiw  :  24 and   :   0 andi  :   7 asr   :   0 bclr  :   0 bld   :   1 
brbc  :   0 brbs  :   0 brcc  :   0 brcs  :   0 break :   0 breq  :  17 
brge  :   0 brhc  :   0 brhs  :   0 brid  :   0 brie  :   0 brlo  :   8 
brlt  :   0 brmi  :   1 brne  :  35 brpl  :   1 brsh  :   2 brtc  :   0 
brts  :   0 brvc  :   0 brvs  :   0 bset  :   0 bst   :   0 call  :  54 
cbi   :   5 cbr   :   0 clc   :   0 clh   :   0 cli   :   1 cln   :   0 
clr   :  13 cls   :   0 clt   :   0 clv   :   0 clz   :   0 com   :   0 
cp    :   6 cpc   :   3 cpi   :  35 cpse  :   0 dec   :   5 des   :   0 
eor   :   0 fmul  :   0 fmuls :   0 fmulsu:   0 icall :   2 ijmp  :   0 
in    :   6 inc   :   1 jmp   :  23 ld    :  40 ldd   :  75 ldi   : 105 
lds   :   5 lpm   :  14 lsl   :   0 lsr   :   0 mov   :  17 movw  :  17 
mul   :   1 muls  :   1 mulsu :   0 neg   :   2 nop   :   0 or    :   1 
ori   :   8 out   :  50 pop   :   1 push  :   1 rcall :  14 ret   :  25 
reti  :   2 rjmp  :  61 rol   :   0 ror   :   0 sbc   :   1 sbci  :   3 
sbi   :   5 sbic  :   0 sbis  :   0 sbiw  :  19 sbr   :   0 sbrc  :   2 
sbrs  :  10 sec   :   0 seh   :   0 sei   :   1 sen   :   0 ser   :   0 
ses   :   0 set   :   1 sev   :   0 sez   :   0 sleep :   0 spm   :   0 
st    :  73 std   :  31 sts   :  11 sub   :   2 subi  :  20 swap  :   1 
tst   :   4 wdr   :   1 
Instructions used: 58 out of 116 (50.0%)

ATmega32 memory use summary [bytes]:
Segment   Begin    End      Code   Data   Used    Size   Use%
---------------------------------------------------------------
[.cseg] 0x000000 0x0007d2   1940     62   2002   32768   6.1%
[.dseg] 0x000060 0x000271      0     17     17    2048   0.8%
[.eseg] 0x000000 0x000000      0      0      0    1024   0.0%

Assembly complete, 0 errors, 10 warnings
