RAM Allocation [bytes]
Variable                                                                          Address   Size
------------------------------------------------------------------------------------------------
str                                                                               0x0260      20
_base_y                                                                           0x0274       4
_lcd_maxx                                                                         0x0278       1

EEPROM Allocation [bytes]
Variable                                                                          Address   Size
------------------------------------------------------------------------------------------------

Register Allocation
Variable                                                                          Register  Size
------------------------------------------------------------------------------------------------
Hour                                                                              R4,R5        2
Min                                                                               R6,R7        2
Sec                                                                               R8,R9        2
count                                                                             R10,R11      2
_lcd_x                                                                            R13          1
_lcd_y                                                                            R12          1

FLASH Allocation [words]
Function                                                                          Address   Size
------------------------------------------------------------------------------------------------
ext_int0_isr                                                                      0x00074      1
ext_int1_isr                                                                      0x00075      1
timer0_ovf_isr                                                                    0x00076      1
timer0_comp_isr                                                                   0x00077     88
main                                                                              0x000CF     32
_lcd_write_nibble_G100                                                            0x000EF     20
_lcd_write_data                                                                   0x00103     12
lcd_gotoxy                                                                        0x0010F     13
lcd_clear                                                                         0x0011C     12
lcd_putchar                                                                       0x00128     23
lcd_puts                                                                          0x0013F     17
lcd_init                                                                          0x00150     46
put_buff_G101                                                                     0x0017E     64
_print_G101                                                                       0x001BE    308
sprintf                                                                           0x002F2     52
strlen                                                                            0x00326     12
strlenf                                                                           0x00332     13
