
AVRASM ver. 2.1.30  C:\Users\Sina\Desktop\micro\Mycodes\G3\Debug\List\3.asm Fri May 24 13:27:58 2019

C:\Users\Sina\Desktop\micro\Mycodes\G3\Debug\List\3.asm(1088): warning: Register r4 already defined by the .DEF directive
C:\Users\Sina\Desktop\micro\Mycodes\G3\Debug\List\3.asm(1089): warning: Register r5 already defined by the .DEF directive
C:\Users\Sina\Desktop\micro\Mycodes\G3\Debug\List\3.asm(1090): warning: Register r7 already defined by the .DEF directive
C:\Users\Sina\Desktop\micro\Mycodes\G3\Debug\List\3.asm(1091): warning: Register r6 already defined by the .DEF directive
C:\Users\Sina\Desktop\micro\Mycodes\G3\Debug\List\3.asm(1092): warning: Register r9 already defined by the .DEF directive
                 
                 
                 ;CodeVisionAVR C Compiler V3.12 Advanced
                 ;(C) Copyright 1998-2014 Pavel Haiduc, HP InfoTech s.r.l.
                 ;http://www.hpinfotech.com
                 
                 ;Build configuration    : Debug
                 ;Chip type              : ATmega32
                 ;Program type           : Application
                 ;Clock frequency        : 8.000000 MHz
                 ;Memory model           : Small
                 ;Optimize for           : Size
                 ;(s)printf features     : int, width
                 ;(s)scanf features      : int, width
                 ;External RAM size      : 0
                 ;Data Stack size        : 512 byte(s)
                 ;Heap size              : 0 byte(s)
                 ;Promote 'char' to 'int': Yes
                 ;'char' is unsigned     : Yes
                 ;8 bit enums            : Yes
                 ;Global 'const' stored in FLASH: Yes
                 ;Enhanced function parameter passing: Yes
                 ;Enhanced core instructions: On
                 ;Automatic register allocation for global variables: On
                 ;Smart register allocation: On
                 
                 	#define _MODEL_SMALL_
                 
                 	#pragma AVRPART ADMIN PART_NAME ATmega32
                 	#pragma AVRPART MEMORY PROG_FLASH 32768
                 	#pragma AVRPART MEMORY EEPROM 1024
                 	#pragma AVRPART MEMORY INT_SRAM SIZE 2048
                 	#pragma AVRPART MEMORY INT_SRAM START_ADDR 0x60
                 
                 	#define CALL_SUPPORTED 1
                 
                 	.LISTMAC
                 	.EQU UDRE=0x5
                 	.EQU RXC=0x7
                 	.EQU USR=0xB
                 	.EQU UDR=0xC
                 	.EQU SPSR=0xE
                 	.EQU SPDR=0xF
                 	.EQU EERE=0x0
                 	.EQU EEWE=0x1
                 	.EQU EEMWE=0x2
                 	.EQU EECR=0x1C
                 	.EQU EEDR=0x1D
                 	.EQU EEARL=0x1E
                 	.EQU EEARH=0x1F
                 	.EQU WDTCR=0x21
                 	.EQU MCUCR=0x35
                 	.EQU GICR=0x3B
                 	.EQU SPL=0x3D
                 	.EQU SPH=0x3E
                 	.EQU SREG=0x3F
                 
                 	.DEF R0X0=R0
                 	.DEF R0X1=R1
                 	.DEF R0X2=R2
                 	.DEF R0X3=R3
                 	.DEF R0X4=R4
                 	.DEF R0X5=R5
                 	.DEF R0X6=R6
                 	.DEF R0X7=R7
                 	.DEF R0X8=R8
                 	.DEF R0X9=R9
                 	.DEF R0XA=R10
                 	.DEF R0XB=R11
                 	.DEF R0XC=R12
                 	.DEF R0XD=R13
                 	.DEF R0XE=R14
                 	.DEF R0XF=R15
                 	.DEF R0X10=R16
                 	.DEF R0X11=R17
                 	.DEF R0X12=R18
                 	.DEF R0X13=R19
                 	.DEF R0X14=R20
                 	.DEF R0X15=R21
                 	.DEF R0X16=R22
                 	.DEF R0X17=R23
                 	.DEF R0X18=R24
                 	.DEF R0X19=R25
                 	.DEF R0X1A=R26
                 	.DEF R0X1B=R27
                 	.DEF R0X1C=R28
                 	.DEF R0X1D=R29
                 	.DEF R0X1E=R30
                 	.DEF R0X1F=R31
                 
                 	.EQU __SRAM_START=0x0060
                 	.EQU __SRAM_END=0x085F
                 	.EQU __DSTACK_SIZE=0x0200
                 	.EQU __HEAP_SIZE=0x0000
                 	.EQU __CLEAR_SRAM_SIZE=__SRAM_END-__SRAM_START+1
                 
                 	.MACRO __CPD1N
                 	CPI  R30,LOW(@0)
                 	LDI  R26,HIGH(@0)
                 	CPC  R31,R26
                 	LDI  R26,BYTE3(@0)
                 	CPC  R22,R26
                 	LDI  R26,BYTE4(@0)
                 	CPC  R23,R26
                 	.ENDM
                 
                 	.MACRO __CPD2N
                 	CPI  R26,LOW(@0)
                 	LDI  R30,HIGH(@0)
                 	CPC  R27,R30
                 	LDI  R30,BYTE3(@0)
                 	CPC  R24,R30
                 	LDI  R30,BYTE4(@0)
                 	CPC  R25,R30
                 	.ENDM
                 
                 	.MACRO __CPWRR
                 	CP   R@0,R@2
                 	CPC  R@1,R@3
                 	.ENDM
                 
                 	.MACRO __CPWRN
                 	CPI  R@0,LOW(@2)
                 	LDI  R30,HIGH(@2)
                 	CPC  R@1,R30
                 	.ENDM
                 
                 	.MACRO __ADDB1MN
                 	SUBI R30,LOW(-@0-(@1))
                 	.ENDM
                 
                 	.MACRO __ADDB2MN
                 	SUBI R26,LOW(-@0-(@1))
                 	.ENDM
                 
                 	.MACRO __ADDW1MN
                 	SUBI R30,LOW(-@0-(@1))
                 	SBCI R31,HIGH(-@0-(@1))
                 	.ENDM
                 
                 	.MACRO __ADDW2MN
                 	SUBI R26,LOW(-@0-(@1))
                 	SBCI R27,HIGH(-@0-(@1))
                 	.ENDM
                 
                 	.MACRO __ADDW1FN
                 	SUBI R30,LOW(-2*@0-(@1))
                 	SBCI R31,HIGH(-2*@0-(@1))
                 	.ENDM
                 
                 	.MACRO __ADDD1FN
                 	SUBI R30,LOW(-2*@0-(@1))
                 	SBCI R31,HIGH(-2*@0-(@1))
                 	SBCI R22,BYTE3(-2*@0-(@1))
                 	.ENDM
                 
                 	.MACRO __ADDD1N
                 	SUBI R30,LOW(-@0)
                 	SBCI R31,HIGH(-@0)
                 	SBCI R22,BYTE3(-@0)
                 	SBCI R23,BYTE4(-@0)
                 	.ENDM
                 
                 	.MACRO __ADDD2N
                 	SUBI R26,LOW(-@0)
                 	SBCI R27,HIGH(-@0)
                 	SBCI R24,BYTE3(-@0)
                 	SBCI R25,BYTE4(-@0)
                 	.ENDM
                 
                 	.MACRO __SUBD1N
                 	SUBI R30,LOW(@0)
                 	SBCI R31,HIGH(@0)
                 	SBCI R22,BYTE3(@0)
                 	SBCI R23,BYTE4(@0)
                 	.ENDM
                 
                 	.MACRO __SUBD2N
                 	SUBI R26,LOW(@0)
                 	SBCI R27,HIGH(@0)
                 	SBCI R24,BYTE3(@0)
                 	SBCI R25,BYTE4(@0)
                 	.ENDM
                 
                 	.MACRO __ANDBMNN
                 	LDS  R30,@0+(@1)
                 	ANDI R30,LOW(@2)
                 	STS  @0+(@1),R30
                 	.ENDM
                 
                 	.MACRO __ANDWMNN
                 	LDS  R30,@0+(@1)
                 	ANDI R30,LOW(@2)
                 	STS  @0+(@1),R30
                 	LDS  R30,@0+(@1)+1
                 	ANDI R30,HIGH(@2)
                 	STS  @0+(@1)+1,R30
                 	.ENDM
                 
                 	.MACRO __ANDD1N
                 	ANDI R30,LOW(@0)
                 	ANDI R31,HIGH(@0)
                 	ANDI R22,BYTE3(@0)
                 	ANDI R23,BYTE4(@0)
                 	.ENDM
                 
                 	.MACRO __ANDD2N
                 	ANDI R26,LOW(@0)
                 	ANDI R27,HIGH(@0)
                 	ANDI R24,BYTE3(@0)
                 	ANDI R25,BYTE4(@0)
                 	.ENDM
                 
                 	.MACRO __ORBMNN
                 	LDS  R30,@0+(@1)
                 	ORI  R30,LOW(@2)
                 	STS  @0+(@1),R30
                 	.ENDM
                 
                 	.MACRO __ORWMNN
                 	LDS  R30,@0+(@1)
                 	ORI  R30,LOW(@2)
                 	STS  @0+(@1),R30
                 	LDS  R30,@0+(@1)+1
                 	ORI  R30,HIGH(@2)
                 	STS  @0+(@1)+1,R30
                 	.ENDM
                 
                 	.MACRO __ORD1N
                 	ORI  R30,LOW(@0)
                 	ORI  R31,HIGH(@0)
                 	ORI  R22,BYTE3(@0)
                 	ORI  R23,BYTE4(@0)
                 	.ENDM
                 
                 	.MACRO __ORD2N
                 	ORI  R26,LOW(@0)
                 	ORI  R27,HIGH(@0)
                 	ORI  R24,BYTE3(@0)
                 	ORI  R25,BYTE4(@0)
                 	.ENDM
                 
                 	.MACRO __DELAY_USB
                 	LDI  R24,LOW(@0)
                 __DELAY_USB_LOOP:
                 	DEC  R24
                 	BRNE __DELAY_USB_LOOP
                 	.ENDM
                 
                 	.MACRO __DELAY_USW
                 	LDI  R24,LOW(@0)
                 	LDI  R25,HIGH(@0)
                 __DELAY_USW_LOOP:
                 	SBIW R24,1
                 	BRNE __DELAY_USW_LOOP
                 	.ENDM
                 
                 	.MACRO __GETD1S
                 	LDD  R30,Y+@0
                 	LDD  R31,Y+@0+1
                 	LDD  R22,Y+@0+2
                 	LDD  R23,Y+@0+3
                 	.ENDM
                 
                 	.MACRO __GETD2S
                 	LDD  R26,Y+@0
                 	LDD  R27,Y+@0+1
                 	LDD  R24,Y+@0+2
                 	LDD  R25,Y+@0+3
                 	.ENDM
                 
                 	.MACRO __PUTD1S
                 	STD  Y+@0,R30
                 	STD  Y+@0+1,R31
                 	STD  Y+@0+2,R22
                 	STD  Y+@0+3,R23
                 	.ENDM
                 
                 	.MACRO __PUTD2S
                 	STD  Y+@0,R26
                 	STD  Y+@0+1,R27
                 	STD  Y+@0+2,R24
                 	STD  Y+@0+3,R25
                 	.ENDM
                 
                 	.MACRO __PUTDZ2
                 	STD  Z+@0,R26
                 	STD  Z+@0+1,R27
                 	STD  Z+@0+2,R24
                 	STD  Z+@0+3,R25
                 	.ENDM
                 
                 	.MACRO __CLRD1S
                 	STD  Y+@0,R30
                 	STD  Y+@0+1,R30
                 	STD  Y+@0+2,R30
                 	STD  Y+@0+3,R30
                 	.ENDM
                 
                 	.MACRO __POINTB1MN
                 	LDI  R30,LOW(@0+(@1))
                 	.ENDM
                 
                 	.MACRO __POINTW1MN
                 	LDI  R30,LOW(@0+(@1))
                 	LDI  R31,HIGH(@0+(@1))
                 	.ENDM
                 
                 	.MACRO __POINTD1M
                 	LDI  R30,LOW(@0)
                 	LDI  R31,HIGH(@0)
                 	LDI  R22,BYTE3(@0)
                 	LDI  R23,BYTE4(@0)
                 	.ENDM
                 
                 	.MACRO __POINTW1FN
                 	LDI  R30,LOW(2*@0+(@1))
                 	LDI  R31,HIGH(2*@0+(@1))
                 	.ENDM
                 
                 	.MACRO __POINTD1FN
                 	LDI  R30,LOW(2*@0+(@1))
                 	LDI  R31,HIGH(2*@0+(@1))
                 	LDI  R22,BYTE3(2*@0+(@1))
                 	LDI  R23,BYTE4(2*@0+(@1))
                 	.ENDM
                 
                 	.MACRO __POINTB2MN
                 	LDI  R26,LOW(@0+(@1))
                 	.ENDM
                 
                 	.MACRO __POINTW2MN
                 	LDI  R26,LOW(@0+(@1))
                 	LDI  R27,HIGH(@0+(@1))
                 	.ENDM
                 
                 	.MACRO __POINTW2FN
                 	LDI  R26,LOW(2*@0+(@1))
                 	LDI  R27,HIGH(2*@0+(@1))
                 	.ENDM
                 
                 	.MACRO __POINTD2FN
                 	LDI  R26,LOW(2*@0+(@1))
                 	LDI  R27,HIGH(2*@0+(@1))
                 	LDI  R24,BYTE3(2*@0+(@1))
                 	LDI  R25,BYTE4(2*@0+(@1))
                 	.ENDM
                 
                 	.MACRO __POINTBRM
                 	LDI  R@0,LOW(@1)
                 	.ENDM
                 
                 	.MACRO __POINTWRM
                 	LDI  R@0,LOW(@2)
                 	LDI  R@1,HIGH(@2)
                 	.ENDM
                 
                 	.MACRO __POINTBRMN
                 	LDI  R@0,LOW(@1+(@2))
                 	.ENDM
                 
                 	.MACRO __POINTWRMN
                 	LDI  R@0,LOW(@2+(@3))
                 	LDI  R@1,HIGH(@2+(@3))
                 	.ENDM
                 
                 	.MACRO __POINTWRFN
                 	LDI  R@0,LOW(@2*2+(@3))
                 	LDI  R@1,HIGH(@2*2+(@3))
                 	.ENDM
                 
                 	.MACRO __GETD1N
                 	LDI  R30,LOW(@0)
                 	LDI  R31,HIGH(@0)
                 	LDI  R22,BYTE3(@0)
                 	LDI  R23,BYTE4(@0)
                 	.ENDM
                 
                 	.MACRO __GETD2N
                 	LDI  R26,LOW(@0)
                 	LDI  R27,HIGH(@0)
                 	LDI  R24,BYTE3(@0)
                 	LDI  R25,BYTE4(@0)
                 	.ENDM
                 
                 	.MACRO __GETB1MN
                 	LDS  R30,@0+(@1)
                 	.ENDM
                 
                 	.MACRO __GETB1HMN
                 	LDS  R31,@0+(@1)
                 	.ENDM
                 
                 	.MACRO __GETW1MN
                 	LDS  R30,@0+(@1)
                 	LDS  R31,@0+(@1)+1
                 	.ENDM
                 
                 	.MACRO __GETD1MN
                 	LDS  R30,@0+(@1)
                 	LDS  R31,@0+(@1)+1
                 	LDS  R22,@0+(@1)+2
                 	LDS  R23,@0+(@1)+3
                 	.ENDM
                 
                 	.MACRO __GETBRMN
                 	LDS  R@0,@1+(@2)
                 	.ENDM
                 
                 	.MACRO __GETWRMN
                 	LDS  R@0,@2+(@3)
                 	LDS  R@1,@2+(@3)+1
                 	.ENDM
                 
                 	.MACRO __GETWRZ
                 	LDD  R@0,Z+@2
                 	LDD  R@1,Z+@2+1
                 	.ENDM
                 
                 	.MACRO __GETD2Z
                 	LDD  R26,Z+@0
                 	LDD  R27,Z+@0+1
                 	LDD  R24,Z+@0+2
                 	LDD  R25,Z+@0+3
                 	.ENDM
                 
                 	.MACRO __GETB2MN
                 	LDS  R26,@0+(@1)
                 	.ENDM
                 
                 	.MACRO __GETW2MN
                 	LDS  R26,@0+(@1)
                 	LDS  R27,@0+(@1)+1
                 	.ENDM
                 
                 	.MACRO __GETD2MN
                 	LDS  R26,@0+(@1)
                 	LDS  R27,@0+(@1)+1
                 	LDS  R24,@0+(@1)+2
                 	LDS  R25,@0+(@1)+3
                 	.ENDM
                 
                 	.MACRO __PUTB1MN
                 	STS  @0+(@1),R30
                 	.ENDM
                 
                 	.MACRO __PUTW1MN
                 	STS  @0+(@1),R30
                 	STS  @0+(@1)+1,R31
                 	.ENDM
                 
                 	.MACRO __PUTD1MN
                 	STS  @0+(@1),R30
                 	STS  @0+(@1)+1,R31
                 	STS  @0+(@1)+2,R22
                 	STS  @0+(@1)+3,R23
                 	.ENDM
                 
                 	.MACRO __PUTB1EN
                 	LDI  R26,LOW(@0+(@1))
                 	LDI  R27,HIGH(@0+(@1))
                 	CALL __EEPROMWRB
                 	.ENDM
                 
                 	.MACRO __PUTW1EN
                 	LDI  R26,LOW(@0+(@1))
                 	LDI  R27,HIGH(@0+(@1))
                 	CALL __EEPROMWRW
                 	.ENDM
                 
                 	.MACRO __PUTD1EN
                 	LDI  R26,LOW(@0+(@1))
                 	LDI  R27,HIGH(@0+(@1))
                 	CALL __EEPROMWRD
                 	.ENDM
                 
                 	.MACRO __PUTBR0MN
                 	STS  @0+(@1),R0
                 	.ENDM
                 
                 	.MACRO __PUTBMRN
                 	STS  @0+(@1),R@2
                 	.ENDM
                 
                 	.MACRO __PUTWMRN
                 	STS  @0+(@1),R@2
                 	STS  @0+(@1)+1,R@3
                 	.ENDM
                 
                 	.MACRO __PUTBZR
                 	STD  Z+@1,R@0
                 	.ENDM
                 
                 	.MACRO __PUTWZR
                 	STD  Z+@2,R@0
                 	STD  Z+@2+1,R@1
                 	.ENDM
                 
                 	.MACRO __GETW1R
                 	MOV  R30,R@0
                 	MOV  R31,R@1
                 	.ENDM
                 
                 	.MACRO __GETW2R
                 	MOV  R26,R@0
                 	MOV  R27,R@1
                 	.ENDM
                 
                 	.MACRO __GETWRN
                 	LDI  R@0,LOW(@2)
                 	LDI  R@1,HIGH(@2)
                 	.ENDM
                 
                 	.MACRO __PUTW1R
                 	MOV  R@0,R30
                 	MOV  R@1,R31
                 	.ENDM
                 
                 	.MACRO __PUTW2R
                 	MOV  R@0,R26
                 	MOV  R@1,R27
                 	.ENDM
                 
                 	.MACRO __ADDWRN
                 	SUBI R@0,LOW(-@2)
                 	SBCI R@1,HIGH(-@2)
                 	.ENDM
                 
                 	.MACRO __ADDWRR
                 	ADD  R@0,R@2
                 	ADC  R@1,R@3
                 	.ENDM
                 
                 	.MACRO __SUBWRN
                 	SUBI R@0,LOW(@2)
                 	SBCI R@1,HIGH(@2)
                 	.ENDM
                 
                 	.MACRO __SUBWRR
                 	SUB  R@0,R@2
                 	SBC  R@1,R@3
                 	.ENDM
                 
                 	.MACRO __ANDWRN
                 	ANDI R@0,LOW(@2)
                 	ANDI R@1,HIGH(@2)
                 	.ENDM
                 
                 	.MACRO __ANDWRR
                 	AND  R@0,R@2
                 	AND  R@1,R@3
                 	.ENDM
                 
                 	.MACRO __ORWRN
                 	ORI  R@0,LOW(@2)
                 	ORI  R@1,HIGH(@2)
                 	.ENDM
                 
                 	.MACRO __ORWRR
                 	OR   R@0,R@2
                 	OR   R@1,R@3
                 	.ENDM
                 
                 	.MACRO __EORWRR
                 	EOR  R@0,R@2
                 	EOR  R@1,R@3
                 	.ENDM
                 
                 	.MACRO __GETWRS
                 	LDD  R@0,Y+@2
                 	LDD  R@1,Y+@2+1
                 	.ENDM
                 
                 	.MACRO __PUTBSR
                 	STD  Y+@1,R@0
                 	.ENDM
                 
                 	.MACRO __PUTWSR
                 	STD  Y+@2,R@0
                 	STD  Y+@2+1,R@1
                 	.ENDM
                 
                 	.MACRO __MOVEWRR
                 	MOV  R@0,R@2
                 	MOV  R@1,R@3
                 	.ENDM
                 
                 	.MACRO __INWR
                 	IN   R@0,@2
                 	IN   R@1,@2+1
                 	.ENDM
                 
                 	.MACRO __OUTWR
                 	OUT  @2+1,R@1
                 	OUT  @2,R@0
                 	.ENDM
                 
                 	.MACRO __CALL1MN
                 	LDS  R30,@0+(@1)
                 	LDS  R31,@0+(@1)+1
                 	ICALL
                 	.ENDM
                 
                 	.MACRO __CALL1FN
                 	LDI  R30,LOW(2*@0+(@1))
                 	LDI  R31,HIGH(2*@0+(@1))
                 	CALL __GETW1PF
                 	ICALL
                 	.ENDM
                 
                 	.MACRO __CALL2EN
                 	PUSH R26
                 	PUSH R27
                 	LDI  R26,LOW(@0+(@1))
                 	LDI  R27,HIGH(@0+(@1))
                 	CALL __EEPROMRDW
                 	POP  R27
                 	POP  R26
                 	ICALL
                 	.ENDM
                 
                 	.MACRO __CALL2EX
                 	SUBI R26,LOW(-@0)
                 	SBCI R27,HIGH(-@0)
                 	CALL __EEPROMRDD
                 	ICALL
                 	.ENDM
                 
                 	.MACRO __GETW1STACK
                 	IN   R30,SPL
                 	IN   R31,SPH
                 	ADIW R30,@0+1
                 	LD   R0,Z+
                 	LD   R31,Z
                 	MOV  R30,R0
                 	.ENDM
                 
                 	.MACRO __GETD1STACK
                 	IN   R30,SPL
                 	IN   R31,SPH
                 	ADIW R30,@0+1
                 	LD   R0,Z+
                 	LD   R1,Z+
                 	LD   R22,Z
                 	MOVW R30,R0
                 	.ENDM
                 
                 	.MACRO __NBST
                 	BST  R@0,@1
                 	IN   R30,SREG
                 	LDI  R31,0x40
                 	EOR  R30,R31
                 	OUT  SREG,R30
                 	.ENDM
                 
                 
                 	.MACRO __PUTB1SN
                 	LDD  R26,Y+@0
                 	LDD  R27,Y+@0+1
                 	SUBI R26,LOW(-@1)
                 	SBCI R27,HIGH(-@1)
                 	ST   X,R30
                 	.ENDM
                 
                 	.MACRO __PUTW1SN
                 	LDD  R26,Y+@0
                 	LDD  R27,Y+@0+1
                 	SUBI R26,LOW(-@1)
                 	SBCI R27,HIGH(-@1)
                 	ST   X+,R30
                 	ST   X,R31
                 	.ENDM
                 
                 	.MACRO __PUTD1SN
                 	LDD  R26,Y+@0
                 	LDD  R27,Y+@0+1
                 	SUBI R26,LOW(-@1)
                 	SBCI R27,HIGH(-@1)
                 	CALL __PUTDP1
                 	.ENDM
                 
                 	.MACRO __PUTB1SNS
                 	LDD  R26,Y+@0
                 	LDD  R27,Y+@0+1
                 	ADIW R26,@1
                 	ST   X,R30
                 	.ENDM
                 
                 	.MACRO __PUTW1SNS
                 	LDD  R26,Y+@0
                 	LDD  R27,Y+@0+1
                 	ADIW R26,@1
                 	ST   X+,R30
                 	ST   X,R31
                 	.ENDM
                 
                 	.MACRO __PUTD1SNS
                 	LDD  R26,Y+@0
                 	LDD  R27,Y+@0+1
                 	ADIW R26,@1
                 	CALL __PUTDP1
                 	.ENDM
                 
                 	.MACRO __PUTB1PMN
                 	LDS  R26,@0
                 	LDS  R27,@0+1
                 	SUBI R26,LOW(-@1)
                 	SBCI R27,HIGH(-@1)
                 	ST   X,R30
                 	.ENDM
                 
                 	.MACRO __PUTW1PMN
                 	LDS  R26,@0
                 	LDS  R27,@0+1
                 	SUBI R26,LOW(-@1)
                 	SBCI R27,HIGH(-@1)
                 	ST   X+,R30
                 	ST   X,R31
                 	.ENDM
                 
                 	.MACRO __PUTD1PMN
                 	LDS  R26,@0
                 	LDS  R27,@0+1
                 	SUBI R26,LOW(-@1)
                 	SBCI R27,HIGH(-@1)
                 	CALL __PUTDP1
                 	.ENDM
                 
                 	.MACRO __PUTB1PMNS
                 	LDS  R26,@0
                 	LDS  R27,@0+1
                 	ADIW R26,@1
                 	ST   X,R30
                 	.ENDM
                 
                 	.MACRO __PUTW1PMNS
                 	LDS  R26,@0
                 	LDS  R27,@0+1
                 	ADIW R26,@1
                 	ST   X+,R30
                 	ST   X,R31
                 	.ENDM
                 
                 	.MACRO __PUTD1PMNS
                 	LDS  R26,@0
                 	LDS  R27,@0+1
                 	ADIW R26,@1
                 	CALL __PUTDP1
                 	.ENDM
                 
                 	.MACRO __PUTB1RN
                 	MOVW R26,R@0
                 	SUBI R26,LOW(-@1)
                 	SBCI R27,HIGH(-@1)
                 	ST   X,R30
                 	.ENDM
                 
                 	.MACRO __PUTW1RN
                 	MOVW R26,R@0
                 	SUBI R26,LOW(-@1)
                 	SBCI R27,HIGH(-@1)
                 	ST   X+,R30
                 	ST   X,R31
                 	.ENDM
                 
                 	.MACRO __PUTD1RN
                 	MOVW R26,R@0
                 	SUBI R26,LOW(-@1)
                 	SBCI R27,HIGH(-@1)
                 	CALL __PUTDP1
                 	.ENDM
                 
                 	.MACRO __PUTB1RNS
                 	MOVW R26,R@0
                 	ADIW R26,@1
                 	ST   X,R30
                 	.ENDM
                 
                 	.MACRO __PUTW1RNS
                 	MOVW R26,R@0
                 	ADIW R26,@1
                 	ST   X+,R30
                 	ST   X,R31
                 	.ENDM
                 
                 	.MACRO __PUTD1RNS
                 	MOVW R26,R@0
                 	ADIW R26,@1
                 	CALL __PUTDP1
                 	.ENDM
                 
                 	.MACRO __PUTB1RON
                 	MOV  R26,R@0
                 	MOV  R27,R@1
                 	SUBI R26,LOW(-@2)
                 	SBCI R27,HIGH(-@2)
                 	ST   X,R30
                 	.ENDM
                 
                 	.MACRO __PUTW1RON
                 	MOV  R26,R@0
                 	MOV  R27,R@1
                 	SUBI R26,LOW(-@2)
                 	SBCI R27,HIGH(-@2)
                 	ST   X+,R30
                 	ST   X,R31
                 	.ENDM
                 
                 	.MACRO __PUTD1RON
                 	MOV  R26,R@0
                 	MOV  R27,R@1
                 	SUBI R26,LOW(-@2)
                 	SBCI R27,HIGH(-@2)
                 	CALL __PUTDP1
                 	.ENDM
                 
                 	.MACRO __PUTB1RONS
                 	MOV  R26,R@0
                 	MOV  R27,R@1
                 	ADIW R26,@2
                 	ST   X,R30
                 	.ENDM
                 
                 	.MACRO __PUTW1RONS
                 	MOV  R26,R@0
                 	MOV  R27,R@1
                 	ADIW R26,@2
                 	ST   X+,R30
                 	ST   X,R31
                 	.ENDM
                 
                 	.MACRO __PUTD1RONS
                 	MOV  R26,R@0
                 	MOV  R27,R@1
                 	ADIW R26,@2
                 	CALL __PUTDP1
                 	.ENDM
                 
                 
                 	.MACRO __GETB1SX
                 	MOVW R30,R28
                 	SUBI R30,LOW(-@0)
                 	SBCI R31,HIGH(-@0)
                 	LD   R30,Z
                 	.ENDM
                 
                 	.MACRO __GETB1HSX
                 	MOVW R30,R28
                 	SUBI R30,LOW(-@0)
                 	SBCI R31,HIGH(-@0)
                 	LD   R31,Z
                 	.ENDM
                 
                 	.MACRO __GETW1SX
                 	MOVW R30,R28
                 	SUBI R30,LOW(-@0)
                 	SBCI R31,HIGH(-@0)
                 	LD   R0,Z+
                 	LD   R31,Z
                 	MOV  R30,R0
                 	.ENDM
                 
                 	.MACRO __GETD1SX
                 	MOVW R30,R28
                 	SUBI R30,LOW(-@0)
                 	SBCI R31,HIGH(-@0)
                 	LD   R0,Z+
                 	LD   R1,Z+
                 	LD   R22,Z+
                 	LD   R23,Z
                 	MOVW R30,R0
                 	.ENDM
                 
                 	.MACRO __GETB2SX
                 	MOVW R26,R28
                 	SUBI R26,LOW(-@0)
                 	SBCI R27,HIGH(-@0)
                 	LD   R26,X
                 	.ENDM
                 
                 	.MACRO __GETW2SX
                 	MOVW R26,R28
                 	SUBI R26,LOW(-@0)
                 	SBCI R27,HIGH(-@0)
                 	LD   R0,X+
                 	LD   R27,X
                 	MOV  R26,R0
                 	.ENDM
                 
                 	.MACRO __GETD2SX
                 	MOVW R26,R28
                 	SUBI R26,LOW(-@0)
                 	SBCI R27,HIGH(-@0)
                 	LD   R0,X+
                 	LD   R1,X+
                 	LD   R24,X+
                 	LD   R25,X
                 	MOVW R26,R0
                 	.ENDM
                 
                 	.MACRO __GETBRSX
                 	MOVW R30,R28
                 	SUBI R30,LOW(-@1)
                 	SBCI R31,HIGH(-@1)
                 	LD   R@0,Z
                 	.ENDM
                 
                 	.MACRO __GETWRSX
                 	MOVW R30,R28
                 	SUBI R30,LOW(-@2)
                 	SBCI R31,HIGH(-@2)
                 	LD   R@0,Z+
                 	LD   R@1,Z
                 	.ENDM
                 
                 	.MACRO __GETBRSX2
                 	MOVW R26,R28
                 	SUBI R26,LOW(-@1)
                 	SBCI R27,HIGH(-@1)
                 	LD   R@0,X
                 	.ENDM
                 
                 	.MACRO __GETWRSX2
                 	MOVW R26,R28
                 	SUBI R26,LOW(-@2)
                 	SBCI R27,HIGH(-@2)
                 	LD   R@0,X+
                 	LD   R@1,X
                 	.ENDM
                 
                 	.MACRO __LSLW8SX
                 	MOVW R30,R28
                 	SUBI R30,LOW(-@0)
                 	SBCI R31,HIGH(-@0)
                 	LD   R31,Z
                 	CLR  R30
                 	.ENDM
                 
                 	.MACRO __PUTB1SX
                 	MOVW R26,R28
                 	SUBI R26,LOW(-@0)
                 	SBCI R27,HIGH(-@0)
                 	ST   X,R30
                 	.ENDM
                 
                 	.MACRO __PUTW1SX
                 	MOVW R26,R28
                 	SUBI R26,LOW(-@0)
                 	SBCI R27,HIGH(-@0)
                 	ST   X+,R30
                 	ST   X,R31
                 	.ENDM
                 
                 	.MACRO __PUTD1SX
                 	MOVW R26,R28
                 	SUBI R26,LOW(-@0)
                 	SBCI R27,HIGH(-@0)
                 	ST   X+,R30
                 	ST   X+,R31
                 	ST   X+,R22
                 	ST   X,R23
                 	.ENDM
                 
                 	.MACRO __CLRW1SX
                 	MOVW R26,R28
                 	SUBI R26,LOW(-@0)
                 	SBCI R27,HIGH(-@0)
                 	ST   X+,R30
                 	ST   X,R30
                 	.ENDM
                 
                 	.MACRO __CLRD1SX
                 	MOVW R26,R28
                 	SUBI R26,LOW(-@0)
                 	SBCI R27,HIGH(-@0)
                 	ST   X+,R30
                 	ST   X+,R30
                 	ST   X+,R30
                 	ST   X,R30
                 	.ENDM
                 
                 	.MACRO __PUTB2SX
                 	MOVW R30,R28
                 	SUBI R30,LOW(-@0)
                 	SBCI R31,HIGH(-@0)
                 	ST   Z,R26
                 	.ENDM
                 
                 	.MACRO __PUTW2SX
                 	MOVW R30,R28
                 	SUBI R30,LOW(-@0)
                 	SBCI R31,HIGH(-@0)
                 	ST   Z+,R26
                 	ST   Z,R27
                 	.ENDM
                 
                 	.MACRO __PUTD2SX
                 	MOVW R30,R28
                 	SUBI R30,LOW(-@0)
                 	SBCI R31,HIGH(-@0)
                 	ST   Z+,R26
                 	ST   Z+,R27
                 	ST   Z+,R24
                 	ST   Z,R25
                 	.ENDM
                 
                 	.MACRO __PUTBSRX
                 	MOVW R30,R28
                 	SUBI R30,LOW(-@1)
                 	SBCI R31,HIGH(-@1)
                 	ST   Z,R@0
                 	.ENDM
                 
                 	.MACRO __PUTWSRX
                 	MOVW R30,R28
                 	SUBI R30,LOW(-@2)
                 	SBCI R31,HIGH(-@2)
                 	ST   Z+,R@0
                 	ST   Z,R@1
                 	.ENDM
                 
                 	.MACRO __PUTB1SNX
                 	MOVW R26,R28
                 	SUBI R26,LOW(-@0)
                 	SBCI R27,HIGH(-@0)
                 	LD   R0,X+
                 	LD   R27,X
                 	MOV  R26,R0
                 	SUBI R26,LOW(-@1)
                 	SBCI R27,HIGH(-@1)
                 	ST   X,R30
                 	.ENDM
                 
                 	.MACRO __PUTW1SNX
                 	MOVW R26,R28
                 	SUBI R26,LOW(-@0)
                 	SBCI R27,HIGH(-@0)
                 	LD   R0,X+
                 	LD   R27,X
                 	MOV  R26,R0
                 	SUBI R26,LOW(-@1)
                 	SBCI R27,HIGH(-@1)
                 	ST   X+,R30
                 	ST   X,R31
                 	.ENDM
                 
                 	.MACRO __PUTD1SNX
                 	MOVW R26,R28
                 	SUBI R26,LOW(-@0)
                 	SBCI R27,HIGH(-@0)
                 	LD   R0,X+
                 	LD   R27,X
                 	MOV  R26,R0
                 	SUBI R26,LOW(-@1)
                 	SBCI R27,HIGH(-@1)
                 	ST   X+,R30
                 	ST   X+,R31
                 	ST   X+,R22
                 	ST   X,R23
                 	.ENDM
                 
                 	.MACRO __MULBRR
                 	MULS R@0,R@1
                 	MOVW R30,R0
                 	.ENDM
                 
                 	.MACRO __MULBRRU
                 	MUL  R@0,R@1
                 	MOVW R30,R0
                 	.ENDM
                 
                 	.MACRO __MULBRR0
                 	MULS R@0,R@1
                 	.ENDM
                 
                 	.MACRO __MULBRRU0
                 	MUL  R@0,R@1
                 	.ENDM
                 
                 	.MACRO __MULBNWRU
                 	LDI  R26,@2
                 	MUL  R26,R@0
                 	MOVW R30,R0
                 	MUL  R26,R@1
                 	ADD  R31,R0
                 	.ENDM
                 
                 ;NAME DEFINITIONS FOR GLOBAL VARIABLES ALLOCATED TO REGISTERS
                 	.DEF _a=R4
                 	.DEF _a_msb=R5
                 	.DEF __lcd_x=R7
                 	.DEF __lcd_y=R6
                 	.DEF __lcd_maxx=R9
                 
                 	.CSEG
                 	.ORG 0x00
                 
                 ;START OF CODE MARKER
                 __START_OF_CODE:
                 
                 ;INTERRUPT VECTORS
000000 940c 0041 	JMP  __RESET
000002 940c 006e 	JMP  _ext_int0_isr
000004 940c 00a1 	JMP  _ext_int1_isr
000006 940c 0000 	JMP  0x00
000008 940c 0000 	JMP  0x00
00000a 940c 0000 	JMP  0x00
00000c 940c 0000 	JMP  0x00
00000e 940c 0000 	JMP  0x00
000010 940c 0000 	JMP  0x00
000012 940c 0000 	JMP  0x00
000014 940c 00a2 	JMP  _timer0_comp_isr
000016 940c 0000 	JMP  0x00
000018 940c 0000 	JMP  0x00
00001a 940c 0000 	JMP  0x00
00001c 940c 0000 	JMP  0x00
00001e 940c 0000 	JMP  0x00
000020 940c 0000 	JMP  0x00
000022 940c 0000 	JMP  0x00
000024 940c 0000 	JMP  0x00
000026 940c 0000 	JMP  0x00
000028 940c 0000 	JMP  0x00
                 
                 _tbl10_G101:
00002a 2710
00002b 03e8
00002c 0064
00002d 000a      	.DB  0x10,0x27,0xE8,0x3,0x64,0x0,0xA,0x0
00002e 0001      	.DB  0x1,0x0
                 _tbl16_G101:
00002f 1000
000030 0100
000031 0010
000032 0001      	.DB  0x0,0x10,0x0,0x1,0x10,0x0,0x1,0x0
                 
                 ;GLOBAL REGISTER VARIABLES INITIALIZATION
                 __REG_VARS:
000033 0000      	.DB  0x0,0x0
                 
                 _0x0:
000034 2500
000035 0064      	.DB  0x0,0x25,0x64,0x0
                 _0x2000003:
000036 c080      	.DB  0x80,0xC0
                 
                 __GLOBAL_INI_TBL:
000037 0002      	.DW  0x02
000038 0004      	.DW  0x04
000039 0066      	.DW  __REG_VARS*2
                 
00003a 0001      	.DW  0x01
00003b 0260      	.DW  _0x3
00003c 0068      	.DW  _0x0*2
                 
00003d 0002      	.DW  0x02
00003e 0261      	.DW  __base_y_G100
00003f 006c      	.DW  _0x2000003*2
                 
                 _0xFFFFFFFF:
000040 0000      	.DW  0
                 
                 #define __GLOBAL_INI_TBL_PRESENT 1
                 
                 __RESET:
000041 94f8      	CLI
000042 27ee      	CLR  R30
000043 bbec      	OUT  EECR,R30
                 
                 ;INTERRUPT VECTORS ARE PLACED
                 ;AT THE START OF FLASH
000044 e0f1      	LDI  R31,1
000045 bffb      	OUT  GICR,R31
000046 bfeb      	OUT  GICR,R30
000047 bfe5      	OUT  MCUCR,R30
                 
                 ;CLEAR R2-R14
000048 e08d      	LDI  R24,(14-2)+1
000049 e0a2      	LDI  R26,2
00004a 27bb      	CLR  R27
                 __CLEAR_REG:
00004b 93ed      	ST   X+,R30
00004c 958a      	DEC  R24
00004d f7e9      	BRNE __CLEAR_REG
                 
                 ;CLEAR SRAM
00004e e080      	LDI  R24,LOW(__CLEAR_SRAM_SIZE)
00004f e098      	LDI  R25,HIGH(__CLEAR_SRAM_SIZE)
000050 e6a0      	LDI  R26,__SRAM_START
                 __CLEAR_SRAM:
000051 93ed      	ST   X+,R30
000052 9701      	SBIW R24,1
000053 f7e9      	BRNE __CLEAR_SRAM
                 
                 ;GLOBAL VARIABLES INITIALIZATION
000054 e6ee      	LDI  R30,LOW(__GLOBAL_INI_TBL*2)
000055 e0f0      	LDI  R31,HIGH(__GLOBAL_INI_TBL*2)
                 __GLOBAL_INI_NEXT:
000056 9185      	LPM  R24,Z+
000057 9195      	LPM  R25,Z+
000058 9700      	SBIW R24,0
000059 f061      	BREQ __GLOBAL_INI_END
00005a 91a5      	LPM  R26,Z+
00005b 91b5      	LPM  R27,Z+
00005c 9005      	LPM  R0,Z+
00005d 9015      	LPM  R1,Z+
00005e 01bf      	MOVW R22,R30
00005f 01f0      	MOVW R30,R0
                 __GLOBAL_INI_LOOP:
000060 9005      	LPM  R0,Z+
000061 920d      	ST   X+,R0
000062 9701      	SBIW R24,1
000063 f7e1      	BRNE __GLOBAL_INI_LOOP
000064 01fb      	MOVW R30,R22
000065 cff0      	RJMP __GLOBAL_INI_NEXT
                 __GLOBAL_INI_END:
                 
                 ;HARDWARE STACK POINTER INITIALIZATION
000066 e5ef      	LDI  R30,LOW(__SRAM_END-__HEAP_SIZE)
000067 bfed      	OUT  SPL,R30
000068 e0e8      	LDI  R30,HIGH(__SRAM_END-__HEAP_SIZE)
000069 bfee      	OUT  SPH,R30
                 
                 ;DATA STACK POINTER INITIALIZATION
00006a e6c0      	LDI  R28,LOW(__SRAM_START+__DSTACK_SIZE)
00006b e0d2      	LDI  R29,HIGH(__SRAM_START+__DSTACK_SIZE)
                 
00006c 940c 00ae 	JMP  _main
                 
                 	.ESEG
                 	.ORG 0
                 
                 	.DSEG
                 	.ORG 0x260
                 
                 	.CSEG
                 ;/*******************************************************
                 ;This program was created by the
                 ;CodeWizardAVR V3.12 Advanced
                 ;Automatic Program Generator
                 ;© Copyright 1998-2014 Pavel Haiduc, HP InfoTech s.r.l.
                 ;http://www.hpinfotech.com
                 ;
                 ;Project :
                 ;Version :
                 ;Date    : 5/20/2019
                 ;Author  :
                 ;Company :
                 ;Comments:
                 ;
                 ;
                 ;Chip type               : ATmega32
                 ;Program type            : Application
                 ;AVR Core Clock frequency: 8.000000 MHz
                 ;Memory model            : Small
                 ;External RAM size       : 0
                 ;Data Stack size         : 512
                 ;*******************************************************/
                 ;
                 ;#include <mega32.h>
                 	#ifndef __SLEEP_DEFINED__
                 	#define __SLEEP_DEFINED__
                 	.EQU __se_bit=0x80
                 	.EQU __sm_mask=0x70
                 	.EQU __sm_powerdown=0x20
                 	.EQU __sm_powersave=0x30
                 	.EQU __sm_standby=0x60
                 	.EQU __sm_ext_standby=0x70
                 	.EQU __sm_adc_noise_red=0x10
                 	.SET power_ctrl_reg=mcucr
                 	#endif
                 ;
                 ;// Alphanumeric LCD functions
                 ;#include <alcd.h>
                 ;
                 ;#include <stdio.h>
                 ;
                 ;// Declare your global variables here
                 ;int a = 0;
                 ;// External Interrupt 0 service routine
                 ;interrupt [EXT_INT0] void ext_int0_isr(void)
                 ; 0000 0023 {
                 
                 	.CSEG
                 _ext_int0_isr:
                 ; .FSTART _ext_int0_isr
00006e 920a      	ST   -Y,R0
00006f 921a      	ST   -Y,R1
000070 92fa      	ST   -Y,R15
000071 936a      	ST   -Y,R22
000072 937a      	ST   -Y,R23
000073 938a      	ST   -Y,R24
000074 939a      	ST   -Y,R25
000075 93aa      	ST   -Y,R26
000076 93ba      	ST   -Y,R27
000077 93ea      	ST   -Y,R30
000078 93fa      	ST   -Y,R31
000079 b7ef      	IN   R30,SREG
00007a 93ea      	ST   -Y,R30
                 ; 0000 0024 char * str = "";
                 ; 0000 0025 // Place your code here
                 ; 0000 0026 lcd_clear();
00007b 931a      	ST   -Y,R17
00007c 930a      	ST   -Y,R16
                 ;	*str -> R16,R17
                +
00007d e600     +LDI R16 , LOW ( _0x3 + ( 0 ) )
00007e e012     +LDI R17 , HIGH ( _0x3 + ( 0 ) )
                 	__POINTWRMN 16,17,_0x3,0
00007f d07c      	RCALL _lcd_clear
                 ; 0000 0027 sprintf(str , "%d" , a);
000080 931a      	ST   -Y,R17
000081 930a      	ST   -Y,R16
                +
000082 e6e9     +LDI R30 , LOW ( 2 * _0x0 + ( 1 ) )
000083 e0f0     +LDI R31 , HIGH ( 2 * _0x0 + ( 1 ) )
                 	__POINTW1FN _0x0,1
000084 93fa      	ST   -Y,R31
000085 93ea      	ST   -Y,R30
000086 01f2      	MOVW R30,R4
000087 940e 0369 	CALL __CWD1
000089 940e 0376 	CALL __PUTPARD1
00008b e084      	LDI  R24,4
00008c 940e 02d0 	CALL _sprintf
00008e 9628      	ADIW R28,8
                 ; 0000 0028 lcd_puts(str);
00008f 01d8      	MOVW R26,R16
000090 d08c      	RCALL _lcd_puts
                 ; 0000 0029 }
000091 9109      	LD   R16,Y+
000092 9119      	LD   R17,Y+
000093 91e9      	LD   R30,Y+
000094 bfef      	OUT  SREG,R30
000095 91f9      	LD   R31,Y+
000096 91e9      	LD   R30,Y+
000097 91b9      	LD   R27,Y+
000098 91a9      	LD   R26,Y+
000099 9199      	LD   R25,Y+
00009a 9189      	LD   R24,Y+
00009b 9179      	LD   R23,Y+
00009c 9169      	LD   R22,Y+
00009d 90f9      	LD   R15,Y+
00009e 9019      	LD   R1,Y+
00009f 9009      	LD   R0,Y+
0000a0 9518      	RETI
                 ; .FEND
                 
                 	.DSEG
                 _0x3:
000260           	.BYTE 0x1
                 ;
                 ;// External Interrupt 1 service routine
                 ;interrupt [EXT_INT1] void ext_int1_isr(void)
                 ; 0000 002D {
                 
                 	.CSEG
                 _ext_int1_isr:
                 ; .FSTART _ext_int1_isr
                 ; 0000 002E // Place your code here
                 ; 0000 002F 
                 ; 0000 0030 }
0000a1 9518      	RETI
                 ; .FEND
                 ;
                 ;// Timer 0 output compare interrupt service routine
                 ;interrupt [TIM0_COMP] void timer0_comp_isr(void)
                 ; 0000 0034 {
                 _timer0_comp_isr:
                 ; .FSTART _timer0_comp_isr
0000a2 93ea      	ST   -Y,R30
0000a3 93fa      	ST   -Y,R31
0000a4 b7ef      	IN   R30,SREG
0000a5 93ea      	ST   -Y,R30
                 ; 0000 0035 // Place your code here
                 ; 0000 0036 
                 ; 0000 0037 //  each time this ISR is called , meaning that a Compare Match occures , a = a + 1
                 ; 0000 0038 a+= 1;
0000a6 01f2      	MOVW R30,R4
0000a7 9631      	ADIW R30,1
0000a8 012f      	MOVW R4,R30
                 ; 0000 0039 }
0000a9 91e9      	LD   R30,Y+
0000aa bfef      	OUT  SREG,R30
0000ab 91f9      	LD   R31,Y+
0000ac 91e9      	LD   R30,Y+
0000ad 9518      	RETI
                 ; .FEND
                 ;
                 ;void main(void)
                 ; 0000 003C {
                 _main:
                 ; .FSTART _main
                 ; 0000 003D // Declare your local variables here
                 ; 0000 003E 
                 ; 0000 003F // Input/Output Ports initialization
                 ; 0000 0040 // Port A initialization
                 ; 0000 0041 // Function: Bit7=In Bit6=In Bit5=In Bit4=In Bit3=In Bit2=In Bit1=In Bit0=In
                 ; 0000 0042 DDRA=(0<<DDA7) | (0<<DDA6) | (0<<DDA5) | (0<<DDA4) | (0<<DDA3) | (0<<DDA2) | (0<<DDA1) | (0<<DDA0);
0000ae e0e0      	LDI  R30,LOW(0)
0000af bbea      	OUT  0x1A,R30
                 ; 0000 0043 // State: Bit7=T Bit6=T Bit5=T Bit4=T Bit3=T Bit2=T Bit1=T Bit0=T
                 ; 0000 0044 PORTA=(0<<PORTA7) | (0<<PORTA6) | (0<<PORTA5) | (0<<PORTA4) | (0<<PORTA3) | (0<<PORTA2) | (0<<PORTA1) | (0<<PORTA0);
0000b0 bbeb      	OUT  0x1B,R30
                 ; 0000 0045 
                 ; 0000 0046 // Port B initialization
                 ; 0000 0047 // Function: Bit7=In Bit6=In Bit5=In Bit4=In Bit3=Out Bit2=In Bit1=In Bit0=In
                 ; 0000 0048 DDRB=(0<<DDB7) | (0<<DDB6) | (0<<DDB5) | (0<<DDB4) | (1<<DDB3) | (0<<DDB2) | (0<<DDB1) | (0<<DDB0);
0000b1 e0e8      	LDI  R30,LOW(8)
0000b2 bbe7      	OUT  0x17,R30
                 ; 0000 0049 // State: Bit7=T Bit6=T Bit5=T Bit4=T Bit3=0 Bit2=T Bit1=T Bit0=T
                 ; 0000 004A PORTB=(0<<PORTB7) | (0<<PORTB6) | (0<<PORTB5) | (0<<PORTB4) | (0<<PORTB3) | (0<<PORTB2) | (0<<PORTB1) | (0<<PORTB0);
0000b3 e0e0      	LDI  R30,LOW(0)
0000b4 bbe8      	OUT  0x18,R30
                 ; 0000 004B 
                 ; 0000 004C // Port C initialization
                 ; 0000 004D // Function: Bit7=In Bit6=In Bit5=In Bit4=In Bit3=In Bit2=In Bit1=In Bit0=In
                 ; 0000 004E DDRC=(0<<DDC7) | (0<<DDC6) | (0<<DDC5) | (0<<DDC4) | (0<<DDC3) | (0<<DDC2) | (0<<DDC1) | (0<<DDC0);
0000b5 bbe4      	OUT  0x14,R30
                 ; 0000 004F // State: Bit7=T Bit6=T Bit5=T Bit4=T Bit3=T Bit2=T Bit1=T Bit0=T
                 ; 0000 0050 PORTC=(0<<PORTC7) | (0<<PORTC6) | (0<<PORTC5) | (0<<PORTC4) | (0<<PORTC3) | (0<<PORTC2) | (0<<PORTC1) | (0<<PORTC0);
0000b6 bbe5      	OUT  0x15,R30
                 ; 0000 0051 
                 ; 0000 0052 // Port D initialization
                 ; 0000 0053 // Function: Bit7=In Bit6=In Bit5=In Bit4=In Bit3=In Bit2=In Bit1=In Bit0=In
                 ; 0000 0054 DDRD=(0<<DDD7) | (0<<DDD6) | (0<<DDD5) | (0<<DDD4) | (0<<DDD3) | (0<<DDD2) | (0<<DDD1) | (0<<DDD0);
0000b7 bbe1      	OUT  0x11,R30
                 ; 0000 0055 // State: Bit7=T Bit6=T Bit5=T Bit4=T Bit3=T Bit2=T Bit1=T Bit0=T
                 ; 0000 0056 PORTD=(0<<PORTD7) | (0<<PORTD6) | (0<<PORTD5) | (0<<PORTD4) | (0<<PORTD3) | (0<<PORTD2) | (0<<PORTD1) | (0<<PORTD0);
0000b8 bbe2      	OUT  0x12,R30
                 ; 0000 0057 
                 ; 0000 0058 // Timer/Counter 0 initialization
                 ; 0000 0059 // Clock source: System Clock
                 ; 0000 005A // Clock value: 125.000 kHz
                 ; 0000 005B // Mode: CTC top=OCR0
                 ; 0000 005C // OC0 output: Toggle on compare match
                 ; 0000 005D // Timer Period: 0.776 ms
                 ; 0000 005E // Output Pulse(s):
                 ; 0000 005F // OC0 Period: 1.552 ms Width: 0.776 ms
                 ; 0000 0060 TCCR0=(0<<WGM00) | (0<<COM01) | (1<<COM00) | (1<<WGM01) | (0<<CS02) | (1<<CS01) | (1<<CS00);
0000b9 e1eb      	LDI  R30,LOW(27)
0000ba bfe3      	OUT  0x33,R30
                 ; 0000 0061 TCNT0=0x00;
0000bb e0e0      	LDI  R30,LOW(0)
0000bc bfe2      	OUT  0x32,R30
                 ; 0000 0062 OCR0=0x60;
0000bd e6e0      	LDI  R30,LOW(96)
0000be bfec      	OUT  0x3C,R30
                 ; 0000 0063 
                 ; 0000 0064 // Timer(s)/Counter(s) Interrupt(s) initialization
                 ; 0000 0065 TIMSK=(0<<OCIE2) | (0<<TOIE2) | (0<<TICIE1) | (0<<OCIE1A) | (0<<OCIE1B) | (0<<TOIE1) | (1<<OCIE0) | (0<<TOIE0);
0000bf e0e2      	LDI  R30,LOW(2)
0000c0 bfe9      	OUT  0x39,R30
                 ; 0000 0066 
                 ; 0000 0067 // External Interrupt(s) initialization
                 ; 0000 0068 // INT0: On
                 ; 0000 0069 // INT0 Mode: Any change
                 ; 0000 006A // INT1: On
                 ; 0000 006B // INT1 Mode: Rising Edge
                 ; 0000 006C // INT2: Off
                 ; 0000 006D GICR|=(1<<INT1) | (1<<INT0) | (0<<INT2);
0000c1 b7eb      	IN   R30,0x3B
0000c2 6ce0      	ORI  R30,LOW(0xC0)
0000c3 bfeb      	OUT  0x3B,R30
                 ; 0000 006E MCUCR=(1<<ISC11) | (1<<ISC10) | (0<<ISC01) | (1<<ISC00);
0000c4 e0ed      	LDI  R30,LOW(13)
0000c5 bfe5      	OUT  0x35,R30
                 ; 0000 006F MCUCSR=(0<<ISC2);
0000c6 e0e0      	LDI  R30,LOW(0)
0000c7 bfe4      	OUT  0x34,R30
                 ; 0000 0070 GIFR=(1<<INTF1) | (1<<INTF0) | (0<<INTF2);
0000c8 ece0      	LDI  R30,LOW(192)
0000c9 bfea      	OUT  0x3A,R30
                 ; 0000 0071 
                 ; 0000 0072 // Alphanumeric LCD initialization
                 ; 0000 0073 // Connections are specified in the
                 ; 0000 0074 // Project|Configure|C Compiler|Libraries|Alphanumeric LCD menu:
                 ; 0000 0075 // RS - PORTC Bit 0
                 ; 0000 0076 // RD - PORTC Bit 1
                 ; 0000 0077 // EN - PORTC Bit 2
                 ; 0000 0078 // D4 - PORTC Bit 4
                 ; 0000 0079 // D5 - PORTC Bit 5
                 ; 0000 007A // D6 - PORTC Bit 6
                 ; 0000 007B // D7 - PORTC Bit 7
                 ; 0000 007C // Characters/line: 16
                 ; 0000 007D lcd_init(16);
0000ca e1a0      	LDI  R26,LOW(16)
0000cb d062      	RCALL _lcd_init
                 ; 0000 007E 
                 ; 0000 007F // Global enable interrupts
                 ; 0000 0080 #asm("sei")
0000cc 9478      	sei
                 ; 0000 0081 
                 ; 0000 0082 while (1)
                 _0x4:
                 ; 0000 0083       {
                 ; 0000 0084       // Place your code here
                 ; 0000 0085 
                 ; 0000 0086       }
0000cd cfff      	RJMP _0x4
                 ; 0000 0087 }
                 _0x7:
0000ce cfff      	RJMP _0x7
                 ; .FEND
                 	#ifndef __SLEEP_DEFINED__
                 	#endif
                 
                 	.DSEG
                 
                 	.CSEG
                 __lcd_write_nibble_G100:
                 ; .FSTART __lcd_write_nibble_G100
0000cf 93aa      	ST   -Y,R26
0000d0 b3e5      	IN   R30,0x15
0000d1 70ef      	ANDI R30,LOW(0xF)
0000d2 2fae      	MOV  R26,R30
0000d3 81e8      	LD   R30,Y
0000d4 7fe0      	ANDI R30,LOW(0xF0)
0000d5 2bea      	OR   R30,R26
0000d6 bbe5      	OUT  0x15,R30
                +
0000d7 e08d     +LDI R24 , LOW ( 13 )
                +__DELAY_USB_LOOP :
0000d8 958a     +DEC R24
0000d9 f7f1     +BRNE __DELAY_USB_LOOP
                 	__DELAY_USB 13
0000da 9aaa      	SBI  0x15,2
                +
0000db e08d     +LDI R24 , LOW ( 13 )
                +__DELAY_USB_LOOP :
0000dc 958a     +DEC R24
0000dd f7f1     +BRNE __DELAY_USB_LOOP
                 	__DELAY_USB 13
0000de 98aa      	CBI  0x15,2
                +
0000df e08d     +LDI R24 , LOW ( 13 )
                +__DELAY_USB_LOOP :
0000e0 958a     +DEC R24
0000e1 f7f1     +BRNE __DELAY_USB_LOOP
                 	__DELAY_USB 13
0000e2 c077      	RJMP _0x2080002
                 ; .FEND
                 __lcd_write_data:
                 ; .FSTART __lcd_write_data
0000e3 93aa      	ST   -Y,R26
0000e4 81a8      	LD   R26,Y
0000e5 dfe9      	RCALL __lcd_write_nibble_G100
0000e6 81e8          ld    r30,y
0000e7 95e2          swap  r30
0000e8 83e8          st    y,r30
0000e9 81a8      	LD   R26,Y
0000ea dfe4      	RCALL __lcd_write_nibble_G100
                +
0000eb e885     +LDI R24 , LOW ( 133 )
                +__DELAY_USB_LOOP :
0000ec 958a     +DEC R24
0000ed f7f1     +BRNE __DELAY_USB_LOOP
                 	__DELAY_USB 133
0000ee c06b      	RJMP _0x2080002
                 ; .FEND
                 _lcd_gotoxy:
                 ; .FSTART _lcd_gotoxy
0000ef 93aa      	ST   -Y,R26
0000f0 81e8      	LD   R30,Y
0000f1 e0f0      	LDI  R31,0
0000f2 59ef      	SUBI R30,LOW(-__base_y_G100)
0000f3 4ffd      	SBCI R31,HIGH(-__base_y_G100)
0000f4 81e0      	LD   R30,Z
0000f5 81a9      	LDD  R26,Y+1
0000f6 0fae      	ADD  R26,R30
0000f7 dfeb      	RCALL __lcd_write_data
0000f8 8079      	LDD  R7,Y+1
0000f9 8068      	LDD  R6,Y+0
0000fa 9622      	ADIW R28,2
0000fb 9508      	RET
                 ; .FEND
                 _lcd_clear:
                 ; .FSTART _lcd_clear
0000fc e0a2      	LDI  R26,LOW(2)
0000fd 940e 031d 	CALL SUBOPT_0x0
0000ff e0ac      	LDI  R26,LOW(12)
000100 dfe2      	RCALL __lcd_write_data
000101 e0a1      	LDI  R26,LOW(1)
000102 940e 031d 	CALL SUBOPT_0x0
000104 e0e0      	LDI  R30,LOW(0)
000105 2e6e      	MOV  R6,R30
000106 2e7e      	MOV  R7,R30
000107 9508      	RET
                 ; .FEND
                 _lcd_putchar:
                 ; .FSTART _lcd_putchar
000108 93aa      	ST   -Y,R26
000109 81a8      	LD   R26,Y
00010a 30aa      	CPI  R26,LOW(0xA)
00010b f011      	BREQ _0x2000005
00010c 1479      	CP   R7,R9
00010d f048      	BRLO _0x2000004
                 _0x2000005:
00010e e0e0      	LDI  R30,LOW(0)
00010f 93ea      	ST   -Y,R30
000110 9463      	INC  R6
000111 2da6      	MOV  R26,R6
000112 dfdc      	RCALL _lcd_gotoxy
000113 81a8      	LD   R26,Y
000114 30aa      	CPI  R26,LOW(0xA)
000115 f409      	BRNE _0x2000007
000116 c043      	RJMP _0x2080002
                 _0x2000007:
                 _0x2000004:
000117 9473      	INC  R7
000118 9aa8      	SBI  0x15,0
000119 81a8      	LD   R26,Y
00011a dfc8      	RCALL __lcd_write_data
00011b 98a8      	CBI  0x15,0
00011c c03d      	RJMP _0x2080002
                 ; .FEND
                 _lcd_puts:
                 ; .FSTART _lcd_puts
00011d 93ba      	ST   -Y,R27
00011e 93aa      	ST   -Y,R26
00011f 931a      	ST   -Y,R17
                 _0x2000008:
000120 81a9      	LDD  R26,Y+1
000121 81ba      	LDD  R27,Y+1+1
000122 91ed      	LD   R30,X+
000123 83a9      	STD  Y+1,R26
000124 83ba      	STD  Y+1+1,R27
000125 2f1e      	MOV  R17,R30
000126 30e0      	CPI  R30,0
000127 f019      	BREQ _0x200000A
000128 2fa1      	MOV  R26,R17
000129 dfde      	RCALL _lcd_putchar
00012a cff5      	RJMP _0x2000008
                 _0x200000A:
00012b 8118      	LDD  R17,Y+0
00012c 9623      	ADIW R28,3
00012d 9508      	RET
                 ; .FEND
                 _lcd_init:
                 ; .FSTART _lcd_init
00012e 93aa      	ST   -Y,R26
00012f b3e4      	IN   R30,0x14
000130 6fe0      	ORI  R30,LOW(0xF0)
000131 bbe4      	OUT  0x14,R30
000132 9aa2      	SBI  0x14,2
000133 9aa0      	SBI  0x14,0
000134 9aa1      	SBI  0x14,1
000135 98aa      	CBI  0x15,2
000136 98a8      	CBI  0x15,0
000137 98a9      	CBI  0x15,1
000138 8098      	LDD  R9,Y+0
000139 81e8      	LD   R30,Y
00013a 58e0      	SUBI R30,-LOW(128)
                +
00013b 93e0 0263+STS __base_y_G100 + ( 2 ) , R30
                 	__PUTB1MN __base_y_G100,2
00013d 81e8      	LD   R30,Y
00013e 54e0      	SUBI R30,-LOW(192)
                +
00013f 93e0 0264+STS __base_y_G100 + ( 3 ) , R30
                 	__PUTB1MN __base_y_G100,3
000141 e1a4      	LDI  R26,LOW(20)
000142 e0b0      	LDI  R27,0
000143 940e 0357 	CALL _delay_ms
000145 940e 0323 	CALL SUBOPT_0x1
000147 940e 0323 	CALL SUBOPT_0x1
000149 940e 0323 	CALL SUBOPT_0x1
00014b e2a0      	LDI  R26,LOW(32)
00014c df82      	RCALL __lcd_write_nibble_G100
                +
00014d ec88     +LDI R24 , LOW ( 200 )
00014e e090     +LDI R25 , HIGH ( 200 )
                +__DELAY_USW_LOOP :
00014f 9701     +SBIW R24 , 1
000150 f7f1     +BRNE __DELAY_USW_LOOP
                 	__DELAY_USW 200
000151 e2a8      	LDI  R26,LOW(40)
000152 df90      	RCALL __lcd_write_data
000153 e0a4      	LDI  R26,LOW(4)
000154 df8e      	RCALL __lcd_write_data
000155 e8a5      	LDI  R26,LOW(133)
000156 df8c      	RCALL __lcd_write_data
000157 e0a6      	LDI  R26,LOW(6)
000158 df8a      	RCALL __lcd_write_data
000159 dfa2      	RCALL _lcd_clear
                 _0x2080002:
00015a 9621      	ADIW R28,1
00015b 9508      	RET
                 ; .FEND
                 	#ifndef __SLEEP_DEFINED__
                 	#endif
                 
                 	.CSEG
                 _put_buff_G101:
                 ; .FSTART _put_buff_G101
00015c 93ba      	ST   -Y,R27
00015d 93aa      	ST   -Y,R26
00015e 931a      	ST   -Y,R17
00015f 930a      	ST   -Y,R16
000160 81aa      	LDD  R26,Y+2
000161 81bb      	LDD  R27,Y+2+1
000162 9612      	ADIW R26,2
000163 940e 036e 	CALL __GETW1P
000165 9730      	SBIW R30,0
000166 f159      	BREQ _0x2020010
000167 81aa      	LDD  R26,Y+2
000168 81bb      	LDD  R27,Y+2+1
000169 9614      	ADIW R26,4
00016a 940e 036e 	CALL __GETW1P
00016c 018f      	MOVW R16,R30
00016d 9730      	SBIW R30,0
00016e f061      	BREQ _0x2020012
                +
00016f 3002     +CPI R16 , LOW ( 2 )
000170 e0e0     +LDI R30 , HIGH ( 2 )
000171 071e     +CPC R17 , R30
                 	__CPWRN 16,17,2
000172 f098      	BRLO _0x2020013
000173 01f8      	MOVW R30,R16
000174 9731      	SBIW R30,1
000175 018f      	MOVW R16,R30
                +
000176 81aa     +LDD R26 , Y + 2
000177 81bb     +LDD R27 , Y + 2 + 1
000178 9614     +ADIW R26 , 4
000179 93ed     +ST X + , R30
00017a 93fc     +ST X , R31
                 	__PUTW1SNS 2,4
                 _0x2020012:
00017b 81aa      	LDD  R26,Y+2
00017c 81bb      	LDD  R27,Y+2+1
00017d 9612      	ADIW R26,2
00017e 91ed      	LD   R30,X+
00017f 91fd      	LD   R31,X+
000180 9631      	ADIW R30,1
000181 93fe      	ST   -X,R31
000182 93ee      	ST   -X,R30
000183 9731      	SBIW R30,1
000184 81ac      	LDD  R26,Y+4
000185 83a0      	STD  Z+0,R26
                 _0x2020013:
000186 81aa      	LDD  R26,Y+2
000187 81bb      	LDD  R27,Y+2+1
000188 940e 036e 	CALL __GETW1P
00018a 23ff      	TST  R31
00018b f02a      	BRMI _0x2020014
00018c 91ed      	LD   R30,X+
00018d 91fd      	LD   R31,X+
00018e 9631      	ADIW R30,1
00018f 93fe      	ST   -X,R31
000190 93ee      	ST   -X,R30
                 _0x2020014:
000191 c006      	RJMP _0x2020015
                 _0x2020010:
000192 81aa      	LDD  R26,Y+2
000193 81bb      	LDD  R27,Y+2+1
000194 efef      	LDI  R30,LOW(65535)
000195 efff      	LDI  R31,HIGH(65535)
000196 93ed      	ST   X+,R30
000197 93fc      	ST   X,R31
                 _0x2020015:
000198 8119      	LDD  R17,Y+1
000199 8108      	LDD  R16,Y+0
00019a 9625      	ADIW R28,5
00019b 9508      	RET
                 ; .FEND
                 __print_G101:
                 ; .FSTART __print_G101
00019c 93ba      	ST   -Y,R27
00019d 93aa      	ST   -Y,R26
00019e 9726      	SBIW R28,6
00019f 940e 037b 	CALL __SAVELOCR6
0001a1 e010      	LDI  R17,0
0001a2 85ac      	LDD  R26,Y+12
0001a3 85bd      	LDD  R27,Y+12+1
0001a4 e0e0      	LDI  R30,LOW(0)
0001a5 e0f0      	LDI  R31,HIGH(0)
0001a6 93ed      	ST   X+,R30
0001a7 93fc      	ST   X,R31
                 _0x2020016:
0001a8 89ea      	LDD  R30,Y+18
0001a9 89fb      	LDD  R31,Y+18+1
0001aa 9631      	ADIW R30,1
0001ab 8bea      	STD  Y+18,R30
0001ac 8bfb      	STD  Y+18+1,R31
0001ad 9731      	SBIW R30,1
0001ae 91e4      	LPM  R30,Z
0001af 2f2e      	MOV  R18,R30
0001b0 30e0      	CPI  R30,0
0001b1 f409      	BRNE PC+2
0001b2 c115      	RJMP _0x2020018
0001b3 2fe1      	MOV  R30,R17
0001b4 30e0      	CPI  R30,0
0001b5 f439      	BRNE _0x202001C
0001b6 3225      	CPI  R18,37
0001b7 f411      	BRNE _0x202001D
0001b8 e011      	LDI  R17,LOW(1)
0001b9 c002      	RJMP _0x202001E
                 _0x202001D:
0001ba 940e 032b 	CALL SUBOPT_0x2
                 _0x202001E:
0001bc c10a      	RJMP _0x202001B
                 _0x202001C:
0001bd 30e1      	CPI  R30,LOW(0x1)
0001be f4a9      	BRNE _0x202001F
0001bf 3225      	CPI  R18,37
0001c0 f419      	BRNE _0x2020020
0001c1 940e 032b 	CALL SUBOPT_0x2
0001c3 c102      	RJMP _0x20200CC
                 _0x2020020:
0001c4 e012      	LDI  R17,LOW(2)
0001c5 e040      	LDI  R20,LOW(0)
0001c6 e000      	LDI  R16,LOW(0)
0001c7 322d      	CPI  R18,45
0001c8 f411      	BRNE _0x2020021
0001c9 e001      	LDI  R16,LOW(1)
0001ca c0fc      	RJMP _0x202001B
                 _0x2020021:
0001cb 322b      	CPI  R18,43
0001cc f411      	BRNE _0x2020022
0001cd e24b      	LDI  R20,LOW(43)
0001ce c0f8      	RJMP _0x202001B
                 _0x2020022:
0001cf 3220      	CPI  R18,32
0001d0 f411      	BRNE _0x2020023
0001d1 e240      	LDI  R20,LOW(32)
0001d2 c0f4      	RJMP _0x202001B
                 _0x2020023:
0001d3 c002      	RJMP _0x2020024
                 _0x202001F:
0001d4 30e2      	CPI  R30,LOW(0x2)
0001d5 f439      	BRNE _0x2020025
                 _0x2020024:
0001d6 e050      	LDI  R21,LOW(0)
0001d7 e013      	LDI  R17,LOW(3)
0001d8 3320      	CPI  R18,48
0001d9 f411      	BRNE _0x2020026
0001da 6800      	ORI  R16,LOW(128)
0001db c0eb      	RJMP _0x202001B
                 _0x2020026:
0001dc c003      	RJMP _0x2020027
                 _0x2020025:
0001dd 30e3      	CPI  R30,LOW(0x3)
0001de f009      	BREQ PC+2
0001df c0e7      	RJMP _0x202001B
                 _0x2020027:
0001e0 3320      	CPI  R18,48
0001e1 f010      	BRLO _0x202002A
0001e2 332a      	CPI  R18,58
0001e3 f008      	BRLO _0x202002B
                 _0x202002A:
0001e4 c007      	RJMP _0x2020029
                 _0x202002B:
0001e5 e0aa      	LDI  R26,LOW(10)
0001e6 9f5a      	MUL  R21,R26
0001e7 2d50      	MOV  R21,R0
0001e8 2fe2      	MOV  R30,R18
0001e9 53e0      	SUBI R30,LOW(48)
0001ea 0f5e      	ADD  R21,R30
0001eb c0db      	RJMP _0x202001B
                 _0x2020029:
0001ec 2fe2      	MOV  R30,R18
0001ed 36e3      	CPI  R30,LOW(0x63)
0001ee f449      	BRNE _0x202002F
0001ef 940e 0332 	CALL SUBOPT_0x3
0001f1 89e8      	LDD  R30,Y+16
0001f2 89f9      	LDD  R31,Y+16+1
0001f3 81a4      	LDD  R26,Z+4
0001f4 93aa      	ST   -Y,R26
0001f5 940e 0338 	CALL SUBOPT_0x4
0001f7 c0ce      	RJMP _0x2020030
                 _0x202002F:
0001f8 37e3      	CPI  R30,LOW(0x73)
0001f9 f441      	BRNE _0x2020032
0001fa 940e 0332 	CALL SUBOPT_0x3
0001fc 940e 033e 	CALL SUBOPT_0x5
0001fe 940e 0304 	CALL _strlen
000200 2f1e      	MOV  R17,R30
000201 c00a      	RJMP _0x2020033
                 _0x2020032:
000202 37e0      	CPI  R30,LOW(0x70)
000203 f461      	BRNE _0x2020035
000204 940e 0332 	CALL SUBOPT_0x3
000206 940e 033e 	CALL SUBOPT_0x5
000208 940e 0310 	CALL _strlenf
00020a 2f1e      	MOV  R17,R30
00020b 6008      	ORI  R16,LOW(8)
                 _0x2020033:
00020c 6002      	ORI  R16,LOW(2)
00020d 770f      	ANDI R16,LOW(127)
00020e e030      	LDI  R19,LOW(0)
00020f c034      	RJMP _0x2020036
                 _0x2020035:
000210 36e4      	CPI  R30,LOW(0x64)
000211 f011      	BREQ _0x2020039
000212 36e9      	CPI  R30,LOW(0x69)
000213 f411      	BRNE _0x202003A
                 _0x2020039:
000214 6004      	ORI  R16,LOW(4)
000215 c002      	RJMP _0x202003B
                 _0x202003A:
000216 37e5      	CPI  R30,LOW(0x75)
000217 f431      	BRNE _0x202003C
                 _0x202003B:
000218 e5e4      	LDI  R30,LOW(_tbl10_G101*2)
000219 e0f0      	LDI  R31,HIGH(_tbl10_G101*2)
00021a 83ee      	STD  Y+6,R30
00021b 83ff      	STD  Y+6+1,R31
00021c e015      	LDI  R17,LOW(5)
00021d c00c      	RJMP _0x202003D
                 _0x202003C:
00021e 35e8      	CPI  R30,LOW(0x58)
00021f f411      	BRNE _0x202003F
000220 6008      	ORI  R16,LOW(8)
000221 c003      	RJMP _0x2020040
                 _0x202003F:
000222 37e8      	CPI  R30,LOW(0x78)
000223 f009      	BREQ PC+2
000224 c0a1      	RJMP _0x2020071
                 _0x2020040:
000225 e5ee      	LDI  R30,LOW(_tbl16_G101*2)
000226 e0f0      	LDI  R31,HIGH(_tbl16_G101*2)
000227 83ee      	STD  Y+6,R30
000228 83ff      	STD  Y+6+1,R31
000229 e014      	LDI  R17,LOW(4)
                 _0x202003D:
00022a ff02      	SBRS R16,2
00022b c014      	RJMP _0x2020042
00022c 940e 0332 	CALL SUBOPT_0x3
00022e 940e 0348 	CALL SUBOPT_0x6
000230 85ab      	LDD  R26,Y+11
000231 23aa      	TST  R26
000232 f43a      	BRPL _0x2020043
000233 85ea      	LDD  R30,Y+10
000234 85fb      	LDD  R31,Y+10+1
000235 940e 0365 	CALL __ANEGW1
000237 87ea      	STD  Y+10,R30
000238 87fb      	STD  Y+10+1,R31
000239 e24d      	LDI  R20,LOW(45)
                 _0x2020043:
00023a 3040      	CPI  R20,0
00023b f011      	BREQ _0x2020044
00023c 5f1f      	SUBI R17,-LOW(1)
00023d c001      	RJMP _0x2020045
                 _0x2020044:
00023e 7f0b      	ANDI R16,LOW(251)
                 _0x2020045:
00023f c004      	RJMP _0x2020046
                 _0x2020042:
000240 940e 0332 	CALL SUBOPT_0x3
000242 940e 0348 	CALL SUBOPT_0x6
                 _0x2020046:
                 _0x2020036:
000244 fd00      	SBRC R16,0
000245 c011      	RJMP _0x2020047
                 _0x2020048:
000246 1715      	CP   R17,R21
000247 f478      	BRSH _0x202004A
000248 ff07      	SBRS R16,7
000249 c008      	RJMP _0x202004B
00024a ff02      	SBRS R16,2
00024b c004      	RJMP _0x202004C
00024c 7f0b      	ANDI R16,LOW(251)
00024d 2f24      	MOV  R18,R20
00024e 5011      	SUBI R17,LOW(1)
00024f c001      	RJMP _0x202004D
                 _0x202004C:
000250 e320      	LDI  R18,LOW(48)
                 _0x202004D:
000251 c001      	RJMP _0x202004E
                 _0x202004B:
000252 e220      	LDI  R18,LOW(32)
                 _0x202004E:
000253 940e 032b 	CALL SUBOPT_0x2
000255 5051      	SUBI R21,LOW(1)
000256 cfef      	RJMP _0x2020048
                 _0x202004A:
                 _0x2020047:
000257 2f31      	MOV  R19,R17
000258 ff01      	SBRS R16,1
000259 c017      	RJMP _0x202004F
                 _0x2020050:
00025a 3030      	CPI  R19,0
00025b f0a1      	BREQ _0x2020052
00025c ff03      	SBRS R16,3
00025d c006      	RJMP _0x2020053
00025e 81ee      	LDD  R30,Y+6
00025f 81ff      	LDD  R31,Y+6+1
000260 9125      	LPM  R18,Z+
000261 83ee      	STD  Y+6,R30
000262 83ff      	STD  Y+6+1,R31
000263 c005      	RJMP _0x2020054
                 _0x2020053:
000264 81ae      	LDD  R26,Y+6
000265 81bf      	LDD  R27,Y+6+1
000266 912d      	LD   R18,X+
000267 83ae      	STD  Y+6,R26
000268 83bf      	STD  Y+6+1,R27
                 _0x2020054:
000269 940e 032b 	CALL SUBOPT_0x2
00026b 3050      	CPI  R21,0
00026c f009      	BREQ _0x2020055
00026d 5051      	SUBI R21,LOW(1)
                 _0x2020055:
00026e 5031      	SUBI R19,LOW(1)
00026f cfea      	RJMP _0x2020050
                 _0x2020052:
000270 c04b      	RJMP _0x2020056
                 _0x202004F:
                 _0x2020058:
000271 e320      	LDI  R18,LOW(48)
000272 81ee      	LDD  R30,Y+6
000273 81ff      	LDD  R31,Y+6+1
000274 940e 0372 	CALL __GETW1PF
000276 87e8      	STD  Y+8,R30
000277 87f9      	STD  Y+8+1,R31
000278 81ee      	LDD  R30,Y+6
000279 81ff      	LDD  R31,Y+6+1
00027a 9632      	ADIW R30,2
00027b 83ee      	STD  Y+6,R30
00027c 83ff      	STD  Y+6+1,R31
                 _0x202005A:
00027d 85e8      	LDD  R30,Y+8
00027e 85f9      	LDD  R31,Y+8+1
00027f 85aa      	LDD  R26,Y+10
000280 85bb      	LDD  R27,Y+10+1
000281 17ae      	CP   R26,R30
000282 07bf      	CPC  R27,R31
000283 f050      	BRLO _0x202005C
000284 5f2f      	SUBI R18,-LOW(1)
000285 85a8      	LDD  R26,Y+8
000286 85b9      	LDD  R27,Y+8+1
000287 85ea      	LDD  R30,Y+10
000288 85fb      	LDD  R31,Y+10+1
000289 1bea      	SUB  R30,R26
00028a 0bfb      	SBC  R31,R27
00028b 87ea      	STD  Y+10,R30
00028c 87fb      	STD  Y+10+1,R31
00028d cfef      	RJMP _0x202005A
                 _0x202005C:
00028e 332a      	CPI  R18,58
00028f f028      	BRLO _0x202005D
000290 ff03      	SBRS R16,3
000291 c002      	RJMP _0x202005E
000292 5f29      	SUBI R18,-LOW(7)
000293 c001      	RJMP _0x202005F
                 _0x202005E:
000294 5d29      	SUBI R18,-LOW(39)
                 _0x202005F:
                 _0x202005D:
000295 fd04      	SBRC R16,4
000296 c01a      	RJMP _0x2020061
000297 3321      	CPI  R18,49
000298 f420      	BRSH _0x2020063
000299 85a8      	LDD  R26,Y+8
00029a 85b9      	LDD  R27,Y+8+1
00029b 9711      	SBIW R26,1
00029c f409      	BRNE _0x2020062
                 _0x2020063:
00029d c009      	RJMP _0x20200CD
                 _0x2020062:
00029e 1753      	CP   R21,R19
00029f f010      	BRLO _0x2020067
0002a0 ff00      	SBRS R16,0
0002a1 c001      	RJMP _0x2020068
                 _0x2020067:
0002a2 c013      	RJMP _0x2020066
                 _0x2020068:
0002a3 e220      	LDI  R18,LOW(32)
0002a4 ff07      	SBRS R16,7
0002a5 c00b      	RJMP _0x2020069
0002a6 e320      	LDI  R18,LOW(48)
                 _0x20200CD:
0002a7 6100      	ORI  R16,LOW(16)
0002a8 ff02      	SBRS R16,2
0002a9 c007      	RJMP _0x202006A
0002aa 7f0b      	ANDI R16,LOW(251)
0002ab 934a      	ST   -Y,R20
0002ac 940e 0338 	CALL SUBOPT_0x4
0002ae 3050      	CPI  R21,0
0002af f009      	BREQ _0x202006B
0002b0 5051      	SUBI R21,LOW(1)
                 _0x202006B:
                 _0x202006A:
                 _0x2020069:
                 _0x2020061:
0002b1 940e 032b 	CALL SUBOPT_0x2
0002b3 3050      	CPI  R21,0
0002b4 f009      	BREQ _0x202006C
0002b5 5051      	SUBI R21,LOW(1)
                 _0x202006C:
                 _0x2020066:
0002b6 5031      	SUBI R19,LOW(1)
0002b7 85a8      	LDD  R26,Y+8
0002b8 85b9      	LDD  R27,Y+8+1
0002b9 9712      	SBIW R26,2
0002ba f008      	BRLO _0x2020059
0002bb cfb5      	RJMP _0x2020058
                 _0x2020059:
                 _0x2020056:
0002bc ff00      	SBRS R16,0
0002bd c008      	RJMP _0x202006D
                 _0x202006E:
0002be 3050      	CPI  R21,0
0002bf f031      	BREQ _0x2020070
0002c0 5051      	SUBI R21,LOW(1)
0002c1 e2e0      	LDI  R30,LOW(32)
0002c2 93ea      	ST   -Y,R30
0002c3 940e 0338 	CALL SUBOPT_0x4
0002c5 cff8      	RJMP _0x202006E
                 _0x2020070:
                 _0x202006D:
                 _0x2020071:
                 _0x2020030:
                 _0x20200CC:
0002c6 e010      	LDI  R17,LOW(0)
                 _0x202001B:
0002c7 cee0      	RJMP _0x2020016
                 _0x2020018:
0002c8 85ac      	LDD  R26,Y+12
0002c9 85bd      	LDD  R27,Y+12+1
0002ca 940e 036e 	CALL __GETW1P
0002cc 940e 0382 	CALL __LOADLOCR6
0002ce 9664      	ADIW R28,20
0002cf 9508      	RET
                 ; .FEND
                 _sprintf:
                 ; .FSTART _sprintf
0002d0 92ff      	PUSH R15
0002d1 2ef8      	MOV  R15,R24
0002d2 9726      	SBIW R28,6
0002d3 940e 037d 	CALL __SAVELOCR4
0002d5 940e 0350 	CALL SUBOPT_0x7
0002d7 9730      	SBIW R30,0
0002d8 f419      	BRNE _0x2020072
0002d9 efef      	LDI  R30,LOW(65535)
0002da efff      	LDI  R31,HIGH(65535)
0002db c023      	RJMP _0x2080001
                 _0x2020072:
0002dc 01de      	MOVW R26,R28
0002dd 9616      	ADIW R26,6
0002de 940e 0361 	CALL __ADDW2R15
0002e0 018d      	MOVW R16,R26
0002e1 940e 0350 	CALL SUBOPT_0x7
0002e3 83ee      	STD  Y+6,R30
0002e4 83ff      	STD  Y+6+1,R31
0002e5 e0e0      	LDI  R30,LOW(0)
0002e6 87e8      	STD  Y+8,R30
0002e7 87e9      	STD  Y+8+1,R30
0002e8 01de      	MOVW R26,R28
0002e9 961a      	ADIW R26,10
0002ea 940e 0361 	CALL __ADDW2R15
0002ec 940e 036e 	CALL __GETW1P
0002ee 93fa      	ST   -Y,R31
0002ef 93ea      	ST   -Y,R30
0002f0 931a      	ST   -Y,R17
0002f1 930a      	ST   -Y,R16
0002f2 e5ec      	LDI  R30,LOW(_put_buff_G101)
0002f3 e0f1      	LDI  R31,HIGH(_put_buff_G101)
0002f4 93fa      	ST   -Y,R31
0002f5 93ea      	ST   -Y,R30
0002f6 01de      	MOVW R26,R28
0002f7 961a      	ADIW R26,10
0002f8 dea3      	RCALL __print_G101
0002f9 019f      	MOVW R18,R30
0002fa 81ae      	LDD  R26,Y+6
0002fb 81bf      	LDD  R27,Y+6+1
0002fc e0e0      	LDI  R30,LOW(0)
0002fd 93ec      	ST   X,R30
0002fe 01f9      	MOVW R30,R18
                 _0x2080001:
0002ff 940e 0384 	CALL __LOADLOCR4
000301 962a      	ADIW R28,10
000302 90ff      	POP  R15
000303 9508      	RET
                 ; .FEND
                 
                 	.CSEG
                 
                 	.CSEG
                 _strlen:
                 ; .FSTART _strlen
000304 93ba      	ST   -Y,R27
000305 93aa      	ST   -Y,R26
000306 91a9          ld   r26,y+
000307 91b9          ld   r27,y+
000308 27ee          clr  r30
000309 27ff          clr  r31
                 strlen0:
00030a 916d          ld   r22,x+
00030b 2366          tst  r22
00030c f011          breq strlen1
00030d 9631          adiw r30,1
00030e cffb          rjmp strlen0
                 strlen1:
00030f 9508          ret
                 ; .FEND
                 _strlenf:
                 ; .FSTART _strlenf
000310 93ba      	ST   -Y,R27
000311 93aa      	ST   -Y,R26
000312 27aa          clr  r26
000313 27bb          clr  r27
000314 91e9          ld   r30,y+
000315 91f9          ld   r31,y+
                 strlenf0:
000316 9005      	lpm  r0,z+
000317 2000          tst  r0
000318 f011          breq strlenf1
000319 9611          adiw r26,1
00031a cffb          rjmp strlenf0
                 strlenf1:
00031b 01fd          movw r30,r26
00031c 9508          ret
                 ; .FEND
                 
                 	.DSEG
                 __base_y_G100:
000261           	.BYTE 0x4
                 
                 	.CSEG
                 ;OPTIMIZER ADDED SUBROUTINE, CALLED 2 TIMES, CODE SIZE REDUCTION:1 WORDS
                 SUBOPT_0x0:
00031d 940e 00e3 	CALL __lcd_write_data
00031f e0a3      	LDI  R26,LOW(3)
000320 e0b0      	LDI  R27,0
000321 940c 0357 	JMP  _delay_ms
                 
                 ;OPTIMIZER ADDED SUBROUTINE, CALLED 3 TIMES, CODE SIZE REDUCTION:7 WORDS
                 SUBOPT_0x1:
000323 e3a0      	LDI  R26,LOW(48)
000324 940e 00cf 	CALL __lcd_write_nibble_G100
                +
000326 ec88     +LDI R24 , LOW ( 200 )
000327 e090     +LDI R25 , HIGH ( 200 )
                +__DELAY_USW_LOOP :
000328 9701     +SBIW R24 , 1
000329 f7f1     +BRNE __DELAY_USW_LOOP
                 	__DELAY_USW 200
00032a 9508      	RET
                 
                 ;OPTIMIZER ADDED SUBROUTINE, CALLED 5 TIMES, CODE SIZE REDUCTION:13 WORDS
                 SUBOPT_0x2:
00032b 932a      	ST   -Y,R18
00032c 85ad      	LDD  R26,Y+13
00032d 85be      	LDD  R27,Y+13+1
00032e 85ef      	LDD  R30,Y+15
00032f 89f8      	LDD  R31,Y+15+1
000330 9509      	ICALL
000331 9508      	RET
                 
                 ;OPTIMIZER ADDED SUBROUTINE, CALLED 5 TIMES, CODE SIZE REDUCTION:9 WORDS
                 SUBOPT_0x3:
000332 89e8      	LDD  R30,Y+16
000333 89f9      	LDD  R31,Y+16+1
000334 9734      	SBIW R30,4
000335 8be8      	STD  Y+16,R30
000336 8bf9      	STD  Y+16+1,R31
000337 9508      	RET
                 
                 ;OPTIMIZER ADDED SUBROUTINE, CALLED 3 TIMES, CODE SIZE REDUCTION:3 WORDS
                 SUBOPT_0x4:
000338 85ad      	LDD  R26,Y+13
000339 85be      	LDD  R27,Y+13+1
00033a 85ef      	LDD  R30,Y+15
00033b 89f8      	LDD  R31,Y+15+1
00033c 9509      	ICALL
00033d 9508      	RET
                 
                 ;OPTIMIZER ADDED SUBROUTINE, CALLED 2 TIMES, CODE SIZE REDUCTION:4 WORDS
                 SUBOPT_0x5:
00033e 89a8      	LDD  R26,Y+16
00033f 89b9      	LDD  R27,Y+16+1
000340 9614      	ADIW R26,4
000341 940e 036e 	CALL __GETW1P
000343 83ee      	STD  Y+6,R30
000344 83ff      	STD  Y+6+1,R31
000345 81ae      	LDD  R26,Y+6
000346 81bf      	LDD  R27,Y+6+1
000347 9508      	RET
                 
                 ;OPTIMIZER ADDED SUBROUTINE, CALLED 2 TIMES, CODE SIZE REDUCTION:2 WORDS
                 SUBOPT_0x6:
000348 89a8      	LDD  R26,Y+16
000349 89b9      	LDD  R27,Y+16+1
00034a 9614      	ADIW R26,4
00034b 940e 036e 	CALL __GETW1P
00034d 87ea      	STD  Y+10,R30
00034e 87fb      	STD  Y+10+1,R31
00034f 9508      	RET
                 
                 ;OPTIMIZER ADDED SUBROUTINE, CALLED 2 TIMES, CODE SIZE REDUCTION:1 WORDS
                 SUBOPT_0x7:
000350 01de      	MOVW R26,R28
000351 961c      	ADIW R26,12
000352 940e 0361 	CALL __ADDW2R15
000354 940e 036e 	CALL __GETW1P
000356 9508      	RET
                 
                 
                 	.CSEG
                 _delay_ms:
000357 9610      	adiw r26,0
000358 f039      	breq __delay_ms1
                 __delay_ms0:
                +
000359 ed80     +LDI R24 , LOW ( 0x7D0 )
00035a e097     +LDI R25 , HIGH ( 0x7D0 )
                +__DELAY_USW_LOOP :
00035b 9701     +SBIW R24 , 1
00035c f7f1     +BRNE __DELAY_USW_LOOP
                 	__DELAY_USW 0x7D0
00035d 95a8      	wdr
00035e 9711      	sbiw r26,1
00035f f7c9      	brne __delay_ms0
                 __delay_ms1:
000360 9508      	ret
                 
                 __ADDW2R15:
000361 2400      	CLR  R0
000362 0daf      	ADD  R26,R15
000363 1db0      	ADC  R27,R0
000364 9508      	RET
                 
                 __ANEGW1:
000365 95f1      	NEG  R31
000366 95e1      	NEG  R30
000367 40f0      	SBCI R31,0
000368 9508      	RET
                 
                 __CWD1:
000369 2f6f      	MOV  R22,R31
00036a 0f66      	ADD  R22,R22
00036b 0b66      	SBC  R22,R22
00036c 2f76      	MOV  R23,R22
00036d 9508      	RET
                 
                 __GETW1P:
00036e 91ed      	LD   R30,X+
00036f 91fc      	LD   R31,X
000370 9711      	SBIW R26,1
000371 9508      	RET
                 
                 __GETW1PF:
000372 9005      	LPM  R0,Z+
000373 91f4      	LPM  R31,Z
000374 2de0      	MOV  R30,R0
000375 9508      	RET
                 
                 __PUTPARD1:
000376 937a      	ST   -Y,R23
000377 936a      	ST   -Y,R22
000378 93fa      	ST   -Y,R31
000379 93ea      	ST   -Y,R30
00037a 9508      	RET
                 
                 __SAVELOCR6:
00037b 935a      	ST   -Y,R21
                 __SAVELOCR5:
00037c 934a      	ST   -Y,R20
                 __SAVELOCR4:
00037d 933a      	ST   -Y,R19
                 __SAVELOCR3:
00037e 932a      	ST   -Y,R18
                 __SAVELOCR2:
00037f 931a      	ST   -Y,R17
000380 930a      	ST   -Y,R16
000381 9508      	RET
                 
                 __LOADLOCR6:
000382 815d      	LDD  R21,Y+5
                 __LOADLOCR5:
000383 814c      	LDD  R20,Y+4
                 __LOADLOCR4:
000384 813b      	LDD  R19,Y+3
                 __LOADLOCR3:
000385 812a      	LDD  R18,Y+2
                 __LOADLOCR2:
000386 8119      	LDD  R17,Y+1
000387 8108      	LD   R16,Y
000388 9508      	RET
                 
                 ;END OF CODE MARKER
                 __END_OF_CODE:


RESOURCE USE INFORMATION
------------------------

Notice:
The register and instruction counts are symbol table hit counts,
and hence implicitly used resources are not counted, eg, the
'lpm' instruction without operands implicitly uses r0 and z,
none of which are counted.

x,y,z are separate entities in the symbol table and are
counted separately from r26..r31 here.

.dseg memory usage only counts static data declared with .byte

ATmega32 register use summary:
r0 :  13 r1 :   3 r2 :   0 r3 :   0 r4 :   3 r5 :   0 r6 :   4 r7 :   4 
r8 :   0 r9 :   2 r10:   0 r11:   0 r12:   0 r13:   0 r14:   0 r15:   6 
r16:  39 r17:  28 r18:  29 r19:   8 r20:   9 r21:  17 r22:  13 r23:   4 
r24:  25 r25:   7 r26:  98 r27:  38 r28:  14 r29:   1 r30: 186 r31:  60 
x  :  23 y  : 199 z  :  15 
Registers used: 26 out of 35 (74.3%)

ATmega32 instruction use summary:
.lds  :   0 .lds.l:   0 .sts  :   0 .sts.l:   0 adc   :   1 add   :   4 
adiw  :  25 and   :   0 andi  :   6 asr   :   0 bclr  :   0 bld   :   0 
brbc  :   0 brbs  :   0 brcc  :   0 brcs  :   0 break :   0 breq  :  17 
brge  :   0 brhc  :   0 brhs  :   0 brid  :   0 brie  :   0 brlo  :   8 
brlt  :   0 brmi  :   1 brne  :  30 brpl  :   1 brsh  :   2 brtc  :   0 
brts  :   0 brvc  :   0 brvs  :   0 bset  :   0 bst   :   0 call  :  49 
cbi   :   5 cbr   :   0 clc   :   0 clh   :   0 cli   :   1 cln   :   0 
clr   :   7 cls   :   0 clt   :   0 clv   :   0 clz   :   0 com   :   0 
cp    :   4 cpc   :   2 cpi   :  33 cpse  :   0 dec   :   5 des   :   0 
eor   :   0 fmul  :   0 fmuls :   0 fmulsu:   0 icall :   2 ijmp  :   0 
in    :   5 inc   :   2 jmp   :  23 ld    :  42 ldd   :  77 ldi   :  91 
lds   :   0 lpm   :  14 lsl   :   0 lsr   :   0 mov   :  19 movw  :  18 
mul   :   1 muls  :   0 mulsu :   0 neg   :   2 nop   :   0 or    :   1 
ori   :   8 out   :  26 pop   :   1 push  :   1 rcall :  17 ret   :  25 
reti  :   3 rjmp  :  59 rol   :   0 ror   :   0 sbc   :   2 sbci  :   2 
sbi   :   5 sbic  :   0 sbis  :   0 sbiw  :  19 sbr   :   0 sbrc  :   2 
sbrs  :  10 sec   :   0 seh   :   0 sei   :   1 sen   :   0 ser   :   0 
ses   :   0 set   :   0 sev   :   0 sez   :   0 sleep :   0 spm   :   0 
st    :  75 std   :  31 sts   :   2 sub   :   1 subi  :  16 swap  :   1 
tst   :   4 wdr   :   1 
Instructions used: 54 out of 116 (46.6%)

ATmega32 memory use summary [bytes]:
Segment   Begin    End      Code   Data   Used    Size   Use%
---------------------------------------------------------------
[.cseg] 0x000000 0x000712   1764     46   1810   32768   5.5%
[.dseg] 0x000060 0x000265      0      5      5    2048   0.2%
[.eseg] 0x000000 0x000000      0      0      0    1024   0.0%

Assembly complete, 0 errors, 5 warnings
